[*] Frida v6 — Full BF State Dump — 2026-03-29T21:40:57.799Z
[*] Hooked BF_cfb64_encrypt
[*] All hooks ready! Login now.

[HS] Handshake called
[HS] Returned: 0
[HS] Handshake called

[BF] New context: 0x173ae5a0 P[0]=0xdb298a75
[BF] *** HANDSHAKE KEY CONTEXT ***

[OBJ] ===== CIPHER OBJECT at ECX=0x216cc0c =====
           0  1  2  3  4  5  6  7  8  9  A  B  C  D  E  F  0123456789ABCDEF
0216cc0c  38 7d 1b 2f 00 00 00 00 00 00 00 00 01 00 00 00  8}./............
0216cc1c  00 00 00 00 00 00 00 00 00 00 00 00 00 52 33 58  .............R3X
0216cc2c  78 39 37 72 61 35 69 38 44 36 75 5a 7a 00 00 00  x97ra5i8D6uZz...
0216cc3c  00 00 00 00 00 00 00 00 00 00 00 00 00 00 00 00  ................
0216cc4c  00 00 00 00 00 00 00 00 00 00 00 00 00 00 00 00  ................
0216cc5c  00 00 00 00 00 00 00 00 00 00 00 00 00 00 00 00  ................
0216cc6c  00 00 00 00 00 00 00 00 00 00 00 00 00 00 00 00  ................
0216cc7c  00 00 00 00 00 00 00 00 00 00 00 00 00 00 00 00  ................
0216cc8c  00 00 00 00 00 00 00 00 00 00 00 00 00 00 00 00  ................
0216cc9c  00 00 00 00 00 00 00 00 00 00 00 00 00 00 00 00  ................
0216ccac  00 00 00 00 00 00 00 00 00 00 00 00 00 00 00 00  ................
0216ccbc  00 00 00 00 00 00 00 00 00 00 00 00 00 00 00 00  ................
0216cccc  00 00 00 00 0c 00 00 00 00 00 00 00 f6 d2 bc 8e  ................
0216ccdc  ba ce d8 f2 4e 6a d4 86 f2 26 b0 2a 46 02 ec fe  ....Nj...&.*F...
0216ccec  8a fe 88 e2 de 9a 04 f6 c2 d6 60 1a d6 b2 1c 6e  ..........`....n
0216ccfc  9a ae b8 d2 2e ca b4 66 d2 86 10 0a 26 e2 4c de  .......f....&.L.
0216cd0c  6a 5e 68 c2 be 7a e4 d6 a2 b6 c0 fa b6 12 fc 4e  j^h..z.........N
0216cd1c  7a 0e 18 b2 0e aa 14 46 b2 66 f0 ea 06 42 2c be  z......F.f...B,.
0216cd2c  4a 3e c8 a2 9e da 44 b6 82 16 a0 da 96 f2 5c 2e  J>....D.......\.
0216cd3c  5a ee f8 92 ee 0a f4 26 92 c6 50 ca e6 22 8c 9e  Z......&..P.."..
0216cd4c  2a 9e a8 82 7e ba 24 96 62 f6 00 ba 76 52 3c 0e  *...~.$.b...vR<.
0216cd5c  3a 4e 58 72 ce ea 54 06 72 a6 30 aa c6 82 6c 7e  :NXr..T.r.0...l~
0216cd6c  0a 7e 08 62 5e 1a 84 76 42 56 e0 9a 56 32 9c ee  .~.b^..vBV..V2..
0216cd7c  1a 2e 38 52 ae 4a 34 e6 52 06 90 8a a6 62 cc 5e  ..8R.J4.R....b.^
0216cd8c  ea de e8 42 3e fa 64 56 22 36 40 7a 36 92 7c ce  ...B>.dV"6@z6.|.
0216cd9c  fa 8e 98 32 8e 2a 94 c6 32 e6 70 6a 86 c2 ac 3e  ...2.*..2.pj...>
0216cdac  ca be 48 22 1e 5a c4 36 02 96 20 5a 16 72 dc ae  ..H".Z.6.. Z.r..
0216cdbc  da 6e 78 12 6e 8a 74 a6 12 46 d0 4a 66 a2 0c 1e  .nx.n.t..F.Jf...
0216cdcc  aa 1e 28 02 fe 3a a4 16 e2 76 80 3a db 17 0d 0c  ..(..:...v.:....
0216cddc  67 b3 e1 88 a3 9f 05 54 af bb 99 50 6b 67 3d 9c  g......T...Pkg=.
0216cdec  f7 83 11 18 33 ef 35 a4 3f 8b 89 a0 fb 77 2d ec  ....3.5.?....w-.
0216cdfc  07 93 01 68 43 ff 25 34 4f 9b b9 30 0b 47 5d 7c  ...hC.%4O..0.G]|
0216ce0c  97 e3 31 f8 d3 cf 55 84 df eb a9 80 9b 57 4d cc  ..1...U......WM.
0216ce1c  27 f3 21 48 63 df 45 14 6f fb d9 10 2b a7 7d 5c  '.!Hc.E.o...+.}\
0216ce2c  b7 c3 51 d8 f3 2f 75 64 ff cb c9 60 bb b7 6d ac  ..Q../ud...`..m.
0216ce3c  c7 d3 41 28 03 3f 65 f4 0f db f9 f0 cb 87 9d 3c  ..A(.?e........<
0216ce4c  57 23 71 b8 93 0f 95 44 9f 2b e9 40 5b 97 8d 8c  W#q....D.+.@[...
0216ce5c  e7 33 61 08 23 1f 85 d4 2f 3b 19 d0 eb e7 bd 1c  .3a.#.../;......
0216ce6c  77 03 91 98 b3 6f b5 24 bf 0b 09 20 7b f7 ad 6c  w....o.$... {..l
0216ce7c  87 13 81 e8 c3 7f a5 b4 cf 1b 39 b0 8b c7 dd fc  ..........9.....
0216ce8c  17 63 b1 78 53 4f d5 04 5f 6b 29 00 1b d7 cd 4c  .c.xSO.._k)....L
0216ce9c  a7 73 a1 c8 e3 5f c5 94 ef 7b 59 90 ab 27 fd dc  .s..._...{Y..'..
0216ceac  37 43 d1 58 73 af f5 e4 7f 4b 49 e0 3b 37 ed 2c  7C.Xs....KI.;7.,
0216cebc  47 53 c1 a8 83 bf e5 74 8f 5b 79 70 4b 07 1d bc  GS.....t.[ypK...
0216cecc  d7 a3 f1 38 13 8f 15 c4 1f ab 69 c0 00 00 00 00  ...8......i.....
0216cedc  00 00 00 00 9d 90 83 8a d1 8c e7 f6 25 28 eb 82  ............%(..
0216ceec  99 64 8f 2e 2d 40 d3 fa e1 bc b7 e6 b5 d8 3b f2  .d..-@........;.
0216cefc  a9 94 5f 1e bd f0 23 6a f1 ec 87 d6 45 88 8b 62  .._...#j....E..b
0216cf0c  b9 c4 2f 0e 4d a0 73 da 01 1c 57 c6 d5 38 db d2  ../.M.s...W..8..
0216cf1c  c9 f4 ff fe dd 50 c3 4a 11 4c 27 b6 65 e8 2b 42  .....P.J.L'.e.+B
0216cf2c  d9 24 cf ee 6d 00 13 ba 21 7c f7 a6 f5 98 7b b2  .$..m...!|....{.
0216cf3c  e9 54 9f de fd b0 63 2a 31 ac c7 96 85 48 cb 22  .T....c*1....H."
0216cf4c  f9 84 6f ce 8d 60 b3 9a 41 dc 97 86 15 f8 1b 92  ..o..`..A.......
0216cf5c  09 b4 3f be 1d 10 03 0a 51 0c 67 76 a5 a8 6b 02  ..?.....Q.gv..k.
0216cf6c  19 e4 0f ae ad c0 53 7a 61 3c 37 66 35 58 bb 72  ......Sza<7f5X.r
0216cf7c  29 14 df 9e 3d 70 a3 ea 71 6c 07 56 c5 08 0b e2  )...=p..ql.V....
0216cf8c  39 44 af 8e cd 20 f3 5a 81 9c d7 46 55 b8 5b 52  9D... .Z...FU.[R
0216cf9c  49 74 7f 7e 5d d0 43 ca 91 cc a7 36 e5 68 ab c2  It.~].C....6.h..
0216cfac  59 a4 4f 6e ed 80 93 3a a1 fc 77 26 75 18 fb 32  Y.On...:..w&u..2
0216cfbc  69 d4 1f 5e 7d 30 e3 aa b1 2c 47 16 05 c8 4b a2  i..^}0...,G...K.
0216cfcc  79 04 ef 4e 0d e0 33 1a c1 5c 17 06 95 78 9b 12  y..N..3..\...x..
0216cfdc  89 34 bf 3e 62 4f e8 15 de eb 04 91 1a c7 e0 4d  .4.>bO.........M
0216cfec  16 e3 7c 49 d2 3f d8 85 4e db f4 01 8a b7 d0 bd  ..|I.?..N.......
0216cffc  86 d3 6c b9 42 2f c8 f5 be cb e4 71 fa a7 c0 2d  ..l.B/.....q...-
0216d00c  f6 c3 5c 29 b2 1f b8 65 2e bb d4 e1 6a 97 b0 9d  ..\)...e....j...
0216d01c  66 b3 4c 99 22 0f a8 d5 9e ab c4 51 da 87 a0 0d  f.L."......Q....
0216d02c  d6 a3 3c 09 92 ff 98 45 0e 9b b4 c1 4a 77 90 7d  ..<....E....Jw.}
0216d03c  46 93 2c 79 02 ef 88 b5 7e 8b a4 31 ba 67 80 ed  F.,y....~..1.g..
0216d04c  b6 83 1c e9 72 df 78 25 ee 7b 94 a1 2a 57 70 5d  ....r.x%.{..*Wp]
0216d05c  26 73 0c 59 e2 cf 68 95 5e 6b 84 11 9a 47 60 cd  &s.Y..h.^k...G`.
0216d06c  96 63 fc c9 52 bf 58 05 ce 5b 74 81 0a 37 50 3d  .c..R.X..[t..7P=
0216d07c  06 53 ec 39 c2 af 48 75 3e 4b 64 f1 7a 27 40 ad  .S.9..Hu>Kd.z'@.
0216d08c  76 43 dc a9 32 9f 38 e5 ae 3b 54 61 ea 17 30 1d  vC..2.8..;Ta..0.
0216d09c  e6 33 cc 19 a2 8f 28 55 1e 2b 44 d1 5a 07 20 8d  .3....(U.+D.Z. .
0216d0ac  56 23 bc 89 12 7f 18 c5 8e 1b 34 41 ca f7 10 fd  V#........4A....
0216d0bc  c6 13 ac f9 82 6f 08 35 fe 0b 24 b1 3a e7 00 6d  .....o.5..$.:..m
0216d0cc  36 03 9c 69 f2 5f f8 a5 6e fb 14 21 aa d7 f0 dd  6..i._..n..!....
0216d0dc  a6 f3 8c d9 c2 56 70 e0 ac b5 00 08 a0 d5 6b 01  .....Vp.......k.
0216d0ec  00 b6 19 02 00 00 00 00 00 00 00 00 00 00 00 00  ................
0216d0fc  00 00 00 00 0f 00 00 00 00 00 00 00 00 00 00 00  ................
0216d10c  00 00 00 00 00 00 00 00 00 00 00 00 00 00 00 00  ................
0216d11c  00 00 00 00 00 00 00 00 00 00 00 00 00 00 00 00  ................
0216d12c  00 00 00 00 00 00 00 00 00 00 00 00 00 00 00 00  ................
0216d13c  00 00 00 00 00 00 00 00 00 00 00 00 00 00 00 00  ................
0216d14c  00 00 00 00 00 00 00 00 00 00 00 00 00 00 00 00  ................
0216d15c  00 00 00 00 00 00 00 00 00 00 00 00 00 00 00 00  ................
0216d16c  00 00 00 00 00 00 00 00 00 00 00 00 00 00 00 00  ................
0216d17c  00 00 00 00 00 00 00 00 00 00 00 00 00 00 00 00  ................
0216d18c  00 00 00 00 00 00 00 00 00 00 00 00 00 00 00 00  ................
0216d19c  00 00 00 00 00 00 00 00 00 00 00 00 00 00 00 00  ................
0216d1ac  00 00 00 00 00 00 00 00 00 00 00 00 00 00 00 00  ................
0216d1bc  00 00 00 00 00 00 00 00 00 00 00 00 00 00 00 00  ................
0216d1cc  00 00 00 00 68 44 16 02 00 00 00 00 00 00 00 00  ....hD..........
0216d1dc  68 44 16 02 68 44 16 02 00 00 00 00 00 00 00 00  hD..hD..........
0216d1ec  00 00 00 00 00 00 00 00 00 00 00 00 00 00 00 00  ................
0216d1fc  00 00 00 00 c3 56 70 e1 96 b1 00 08 e0 6c ae 13  .....Vp......l..
0216d20c  b8 02 46 12 90 99 b0 18 01 01 da 00 46 40 da 00  ..F.........F@..
0216d21c  78 40 da 00 99 40 da 00 53 41 da 00 64 41 da 00  x@...@..SA..dA..
0216d22c  75 41 da 00 b7 41 da 00 c8 41 da 00 e9 41 da 00  uA...A...A...A..
0216d23c  0a 42 da 00 96 41 da 00 3b 42 da 00 d3 80 de 00  .B...A..;B......
0216d24c  54 81 de 00 75 81 de 00 35 82 de 00 76 82 de 00  T...u...5...v...
0216d25c  87 82 de 00 a8 82 de 00 1b 83 de 00 6d 83 de 00  ............m...
0216d26c  b7 81 de 00 96 81 de 00 c9 82 de 00 ea 82 de 00  ................
0216d27c  f4 80 de 00 3c 83 de 00 49 c1 e2 00 6a c1 e2 00  ....<...I...j...
0216d28c  42 c2 e2 00 8b c1 e2 00 9c c1 e2 00 bd c1 e2 00  B...............
0216d29c  ce c1 e2 00 ff c1 e2 00 20 c2 e2 00 31 c2 e2 00  ........ ...1...
0216d2ac  63 c2 e2 00 74 c2 e2 00 85 c2 e2 00 a6 c2 e2 00  c...t...........
0216d2bc  c7 c2 e2 00 7d b4 e6 00 9e b4 e6 00 af b4 e6 00  ....}...........
0216d2cc  21 b5 e6 00 32 b5 e6 00 53 b5 e6 00 94 b5 e6 00  !...2...S.......
0216d2dc  c5 b5 e6 00 e6 b5 e6 00 46 b6 e6 00 57 b6 e6 00  ........F...W...
0216d2ec  78 b6 e6 00 89 b6 e6 00 e0 b4 e6 00 d3 13 eb 00  x...............
0216d2fc  04 14 eb 00 fc 14 eb 00 1d 15 eb 00 2e 15 eb 00  ................
0216d30c  80 15 eb 00 91 15 eb 00 b2 15 eb 00 d3 15 eb 00  ................
0216d31c  f4 15 eb 00 05 16 eb 00 16 16 eb 00 a6 56 70 84  .............Vp.
0216d32c  97 b1 00 0c 1f 00 c0 00 1e 00 00 80 26 00 80 00  ............&...
0216d33c  86 40 40 00 c0 00 80 00 01 81 00 00 a4 80 80 01  .@@.............
0216d34c  c1 c0 00 00 01 01 01 00 41 c1 00 00 e8 c0 0a 80  ........A.......
0216d35c  cc 41 41 00 4b 02 80 01 81 82 01 00 c1 c2 01 00  .AA.K...........
0216d36c  00 03 00 03 dd 02 83 05 01 03 02 00 6b 42 80 01  ............kB..
0216d37c  e4 81 80 01 06 42 40 00 40 02 80 00 81 42 02 00  .....B@.@....B..
0216d38c  24 82 80 01 46 42 40 00 80 02 80 00 c1 82 02 00  $...FB@.........
0216d39c  64 82 80 01 86 42 40 00 c0 02 80 00 01 c3 02 00  d....B@.........
0216d3ac  a4 82 80 01 e2 01 00 00 1e 00 05 80 c1 02 03 00  ................
0216d3bc  07 83 01 04 0e 03 03 01 21 00 03 86 1e 40 00 80  ........!....@..
0216d3cc  c7 82 01 04 1e 40 00 80 07 83 01 04 ce 02 03 01  .....@..........
0216d3dc  0c 43 c3 03 87 83 01 04 92 83 83 04 8f c3 02 07  .C..............
0216d3ec  24 43 80 01 0c 83 c3 03 87 83 01 04 92 83 83 04  $C..............
0216d3fc  8f c3 02 07 8e 83 83 04 8d 83 03 05 24 43 80 01  ............$C..

[OBJ] --- ASCII STRINGS IN CIPHER OBJECT ---
[OBJ] +29: "R3Xx97ra5i8D6uZz" (16)
[OBJ] +336: ":NXr" (4)
[OBJ] +390: "dV"6@z6" (7)
[OBJ] +475: "Pkg=" (4)
[OBJ] +575: "<W#q" (4)
[OBJ] +697: "[ypK" (4)
[OBJ] +870: "Sza<7f5X" (8)
[OBJ] +910: "[RIt" (4)
[OBJ] +1100: "*Wp]&s" (6)
[OBJ] +1142: "Hu>Kd" (5)

[OBJ] --- POINTER CHASE (first 64 dwords) ---

[OBJ2] ===== OBJECT at EDI=0x216aff8 =====
           0  1  2  3  4  5  6  7  8  9  A  B  C  D  E  F  0123456789ABCDEF
0216aff8  78 c0 6d 01 90 0e 00 00 00 00 00 00 00 00 00 00  x.m.............
0216b008  00 00 00 00 00 00 00 00 00 00 00 00 00 00 00 00  ................
0216b018  00 00 00 00 00 00 00 00 00 00 00 00 00 00 00 00  ................
0216b028  00 00 00 00 00 00 00 00 00 00 00 00 00 00 00 00  ................
0216b038  00 00 00 00 00 00 00 00 00 00 00 00 00 00 00 00  ................
0216b048  00 00 00 00 00 00 00 00 00 00 00 00 00 00 00 00  ................
0216b058  00 00 00 00 00 00 00 00 00 00 00 00 00 00 00 00  ................
0216b068  00 00 00 00 00 00 00 00 00 00 00 00 00 00 00 00  ................
0216b078  00 00 00 00 00 00 00 00 00 00 00 00 00 00 00 00  ................
0216b088  00 00 00 00 00 00 00 00 00 00 00 00 00 00 00 00  ................
0216b098  00 00 00 00 00 00 00 00 00 00 00 00 00 00 00 00  ................
0216b0a8  00 00 00 00 00 00 00 00 00 00 00 00 00 00 00 00  ................
0216b0b8  00 00 00 00 00 00 00 00 00 00 00 00 00 00 00 00  ................
0216b0c8  00 00 00 00 00 00 00 00 00 00 00 00 00 00 00 00  ................
0216b0d8  00 00 00 00 00 00 00 00 00 00 00 00 00 00 00 00  ................
0216b0e8  00 00 00 00 00 00 00 00 00 00 00 00 00 00 00 00  ................
0216b0f8  00 00 00 00 00 00 00 00 00 00 00 00 00 00 00 00  ................
0216b108  00 00 00 00 00 00 00 00 00 00 00 00 00 00 00 00  ................
0216b118  00 00 00 00 00 00 00 00 00 00 00 00 00 00 00 00  ................
0216b128  00 00 00 00 00 00 00 00 00 00 00 00 00 00 00 00  ................
0216b138  00 00 00 00 00 00 00 00 00 00 00 00 00 00 00 00  ................
0216b148  00 00 00 00 00 00 00 00 00 00 00 00 00 00 00 00  ................
0216b158  00 00 00 00 00 00 00 00 00 00 00 00 00 00 00 00  ................
0216b168  00 00 00 00 00 00 00 00 00 00 00 00 00 00 00 00  ................
0216b178  00 00 00 00 00 00 00 00 00 00 00 00 00 00 00 00  ................
0216b188  00 00 00 00 00 00 00 00 00 00 00 00 00 00 00 00  ................
0216b198  00 00 00 00 00 00 00 00 00 00 00 00 00 00 00 00  ................
0216b1a8  00 00 00 00 00 00 00 00 00 00 00 00 00 00 00 00  ................
0216b1b8  00 00 00 00 00 00 00 00 00 00 00 00 00 00 00 00  ................
0216b1c8  00 00 00 00 00 00 00 00 00 00 00 00 00 00 00 00  ................
0216b1d8  00 00 00 00 00 00 00 00 00 00 00 00 00 00 00 00  ................
0216b1e8  00 00 00 00 00 00 00 00 00 00 00 00 00 00 00 00  ................
0216b1f8  00 00 00 00 00 00 00 00 00 00 00 00 00 00 00 00  ................
0216b208  00 00 00 00 00 00 00 00 00 00 00 00 00 00 00 00  ................
0216b218  00 00 00 00 00 00 00 00 00 00 00 00 00 00 00 00  ................
0216b228  00 00 00 00 00 00 00 00 00 00 00 00 00 00 00 00  ................
0216b238  00 00 00 00 00 00 00 00 00 00 00 00 00 00 00 00  ................
0216b248  00 00 00 00 00 00 00 00 00 00 00 00 00 00 00 00  ................
0216b258  00 00 00 00 00 00 00 00 00 00 00 00 00 00 00 00  ................
0216b268  00 00 00 00 00 00 00 00 00 00 00 00 00 00 00 00  ................
0216b278  00 00 00 00 00 00 00 00 00 00 00 00 00 00 00 00  ................
0216b288  00 00 00 00 00 00 00 00 00 00 00 00 00 00 00 00  ................
0216b298  00 00 00 00 00 00 00 00 00 00 00 00 00 00 00 00  ................
0216b2a8  00 00 00 00 00 00 00 00 00 00 00 00 00 00 00 00  ................
0216b2b8  00 00 00 00 00 00 00 00 00 00 00 00 00 00 00 00  ................
0216b2c8  00 00 00 00 00 00 00 00 00 00 00 00 00 00 00 00  ................
0216b2d8  00 00 00 00 00 00 00 00 00 00 00 00 00 00 00 00  ................
0216b2e8  00 00 00 00 00 00 00 00 00 00 00 00 00 00 00 00  ................
0216b2f8  00 00 00 00 00 00 00 00 00 00 00 00 00 00 00 00  ................
0216b308  00 00 00 00 00 00 00 00 00 00 00 00 00 00 00 00  ................
0216b318  00 00 00 00 00 00 00 00 00 00 00 00 00 00 00 00  ................
0216b328  00 00 00 00 00 00 00 00 00 00 00 00 00 00 00 00  ................
0216b338  00 00 00 00 00 00 00 00 00 00 00 00 00 00 00 00  ................
0216b348  00 00 00 00 00 00 00 00 00 00 00 00 00 00 00 00  ................
0216b358  00 00 00 00 00 00 00 00 00 00 00 00 00 00 00 00  ................
0216b368  00 00 00 00 00 00 00 00 00 00 00 00 00 00 00 00  ................
0216b378  00 00 00 00 00 00 00 00 00 00 00 00 00 00 00 00  ................
0216b388  00 00 00 00 00 00 00 00 00 00 00 00 00 00 00 00  ................
0216b398  00 00 00 00 00 00 00 00 00 00 00 00 00 00 00 00  ................
0216b3a8  00 00 00 00 00 00 00 00 00 00 00 00 00 00 00 00  ................
0216b3b8  00 00 00 00 00 00 00 00 00 00 00 00 00 00 00 00  ................
0216b3c8  00 00 00 00 00 00 00 00 00 00 00 00 00 00 00 00  ................
0216b3d8  00 00 00 00 00 00 00 00 00 00 00 00 00 00 00 00  ................
0216b3e8  00 00 00 00 00 00 00 00 00 00 00 00 00 00 00 00  ................

[STATE] ===== FULL BF STATE =====
[STATE] P-array (18 entries, 8-byte stride):
[STATE] P[0] = 0xdb298a75
[STATE] P[1] = 0x3c83ff0c
[STATE] P[2] = 0x0dec4548
[STATE] P[3] = 0xf8c273e0
[STATE] P[4] = 0x38a99512
[STATE] P[5] = 0xfc7fcfc8
[STATE] P[6] = 0x4e110080
[STATE] P[7] = 0xf8c13f63
[STATE] P[8] = 0x8523e092
[STATE] P[9] = 0x8f496087
[STATE] P[10] = 0x9fbc973b
[STATE] P[11] = 0x22969a7b
[STATE] P[12] = 0xb892fffa
[STATE] P[13] = 0xf6d19ec7
[STATE] P[14] = 0xf6c53add
[STATE] P[15] = 0x5a66f96e
[STATE] P[16] = 0x00000000
[STATE] P[17] = 0x00000000

[STATE] Raw BF_KEY dump (5120 bytes from start):
           0  1  2  3  4  5  6  7  8  9  A  B  C  D  E  F  0123456789ABCDEF
173ae5a0  75 8a 29 db 1d 00 00 00 0c ff 83 3c 02 00 00 00  u.)........<....
173ae5b0  48 45 ec 0d 02 00 00 00 e0 73 c2 f8 0b 00 00 00  HE.......s......
173ae5c0  12 95 a9 38 00 00 00 00 c8 cf 7f fc 01 00 00 00  ...8............
173ae5d0  80 00 11 4e 14 00 00 00 63 3f c1 f8 10 00 00 00  ...N....c?......
173ae5e0  92 e0 23 85 12 00 00 00 87 60 49 8f 12 00 00 00  ..#......`I.....
173ae5f0  3b 97 bc 9f 14 00 00 00 7b 9a 96 22 09 00 00 00  ;.......{.."....
173ae600  fa ff 92 b8 01 00 00 00 c7 9e d1 f6 18 00 00 00  ................
173ae610  dd 3a c5 f6 02 00 00 00 6e f9 66 5a 04 00 00 00  .:......n.fZ....
173ae620  00 00 00 00 00 00 00 00 00 00 00 00 00 00 00 00  ................
173ae630  00 00 00 00 00 00 00 00 00 00 00 00 00 00 00 00  ................
173ae640  00 00 00 00 00 00 00 00 00 00 00 00 00 00 00 00  ................
173ae650  00 00 00 00 00 00 00 00 00 00 00 00 00 00 00 00  ................
173ae660  00 00 00 00 00 00 00 00 00 00 00 00 00 00 00 00  ................
173ae670  00 00 00 00 00 00 00 00 00 00 00 00 00 00 00 00  ................
173ae680  00 00 00 00 00 00 00 00 00 00 00 00 00 00 00 00  ................
173ae690  00 00 00 00 00 00 00 00 00 00 00 00 00 00 00 00  ................
173ae6a0  00 00 00 00 00 00 00 00 00 00 00 00 00 00 00 00  ................
173ae6b0  00 00 00 00 00 00 00 00 00 00 00 00 00 00 00 00  ................
173ae6c0  00 00 00 00 00 00 00 00 00 00 00 00 00 00 00 00  ................
173ae6d0  00 00 00 00 00 00 00 00 00 00 00 00 00 00 00 00  ................
173ae6e0  00 00 00 00 00 00 00 00 00 00 00 00 00 00 00 00  ................
173ae6f0  00 00 00 00 00 00 00 00 00 00 00 00 00 00 00 00  ................
173ae700  00 00 00 00 00 00 00 00 00 00 00 00 00 00 00 00  ................
173ae710  00 00 00 00 00 00 00 00 00 00 00 00 00 00 00 00  ................
173ae720  00 00 00 00 00 00 00 00 00 00 00 00 00 00 00 00  ................
173ae730  00 00 00 00 00 00 00 00 00 00 00 00 00 00 00 00  ................
173ae740  00 00 00 00 00 00 00 00 00 00 00 00 00 00 00 00  ................
173ae750  00 00 00 00 00 00 00 00 00 00 00 00 00 00 00 00  ................
173ae760  00 00 00 00 00 00 00 00 00 00 00 00 00 00 00 00  ................
173ae770  00 00 00 00 00 00 00 00 00 00 00 00 00 00 00 00  ................
173ae780  00 00 00 00 00 00 00 00 00 00 00 00 00 00 00 00  ................
173ae790  00 00 00 00 00 00 00 00 00 00 00 00 00 00 00 00  ................
173ae7a0  00 00 00 00 00 00 00 00 00 00 00 00 00 00 00 00  ................
173ae7b0  00 00 00 00 00 00 00 00 00 00 00 00 00 00 00 00  ................
173ae7c0  00 00 00 00 00 00 00 00 00 00 00 00 00 00 00 00  ................
173ae7d0  00 00 00 00 00 00 00 00 00 00 00 00 00 00 00 00  ................
173ae7e0  00 00 00 00 00 00 00 00 00 00 00 00 00 00 00 00  ................
173ae7f0  00 00 00 00 00 00 00 00 00 00 00 00 00 00 00 00  ................
173ae800  00 00 00 00 00 00 00 00 00 00 00 00 00 00 00 00  ................
173ae810  00 00 00 00 00 00 00 00 00 00 00 00 00 00 00 00  ................
173ae820  00 00 00 00 00 00 00 00 00 00 00 00 00 00 00 00  ................
173ae830  00 00 00 00 00 00 00 00 00 00 00 00 00 00 00 00  ................
173ae840  00 00 00 00 00 00 00 00 00 00 00 00 00 00 00 00  ................
173ae850  00 00 00 00 00 00 00 00 00 00 00 00 00 00 00 00  ................
173ae860  00 00 00 00 00 00 00 00 00 00 00 00 00 00 00 00  ................
173ae870  00 00 00 00 00 00 00 00 00 00 00 00 00 00 00 00  ................
173ae880  00 00 00 00 00 00 00 00 00 00 00 00 00 00 00 00  ................
173ae890  00 00 00 00 00 00 00 00 00 00 00 00 00 00 00 00  ................
173ae8a0  00 00 00 00 00 00 00 00 00 00 00 00 00 00 00 00  ................
173ae8b0  00 00 00 00 00 00 00 00 00 00 00 00 00 00 00 00  ................
173ae8c0  00 00 00 00 00 00 00 00 00 00 00 00 00 00 00 00  ................
173ae8d0  00 00 00 00 00 00 00 00 00 00 00 00 00 00 00 00  ................
173ae8e0  00 00 00 00 00 00 00 00 00 00 00 00 00 00 00 00  ................
173ae8f0  00 00 00 00 00 00 00 00 00 00 00 00 00 00 00 00  ................
173ae900  00 00 00 00 00 00 00 00 00 00 00 00 00 00 00 00  ................
173ae910  00 00 00 00 00 00 00 00 00 00 00 00 00 00 00 00  ................
173ae920  00 00 00 00 00 00 00 00 00 00 00 00 00 00 00 00  ................
173ae930  00 00 00 00 00 00 00 00 00 00 00 00 00 00 00 00  ................
173ae940  00 00 00 00 00 00 00 00 00 00 00 00 00 00 00 00  ................
173ae950  00 00 00 00 00 00 00 00 00 00 00 00 00 00 00 00  ................
173ae960  00 00 00 00 00 00 00 00 00 00 00 00 00 00 00 00  ................
173ae970  00 00 00 00 00 00 00 00 00 00 00 00 00 00 00 00  ................
173ae980  00 00 00 00 00 00 00 00 00 00 00 00 00 00 00 00  ................
173ae990  00 00 00 00 00 00 00 00 00 00 00 00 00 00 00 00  ................
173ae9a0  00 00 00 00 00 00 00 00 00 00 00 00 00 00 00 00  ................
173ae9b0  00 00 00 00 00 00 00 00 00 00 00 00 00 00 00 00  ................
173ae9c0  00 00 00 00 00 00 00 00 00 00 00 00 00 00 00 00  ................
173ae9d0  00 00 00 00 00 00 00 00 00 00 00 00 00 00 00 00  ................
173ae9e0  00 00 00 00 00 00 00 00 00 00 00 00 00 00 00 00  ................
173ae9f0  00 00 00 00 00 00 00 00 00 00 00 00 00 00 00 00  ................
173aea00  00 00 00 00 00 00 00 00 00 00 00 00 00 00 00 00  ................
173aea10  00 00 00 00 00 00 00 00 00 00 00 00 00 00 00 00  ................
173aea20  00 00 00 00 00 00 00 00 00 00 00 00 00 00 00 00  ................
173aea30  00 00 00 00 00 00 00 00 00 00 00 00 00 00 00 00  ................
173aea40  00 00 00 00 00 00 00 00 00 00 00 00 00 00 00 00  ................
173aea50  00 00 00 00 00 00 00 00 00 00 00 00 00 00 00 00  ................
173aea60  00 00 00 00 00 00 00 00 00 00 00 00 00 00 00 00  ................
173aea70  00 00 00 00 00 00 00 00 00 00 00 00 00 00 00 00  ................
173aea80  00 00 00 00 00 00 00 00 00 00 00 00 00 00 00 00  ................
173aea90  00 00 00 00 00 00 00 00 00 00 00 00 00 00 00 00  ................
173aeaa0  00 00 00 00 00 00 00 00 00 00 00 00 00 00 00 00  ................
173aeab0  00 00 00 00 00 00 00 00 00 00 00 00 dc ea 3a 17  ..............:.
173aeac0  78 0e 35 77 03 00 00 00 50 0e 35 77 b8 78 23 2f  x.5w....P.5w.x#/
173aead0  00 00 00 00 00 00 00 00 00 00 00 00 08 eb 3a 17  ..............:.
173aeae0  28 a6 35 77 fc ea 3a 17 00 eb 3a 17 04 00 00 00  (.5w..:...:.....
173aeaf0  00 a6 35 77 b8 78 23 2f 18 eb 3a 17 88 31 0e 02  ..5w.x#/..:..1..
173aeb00  98 2e aa 15 00 00 00 00 68 eb 3a 17 9c 91 a5 77  ........h.:....w
173aeb10  05 d5 c0 74 b0 0e 00 00 01 00 00 00 00 00 00 00  ...t............
173aeb20  b8 78 23 2f 10 ec 3a 17 00 00 00 00 00 00 00 00  .x#/..:.........
173aeb30  00 00 00 00 00 00 00 00 00 00 00 00 00 00 00 00  ................
173aeb40  00 00 00 00 00 00 00 00 90 0e 00 00 cf 41 c1 74  .............A.t
173aeb50  00 00 00 00 b0 0e 00 00 60 79 fe ff ff ff ff ff  ........`y......
173aeb60  00 00 00 00 00 00 00 00 70 ec 3a 17 f3 41 c1 74  ........p.:..A.t
173aeb70  01 00 00 00 59 42 c1 74 bf 80 8d 50 20 cf da 0f  ....YB.t...P ...
173aeb80  80 3d c1 74 90 0e 00 00 00 00 00 00 1c 00 00 00  .=.t............
173aeb90  1c 00 00 00 c4 eb 3a 17 3d 79 a4 77 c0 eb 3a 17  ......:.=y.w..:.
173aeba0  00 00 00 00 1c 00 00 00 00 00 00 00 00 00 00 00  ................
173aebb0  01 00 00 00 00 00 00 00 30 ed 3a 17 00 00 00 00  ........0.:.....
173aebc0  28 ed 3a 17 d8 eb 3a 17 ec ec 3a 17 2d 00 00 00  (.:...:...:.-...
173aebd0  70 f0 3a 17 00 00 00 00 2c ec 3a 17 01 00 00 00  p.:.....,.:.....
173aebe0  2d 00 00 00 01 00 00 00 01 00 00 00 00 00 00 00  -...............
173aebf0  00 00 00 00 f7 42 a6 77 6c f0 3a 17 30 ed 3a 17  .....B.wl.:.0.:.
173aec00  6c 00 00 00 10 ec 3a 17 90 0e 00 00 01 00 00 00  l.....:.........
173aec10  a0 1c e9 ff ff ff ff ff 01 00 00 00 00 00 00 00  ................
173aec20  90 0e 00 00 01 00 00 00 00 00 00 00 01 00 00 00  ................
173aec30  00 00 00 00 28 f1 3a 17 ff ff ff ff 20 00 00 00  ....(.:..... ...
173aec40  1b 00 00 00 28 f1 3a 17 90 f0 3a 17 01 00 00 00  ....(.:...:.....
173aec50  00 00 00 00 bf 80 8d 50 78 eb 3a 17 20 00 00 00  .......Px.:. ...
173aec60  f8 ec 3a 17 20 e2 c0 74 f7 73 74 33 fe ff ff ff  ..:. ..t.st3....
173aec70  08 ed 3a 17 ae a5 35 77 91 0e 00 00 30 ed 3a 17  ..:...5w....0.:.
173aec80  00 00 00 00 00 00 00 00 28 ed 3a 17 ec ec 3a 17  ........(.:...:.
173aec90  03 f4 a9 20 f8 af 16 02 f8 af 16 02 00 00 00 00  ... ............
173aeca0  00 00 00 00 00 00 00 00 00 00 00 00 88 31 0e 02  .............1..
173aecb0  98 2e aa 15 00 00 00 00 00 00 00 00 00 00 00 00  ................
173aecc0  00 00 00 00 00 00 00 00 00 00 00 00 01 00 00 00  ................
173aecd0  90 0e 00 00 00 00 00 00 00 00 00 00 00 00 00 00  ................
173aece0  00 00 00 00 00 00 00 00 00 00 00 00 00 00 00 00  ................
173aecf0  90 ec 3a 17 00 00 00 00 6c fe 3a 17 00 bf 35 77  ..:.....l.:...5w
173aed00  f3 ee a4 40 fe ff ff ff 38 ee 3a 17 53 6e 13 01  ...@....8.:.Sn..
173aed10  91 0e 00 00 30 ed 3a 17 00 00 00 00 00 00 00 00  ....0.:.........
173aed20  28 ed 3a 17 5e 6e 13 01 00 00 00 00 f0 49 02 00  (.:.^n.......I..
173aed30  01 00 00 00 90 0e 00 00 01 00 00 00 00 00 00 00  ................
173aed40  1c 00 01 00 01 00 00 00 a3 de a6 77 6c ed 3a 17  ...........wl.:.
173aed50  81 79 a4 77 c0 68 b1 77 cc 91 a5 77 8a f8 c1 74  .y.w.h.w...w...t
173aed60  90 0e 00 00 b0 0e 00 00 00 00 00 00 00 00 00 00  ................
173aed70  a8 ed 3a 17 17 20 01 00 98 ed 3a 17 10 00 00 00  ..:.. ....:.....
173aed80  00 00 00 00 00 00 00 00 23 81 8d 50 20 cf da 0f  ........#..P ...
173aed90  90 f6 c1 74 00 00 00 00 20 ee 3a 17 01 00 00 00  ...t.... .:.....
173aeda0  00 00 00 00 20 00 00 00 00 00 00 00 5b 01 00 00  .... .......[...
173aedb0  24 f2 3a 17 00 00 00 00 00 00 00 00 b8 78 23 2f  $.:..........x#/
173aedc0  b0 0e 00 00 00 00 00 00 a8 ed 3a 17 00 00 00 00  ..........:.....
173aedd0  f4 ed 3a 17 88 ed 3a 17 6c 00 00 00 6c fe 3a 17  ..:...:.l...l.:.
173aede0  20 e2 c0 74 cf 4b 74 33 fe ff ff ff 34 ee 3a 17   ..t.Kt3....4.:.
173aedf0  14 64 35 77 90 0e 00 00 20 ee 3a 17 01 00 00 00  .d5w.... .:.....
173aee00  28 ee 3a 17 48 ee 3a 17 00 00 00 00 00 00 00 00  (.:.H.:.........
173aee10  a0 2e aa 15 30 ee 3a 17 f8 af 16 02 00 08 00 00  ....0.:.........
173aee20  00 08 00 00 00 00 00 00 00 00 00 00 b4 e3 25 0c  ..............%.
173aee30  6c fe 3a 17 d9 1e 4a 01 ff ff ff ff 78 fe 3a 17  l.:...J.....x.:.
173aee40  33 ec fe 00 68 f6 3a 17 5b 01 00 00 f0 f3 25 0c  3...h.:.[.....%.
173aee50  f8 af 16 02 e8 7a 23 2f 08 ff 3a 17 08 ff 3a 17  .....z#/..:...:.
173aee60  02 00 00 00 d4 f5 3a 17 b4 f0 3a 17 00 00 00 00  ......:...:.....
173aee70  bc f0 3a 17 ff ff ff ff 01 00 00 00 00 00 00 00  ..:.............
173aee80  02 00 00 00 f4 f5 3a 17 02 00 00 00 fc f5 3a 17  ......:.......:.
173aee90  00 00 00 00 00 00 00 00 00 00 00 00 00 00 00 00  ................
173aeea0  00 00 00 00 00 00 00 00 00 00 00 00 00 00 00 00  ................
173aeeb0  00 00 00 00 00 00 00 00 00 00 00 00 00 00 00 00  ................
173aeec0  00 00 00 00 00 00 00 00 00 00 00 00 00 00 00 00  ................
173aeed0  00 00 00 00 00 00 00 00 00 00 00 00 00 00 00 00  ................
173aeee0  00 00 00 00 00 00 00 00 00 00 00 00 00 00 00 00  ................
173aeef0  00 00 00 00 00 00 00 00 00 00 00 00 00 00 00 00  ................
173aef00  00 00 00 00 00 00 00 00 00 00 00 00 00 00 00 00  ................
173aef10  00 00 00 00 00 00 00 00 00 00 00 00 00 00 00 00  ................
173aef20  00 00 00 00 00 00 00 00 00 00 00 00 00 00 00 00  ................
173aef30  00 00 00 00 00 00 00 00 00 00 00 00 00 00 00 00  ................
173aef40  00 00 00 00 00 00 00 00 00 00 00 00 00 00 00 00  ................
173aef50  00 00 00 00 00 00 00 00 fc ef 3a 17 00 08 00 00  ..........:.....
173aef60  00 00 00 00 00 00 00 00 00 00 00 00 01 00 00 00  ................
173aef70  a3 de a6 77 94 ef 3a 17 f1 5e a4 77 c0 68 b1 77  ...w..:..^.w.h.w
173aef80  40 f2 3a 17 06 00 00 00 b4 ef 3a 17 cc ef 3a 17  @.:.......:...:.
173aef90  02 00 00 00 b8 ef 3a 17 83 65 a6 77 40 f2 3a 17  ......:..e.w@.:.
173aefa0  06 00 00 00 a2 3d d9 5a 00 f6 6f 2d d0 90 2d 2d  .....=.Z..o-..--
173aefb0  ff ff ff ff 01 00 00 00 00 f6 6f 2d 58 f0 3a 17  ..........o-X.:.
173aefc0  d0 90 2d 2d 00 00 08 00 00 00 08 00 16 7c d7 5a  ..--.........|.Z
173aefd0  00 f6 6f 2d b8 6d 84 2d 00 00 0b 00 d0 90 2d 2d  ..o-.m.-......--
173aefe0  00 00 08 00 e7 54 da 5a 00 f6 6f 2d d0 90 2d 2d  .....T.Z..o-..--
173aeff0  00 00 08 00 01 00 00 00 c0 f1 3a 17 00 f6 6f 2d  ..........:...o-
173af000  f0 80 82 2d 00 f6 6f 2d 1c f2 3a 17 d0 90 2d 2d  ...-..o-..:...--
173af010  38 6c 84 2d 00 00 08 00 c0 f1 3a 17 00 f6 6f 2d  8l.-......:...o-
173af020  f0 80 82 2d 00 f6 6f 2d 3c f2 3a 17 01 00 00 00  ...-..o-<.:.....
173af030  00 00 00 00 00 00 08 00 e0 f1 3a 17 00 00 00 00  ..........:.....
173af040  b1 0e cf b1 f0 80 82 2d 00 00 04 00 01 00 00 00  .......-........
173af050  c0 f1 3a 17 00 f6 6f 2d 74 f1 3a 17 b0 6c 84 2d  ..:...o-t.:..l.-
173af060  08 00 e9 0f 14 00 00 00 40 6a 84 2d b0 6c 84 2d  ........@j.-.l.-
173af070  00 00 00 00 00 00 00 00 b9 b1 c0 5a 08 00 e9 0f  ...........Z....
173af080  08 00 00 00 b0 6c 84 2d 40 6a 84 2d 14 00 00 00  .....l.-@j.-....
173af090  00 f6 6f 2d 18 00 00 00 04 f1 3a 17 00 e4 83 2d  ..o-......:....-
173af0a0  ae a4 c0 5a 08 00 e9 0f 20 00 00 00 18 00 00 00  ...Z.... .......
173af0b0  c1 43 c1 5a 40 6a 84 2d 18 00 00 00 77 8e d9 5a  .C.Z@j.-....w..Z
173af0c0  00 f6 6f 2d 90 4a 84 2d 00 00 0b 00 00 f6 6f 2d  ..o-.J.-......o-
173af0d0  8c f1 3a 17 00 00 0b 00 04 f1 3a 17 00 e4 83 2d  ..:.......:....-
173af0e0  03 00 00 00 00 e4 83 2d 2e ea d9 5a f0 48 84 2d  .......-...Z.H.-
173af0f0  08 00 e9 0f 44 00 00 00 90 4d 84 2d f0 48 84 2d  ....D....M.-.H.-
173af100  00 00 00 00 00 00 00 00 b9 b1 c0 5a 08 00 e9 0f  ...........Z....
173af110  00 02 00 00 f0 48 84 2d 90 4d 84 2d 44 00 00 00  .....H.-.M.-D...
173af120  00 f6 6f 2d 5b 00 00 00 98 f1 3a 17 3e 00 00 00  ..o-[.....:.>...
173af130  ae a4 c0 5a 08 00 e9 0f 60 00 00 00 5b 00 00 00  ...Z....`...[...
173af140  c1 43 c1 5a 90 4d 84 2d 5b 00 00 00 44 51 db 5a  .C.Z.M.-[...DQ.Z
173af150  00 81 82 2d 00 00 00 00 30 00 00 00 00 f6 6f 2d  ...-....0.....o-
173af160  00 f6 6f 2d 90 f5 2d 2d 60 f3 3a 17 ac f1 3a 17  ..o-..--`.:...:.
173af170  90 f5 2d 2d f0 80 82 2d f0 80 82 2d fe 97 c0 5a  ..--...-...-...Z
173af180  02 d4 db 5a 68 d4 db 5a 00 f6 6f 2d 00 00 00 00  ...Zh..Z..o-....
173af190  30 00 00 00 00 f6 6f 2d 68 7b 38 21 68 7b 38 21  0.....o-h{8!h{8!
173af1a0  f0 80 82 2d 90 f5 2d 2d 00 00 00 00 68 7b 38 21  ...-..--....h{8!
173af1b0  7c f2 3a 17 56 62 d9 5a 00 f6 6f 2d 68 7b 38 21  |.:.Vb.Z..o-h{8!
173af1c0  00 00 00 00 00 00 01 00 00 40 00 00 00 e4 83 2d  .........@.....-
173af1d0  00 e4 83 2d 00 00 00 00 03 00 00 00 f0 80 82 2d  ...-...........-
173af1e0  f0 80 82 2d fe 97 c0 5a f0 80 82 2d 00 e4 83 2d  ...-...Z...-...-
173af1f0  00 00 00 00 18 e4 83 2d f0 80 82 2d 00 00 08 00  .......-...-....
173af200  58 4a 84 2d 44 f2 3a 17 50 65 6f 2d f0 80 82 2d  XJ.-D.:.Peo-...-
173af210  f0 80 82 2d fe 97 c0 5a 08 00 e9 0f 00 04 00 00  ...-...Z........
173af220  68 7b 38 21 68 7b 38 21 00 00 00 00 00 00 00 00  h{8!h{8!........
173af230  f0 80 82 2d f0 80 82 2d fe 97 c0 5a f0 80 82 2d  ...-...-...Z...-
173af240  68 7b 38 21 00 00 00 00 80 7b 38 21 f0 80 82 2d  h{8!.....{8!...-
173af250  f0 80 82 2d fe 97 c0 5a 08 00 e9 0f 00 02 00 00  ...-...Z........
173af260  8c 7c d9 5a 00 f6 6f 2d f0 48 84 2d 00 00 0b 00  .|.Z..o-.H.-....
173af270  00 00 0b 00 f0 48 84 2d b4 f2 3a 17 60 26 ca 5b  .....H.-..:.`&.[
173af280  08 49 84 2d c0 4d 81 5b 1f fb cf 5a 50 00 00 00  .I.-.M.[...ZP...
173af290  a0 a4 d0 5a 60 26 ca 5b 88 95 d0 5a 10 16 91 2d  ...Z`&.[...Z...-
173af2a0  b0 f3 3a 17 08 49 84 2d c0 4d 81 5b 9c f3 3a 17  ..:..I.-.M.[..:.
173af2b0  60 26 ca 5b 50 92 e9 0f c8 00 00 00 1f fb cf 5a  `&.[P..........Z
173af2c0  50 00 00 00 a0 a4 d0 5a 60 26 ca 5b 88 95 d0 5a  P......Z`&.[...Z
173af2d0  18 16 91 2d 00 00 00 00 50 92 e9 0f c8 00 00 00  ...-....P.......
173af2e0  00 00 00 00 08 16 91 2d 10 16 91 2d 4b 0c d1 5a  .......-...-K..Z
173af2f0  0c 00 00 00 50 92 e9 0f f7 2b d0 5a 00 00 00 00  ....P....+.Z....
173af300  60 26 ca 5b 00 00 04 00 08 00 00 00 1f fb cf 5a  `&.[...........Z
173af310  50 00 00 00 a0 a4 d0 5a 60 26 ca 5b 08 00 00 00  P......Z`&.[....
173af320  d9 97 d0 5a 00 00 00 00 00 00 04 00 60 26 ca 5b  ...Z........`&.[
173af330  08 00 00 00 04 00 00 00 00 00 00 00 08 16 91 2d  ...............-
173af340  10 ed 2d 2d a6 96 d0 5a 30 b1 cb 5b 00 00 00 00  ..--...Z0..[....
173af350  00 00 00 00 00 00 00 00 10 ed 2d 2d 00 f6 6f 2d  ..........--..o-
173af360  08 16 91 2d 08 1a 91 2d 00 00 00 00 e5 94 cb 5a  ...-...-.......Z
173af370  00 00 00 00 10 ed 2d 2d 9a 98 c2 5a 10 ed 2d 2d  ......--...Z..--
173af380  00 f6 6f 2d 08 49 84 2d 00 00 00 00 00 00 04 00  ..o-.I.-........
173af390  dc f3 3a 17 c0 f1 6f 2d 00 f6 6f 2d c3 11 c2 5a  ..:...o-..o-...Z
173af3a0  b0 f3 3a 17 02 00 00 00 00 f6 6f 2d 00 00 00 00  ..:.......o-....
173af3b0  00 f6 6f 2d 02 00 00 00 b8 f5 3a 17 c0 f1 6f 2d  ..o-......:...o-
173af3c0  00 00 00 00 00 00 00 00 00 00 00 00 00 00 00 00  ................
173af3d0  00 00 00 00 08 49 84 2d 00 00 00 00 54 f4 3a 17  .....I.-....T.:.
173af3e0  e7 54 da 5a 00 f6 6f 2d 00 00 00 00 00 00 04 00  .T.Z..o-........
173af3f0  02 00 00 00 b8 f5 3a 17 00 f6 6f 2d f0 80 82 2d  ......:...o-...-
173af400  50 7b 58 2d e4 f5 3a 17 00 00 00 00 18 4f 84 2d  P{X-..:......O.-
173af410  00 00 08 00 b8 f5 3a 17 08 00 00 00 88 d7 82 2d  ......:........-
173af420  50 f4 83 2d 14 00 00 00 02 00 00 00 00 00 00 00  P..-............
173af430  03 00 00 00 b0 64 84 2d 00 00 00 00 00 f6 6f 2d  .....d.-......o-
173af440  f0 80 82 2d 00 00 04 00 00 00 00 00 b8 f5 3a 17  ...-..........:.
173af450  00 f6 6f 2d 70 f5 3a 17 cc 8e d8 5a 00 f6 6f 00  ..o-p.:....Z..o.
173af460  18 4f 84 2d 00 00 08 00 00 00 00 00 00 00 04 00  .O.-............
173af470  02 00 00 00 37 11 c2 5a 00 00 00 00 c8 f5 3a 17  ....7..Z......:.
173af480  00 f6 6f 2d a0 64 84 2d f0 80 82 2d 59 23 99 d3  ..o-.d.-...-Y#..
173af490  6c 4a 84 2d 60 26 ca 5b 90 4b 84 2d 1c f5 3a 17  lJ.-`&.[.K.-..:.
173af4a0  1f fb cf 5a 50 00 00 00 a0 a4 d0 5a 60 26 ca 5b  ...ZP......Z`&.[
173af4b0  88 95 d0 5a 20 16 91 2d cc f4 3a 17 a0 1d 7b 5b  ...Z ..-..:...{[
173af4c0  d0 57 6c 2c 16 00 00 00 e4 f4 3a 17 02 ae 7a 5b  .Wl,......:...z[
173af4d0  03 00 00 00 a8 00 00 00 b7 03 a9 e6 30 f5 3a 17  ............0.:.
173af4e0  16 b4 7a 5b 00 f5 3a 17 03 00 00 00 ae 60 84 2c  ..z[..:......`.,
173af4f0  16 00 00 00 03 00 00 00 00 00 00 00 ff ff ff ff  ................
173af500  fe ff ff ff 00 00 00 00 2c f5 3a 17 cb 45 a7 77  ........,.:..E.w
173af510  a8 d6 64 2c 09 33 a3 77 03 00 00 00 00 00 00 00  ..d,.3.w........
173af520  16 00 00 00 16 00 00 00 98 60 84 2c 38 f5 3a 17  .........`.,8.:.
173af530  50 3e 79 5b a8 d6 64 2c 7c f5 3a 17 a9 b2 7a 5b  P>y[..d,|.:...z[
173af540  03 00 00 00 8b b2 7a 5b 17 02 a9 e6 16 00 00 00  ......z[........
173af550  dc 57 6c 2c 98 60 84 2c a8 00 00 00 00 00 00 00  .Wl,.`.,........
173af560  16 00 00 00 48 f5 3a 17 20 82 78 5b 0c f6 3a 17  ....H.:. .x[..:.
173af570  20 82 78 5b cb a8 5a aa fe ff ff ff a4 f5 3a 17   .x[..Z.......:.
173af580  01 11 79 5b 03 00 00 00 98 60 84 2c 16 00 00 00  ..y[.....`.,....
173af590  bc f5 3a 17 d0 57 6c 2c d0 57 6c 2c 00 00 00 00  ..:..Wl,.Wl,....
173af5a0  b8 50 84 2d e4 f5 3a 17 fe ff ff ff 60 26 ca 5b  .P.-..:.....`&.[
173af5b0  00 00 04 00 08 00 00 00 1f fb cf 5a 50 00 00 00  ...........ZP...
173af5c0  a0 a4 d0 5a 60 26 ca 5b 08 00 00 00 d9 97 d0 5a  ...Z`&.[.......Z
173af5d0  00 00 00 00 00 00 04 00 7c f6 3a 17 54 f6 3a 17  ........|.:.T.:.
173af5e0  7c f6 3a 17 54 f6 3a 17 7c f6 3a 17 00 00 00 00  |.:.T.:.|.:.....
173af5f0  08 00 00 00 e0 e3 d0 5a 08 00 00 00 08 16 91 2d  .......Z.......-
173af600  04 00 00 00 fc e3 d0 5a 00 00 00 00 00 00 00 00  .......Z........
173af610  61 da d0 5a 00 00 00 00 77 98 c2 5a 00 00 00 00  a..Z....w..Z....
173af620  61 da d0 5a 00 00 00 00 b5 1d d1 5a 00 00 00 00  a..Z.......Z....
173af630  f4 9c c0 5a 00 00 00 00 00 00 04 00 7c f6 3a 17  ...Z........|.:.
173af640  b8 50 84 2d 00 f6 6f 2d 81 54 c3 5a 54 f6 3a 17  .P.-..o-.T.ZT.:.
173af650  00 f6 6f 2d 00 f6 6f 2d 00 00 00 00 50 f8 3a 17  ..o-..o-....P.:.
173af660  c0 f1 6f 2d 00 00 00 00 6d 75 60 54 2b c3 92 a8  ..o-....mu`T+...
173af670  b8 a7 02 88 3b ab 6b 37 e3 c1 43 11 39 49 77 de  ....;.k7..C.9Iw.
173af680  0f 68 6c 42 0c 64 f0 4f 2f 35 2e 41 84 f2 f5 2d  .hlB.d.O/5.A...-
173af690  8f 5a 06 d9 f4 e5 cd 95 a6 15 8b db e7 43 b1 c4  .Z...........C..
173af6a0  b3 87 ce ac 17 e2 c1 3a 5e 16 b5 67 50 5b 2d 1b  .......:^..gP[-.
173af6b0  ad fe c8 fe 38 d6 04 a8 69 d2 ea 71 cb a6 30 d5  ....8...i..q..0.
173af6c0  df 7b fa e7 a8 f4 f7 f8 4c b9 0f ab 3c 2b c5 9f  .{......L...<+..
173af6d0  0a 26 84 96 55 25 f0 32 18 3b 9c b1 f7 da 35 f3  .&..U%.2.;....5.
173af6e0  9d 3b 18 c1 1d 0f a0 60 1d a8 51 1d a4 b9 f8 38  .;.....`..Q....8
173af6f0  b9 56 87 5c 4d 2d 10 19 d5 c0 47 50 87 f7 ca 72  .V.\M-....GP...r
173af700  9c 7f 2f 9e c4 28 fb 7e b7 21 87 14 ea a3 d2 9b  ../..(.~.!......
173af710  6a b9 c2 14 22 c0 5c e6 3d 31 5b bf a5 89 66 2f  j...".\.=1[...f/
173af720  8d 92 74 41 a0 a4 68 8c 2b f0 8e 0a 58 23 9b 83  ..tA..h.+...X#..
173af730  d4 35 41 1b 6f d7 06 de 7a f1 b3 d2 d5 24 d6 c7  .5A.o...z....$..
173af740  12 3b 21 1d e2 47 bb de 6f cf aa b1 64 6c a3 3d  .;!..G..o...dl.=
173af750  86 53 09 e2 bb 2e 34 72 fd af 31 7b d4 e9 c5 61  .S....4r..1{...a
173af760  6e ee f5 c1 35 1c 96 e1 1f 53 78 98 1a 32 5e 1c  n...5....Sx..2^.
173af770  58 98 55 e7 c5 50 b7 5c 94 80 09 d2 2e 6e 2a 07  X.U..P.\.....n*.
173af780  56 5e f9 f1 ff 43 57 60 da ed a2 60 18 18 c7 fb  V^...CW`...`....
173af790  da df d6 05 83 8c 9d 9d 43 72 0b 48 12 cb 96 4f  ........Cr.H...O
173af7a0  2e a4 46 19 0b 76 5c bf ea 9a a2 a2 a3 a9 87 95  ..F..v\.........
173af7b0  de 3e 9d d4 64 cf b5 f3 90 37 3f 3c ce 60 2b c8  .>..d....7?<.`+.
173af7c0  5d 9f 38 00 00 00 00 00 00 00 00 00 00 00 00 00  ].8.............
173af7d0  00 00 00 00 00 00 00 00 00 00 00 00 00 00 00 00  ................
173af7e0  00 00 00 00 00 00 00 00 00 00 00 00 00 00 00 00  ................
173af7f0  00 00 00 00 00 00 00 00 00 00 00 00 00 00 00 00  ................
173af800  00 00 00 00 00 00 00 00 00 00 00 00 00 00 00 00  ................
173af810  00 00 00 00 00 00 00 00 00 00 00 00 00 00 00 00  ................
173af820  00 00 00 00 00 00 00 00 00 00 00 00 00 00 00 00  ................
173af830  00 00 00 00 00 00 00 00 00 00 00 00 00 00 00 00  ................
173af840  00 00 00 00 00 00 00 00 00 00 00 00 00 00 00 00  ................
173af850  00 00 00 00 00 00 00 00 00 00 00 00 00 00 00 00  ................
173af860  00 00 00 00 00 00 00 00 00 00 00 00 00 00 00 00  ................
173af870  00 00 00 00 00 00 00 00 00 00 00 00 00 00 00 00  ................
173af880  00 00 00 00 00 00 00 00 00 00 00 00 00 00 00 00  ................
173af890  00 00 00 00 00 00 00 00 00 00 00 00 00 00 00 00  ................
173af8a0  00 00 00 00 00 00 00 00 00 00 00 00 00 00 00 00  ................
173af8b0  00 00 00 00 00 00 00 00 00 00 00 00 00 00 00 00  ................
173af8c0  00 00 00 00 00 00 00 00 00 00 00 00 00 00 00 00  ................
173af8d0  00 00 00 00 00 00 00 00 00 00 00 00 00 00 00 00  ................
173af8e0  00 00 00 00 00 00 00 00 00 00 00 00 00 00 00 00  ................
173af8f0  00 00 00 00 00 00 00 00 00 00 00 00 00 00 00 00  ................
173af900  00 00 00 00 00 00 00 00 00 00 00 00 00 00 00 00  ................
173af910  00 00 00 00 00 00 00 00 00 00 00 00 00 00 00 00  ................
173af920  00 00 00 00 00 00 00 00 00 00 00 00 00 00 00 00  ................
173af930  00 00 00 00 00 00 00 00 00 00 00 00 00 00 00 00  ................
173af940  00 00 00 00 00 00 00 00 00 00 00 00 00 00 00 00  ................
173af950  00 00 00 00 00 00 00 00 00 00 00 00 00 00 00 00  ................
173af960  00 00 00 00 00 00 00 00 00 00 00 00 00 00 00 00  ................
173af970  00 00 00 00 00 00 00 00 00 00 00 00 00 00 00 00  ................
173af980  00 00 00 00 00 00 00 00 00 00 00 00 00 00 00 00  ................
173af990  00 00 00 00 00 00 00 00 00 00 00 00 00 00 00 00  ................

[STATE] First 300 uint32 values at 4-byte stride:
[STATE] [0] @+0 = 0xdb298a75
[STATE] [1] @+4 = 0x0000001d
[STATE] [2] @+8 = 0x3c83ff0c
[STATE] [3] @+12 = 0x00000002
[STATE] [4] @+16 = 0x0dec4548
[STATE] [5] @+20 = 0x00000002
[STATE] [6] @+24 = 0xf8c273e0
[STATE] [7] @+28 = 0x0000000b
[STATE] [8] @+32 = 0x38a99512
[STATE] [9] @+36 = 0x00000000
[STATE] [10] @+40 = 0xfc7fcfc8
[STATE] [11] @+44 = 0x00000001
[STATE] [12] @+48 = 0x4e110080
[STATE] [13] @+52 = 0x00000014
[STATE] [14] @+56 = 0xf8c13f63
[STATE] [15] @+60 = 0x00000010
[STATE] [16] @+64 = 0x8523e092
[STATE] [17] @+68 = 0x00000012
[STATE] [18] @+72 = 0x8f496087
[STATE] [19] @+76 = 0x00000012
[STATE] [20] @+80 = 0x9fbc973b
[STATE] [21] @+84 = 0x00000014
[STATE] [22] @+88 = 0x22969a7b
[STATE] [23] @+92 = 0x00000009
[STATE] [24] @+96 = 0xb892fffa
[STATE] [25] @+100 = 0x00000001
[STATE] [26] @+104 = 0xf6d19ec7
[STATE] [27] @+108 = 0x00000018
[STATE] [28] @+112 = 0xf6c53add
[STATE] [29] @+116 = 0x00000002
[STATE] [30] @+120 = 0x5a66f96e
[STATE] [31] @+124 = 0x00000004
[STATE] [32] @+128 = 0x00000000
[STATE] [33] @+132 = 0x00000000
[STATE] [34] @+136 = 0x00000000
[STATE] [35] @+140 = 0x00000000
[STATE] [36] @+144 = 0x00000000
[STATE] [37] @+148 = 0x00000000
[STATE] [38] @+152 = 0x00000000
[STATE] [39] @+156 = 0x00000000
[STATE] [50] @+200 = 0x00000000
[STATE] [100] @+400 = 0x00000000
[STATE] [150] @+600 = 0x00000000
[STATE] [200] @+800 = 0x00000000
[STATE] [250] @+1000 = 0x00000000
[STATE] ===== END =====


[BF] New context: 0x173ae978 P[0]=0xdb298a75
[BF] *** HANDSHAKE KEY CONTEXT ***

[OBJ] ===== CIPHER OBJECT at ECX=0x216cc0c =====
           0  1  2  3  4  5  6  7  8  9  A  B  C  D  E  F  0123456789ABCDEF
0216cc0c  38 7d 1b 2f 00 00 00 00 00 00 00 00 01 bf b6 f6  8}./............
0216cc1c  c3 3d 58 b0 cc e8 a7 4c 76 5f 1c 54 7e 52 33 58  .=X....Lv_.T~R3X
0216cc2c  78 39 37 72 61 35 69 38 44 36 75 5a 7a 00 00 00  x97ra5i8D6uZz...
0216cc3c  00 00 00 00 00 00 00 00 00 00 00 00 00 00 00 00  ................
0216cc4c  3f 3e 07 18 1a 00 00 00 24 a3 53 ec 05 00 00 00  ?>......$.S.....
0216cc5c  20 d0 be f7 10 00 00 00 6b cc 25 0c 05 00 00 00   .......k.%.....
0216cc6c  9a 75 31 0f 0e 00 00 00 7e 11 b2 d4 14 00 00 00  .u1.....~.......
0216cc7c  a9 f0 11 7a 1a 00 00 00 9f 4e 78 83 09 00 00 00  ...z.....Nx.....
0216cc8c  b1 a2 db e4 01 00 00 00 44 65 98 de 0a 00 00 00  ........De......
0216cc9c  8c 01 65 27 0c 00 00 00 ae e3 c1 c1 11 00 00 00  ..e'............
0216ccac  92 2d c0 59 03 00 00 00 00 a7 5b 3e 14 00 00 00  .-.Y......[>....
0216ccbc  dc be ee 4e 11 00 00 00 5d 72 ad 24 17 00 00 00  ...N....]r.$....
0216cccc  00 00 00 00 0c 00 00 00 00 00 00 00 f6 d2 bc 8e  ................
0216ccdc  ba ce d8 f2 4e 6a d4 86 f2 26 b0 2a 46 02 ec fe  ....Nj...&.*F...
0216ccec  8a fe 88 e2 de 9a 04 f6 c2 d6 60 1a d6 b2 1c 6e  ..........`....n
0216ccfc  9a ae b8 d2 2e ca b4 66 d2 86 10 0a 26 e2 4c de  .......f....&.L.
0216cd0c  6a 5e 68 c2 be 7a e4 d6 a2 b6 c0 fa b6 12 fc 4e  j^h..z.........N
0216cd1c  7a 0e 18 b2 0e aa 14 46 b2 66 f0 ea 06 42 2c be  z......F.f...B,.
0216cd2c  4a 3e c8 a2 9e da 44 b6 82 16 a0 da 96 f2 5c 2e  J>....D.......\.
0216cd3c  5a ee f8 92 ee 0a f4 26 92 c6 50 ca e6 22 8c 9e  Z......&..P.."..
0216cd4c  2a 9e a8 82 7e ba 24 96 62 f6 00 ba 76 52 3c 0e  *...~.$.b...vR<.
0216cd5c  3a 4e 58 72 ce ea 54 06 72 a6 30 aa c6 82 6c 7e  :NXr..T.r.0...l~
0216cd6c  0a 7e 08 62 5e 1a 84 76 42 56 e0 9a 56 32 9c ee  .~.b^..vBV..V2..
0216cd7c  1a 2e 38 52 ae 4a 34 e6 52 06 90 8a a6 62 cc 5e  ..8R.J4.R....b.^
0216cd8c  ea de e8 42 3e fa 64 56 22 36 40 7a 36 92 7c ce  ...B>.dV"6@z6.|.
0216cd9c  fa 8e 98 32 8e 2a 94 c6 32 e6 70 6a 86 c2 ac 3e  ...2.*..2.pj...>
0216cdac  ca be 48 22 1e 5a c4 36 02 96 20 5a 16 72 dc ae  ..H".Z.6.. Z.r..
0216cdbc  da 6e 78 12 6e 8a 74 a6 12 46 d0 4a 66 a2 0c 1e  .nx.n.t..F.Jf...
0216cdcc  aa 1e 28 02 fe 3a a4 16 e2 76 80 3a db 17 0d 0c  ..(..:...v.:....
0216cddc  67 b3 e1 88 a3 9f 05 54 af bb 99 50 6b 67 3d 9c  g......T...Pkg=.
0216cdec  f7 83 11 18 33 ef 35 a4 3f 8b 89 a0 fb 77 2d ec  ....3.5.?....w-.
0216cdfc  07 93 01 68 43 ff 25 34 4f 9b b9 30 0b 47 5d 7c  ...hC.%4O..0.G]|
0216ce0c  97 e3 31 f8 d3 cf 55 84 df eb a9 80 9b 57 4d cc  ..1...U......WM.
0216ce1c  27 f3 21 48 63 df 45 14 6f fb d9 10 2b a7 7d 5c  '.!Hc.E.o...+.}\
0216ce2c  b7 c3 51 d8 f3 2f 75 64 ff cb c9 60 bb b7 6d ac  ..Q../ud...`..m.
0216ce3c  c7 d3 41 28 03 3f 65 f4 0f db f9 f0 cb 87 9d 3c  ..A(.?e........<
0216ce4c  57 23 71 b8 93 0f 95 44 9f 2b e9 40 5b 97 8d 8c  W#q....D.+.@[...
0216ce5c  e7 33 61 08 23 1f 85 d4 2f 3b 19 d0 eb e7 bd 1c  .3a.#.../;......
0216ce6c  77 03 91 98 b3 6f b5 24 bf 0b 09 20 7b f7 ad 6c  w....o.$... {..l
0216ce7c  87 13 81 e8 c3 7f a5 b4 cf 1b 39 b0 8b c7 dd fc  ..........9.....
0216ce8c  17 63 b1 78 53 4f d5 04 5f 6b 29 00 1b d7 cd 4c  .c.xSO.._k)....L
0216ce9c  a7 73 a1 c8 e3 5f c5 94 ef 7b 59 90 ab 27 fd dc  .s..._...{Y..'..
0216ceac  37 43 d1 58 73 af f5 e4 7f 4b 49 e0 3b 37 ed 2c  7C.Xs....KI.;7.,
0216cebc  47 53 c1 a8 83 bf e5 74 8f 5b 79 70 4b 07 1d bc  GS.....t.[ypK...
0216cecc  d7 a3 f1 38 13 8f 15 c4 1f ab 69 c0 00 00 00 00  ...8......i.....
0216cedc  00 00 00 00 9d 90 83 8a d1 8c e7 f6 25 28 eb 82  ............%(..
0216ceec  99 64 8f 2e 2d 40 d3 fa e1 bc b7 e6 b5 d8 3b f2  .d..-@........;.
0216cefc  a9 94 5f 1e bd f0 23 6a f1 ec 87 d6 45 88 8b 62  .._...#j....E..b
0216cf0c  b9 c4 2f 0e 4d a0 73 da 01 1c 57 c6 d5 38 db d2  ../.M.s...W..8..
0216cf1c  c9 f4 ff fe dd 50 c3 4a 11 4c 27 b6 65 e8 2b 42  .....P.J.L'.e.+B
0216cf2c  d9 24 cf ee 6d 00 13 ba 21 7c f7 a6 f5 98 7b b2  .$..m...!|....{.
0216cf3c  e9 54 9f de fd b0 63 2a 31 ac c7 96 85 48 cb 22  .T....c*1....H."
0216cf4c  f9 84 6f ce 8d 60 b3 9a 41 dc 97 86 15 f8 1b 92  ..o..`..A.......
0216cf5c  09 b4 3f be 1d 10 03 0a 51 0c 67 76 a5 a8 6b 02  ..?.....Q.gv..k.
0216cf6c  19 e4 0f ae ad c0 53 7a 61 3c 37 66 35 58 bb 72  ......Sza<7f5X.r
0216cf7c  29 14 df 9e 3d 70 a3 ea 71 6c 07 56 c5 08 0b e2  )...=p..ql.V....
0216cf8c  39 44 af 8e cd 20 f3 5a 81 9c d7 46 55 b8 5b 52  9D... .Z...FU.[R
0216cf9c  49 74 7f 7e 5d d0 43 ca 91 cc a7 36 e5 68 ab c2  It.~].C....6.h..
0216cfac  59 a4 4f 6e ed 80 93 3a a1 fc 77 26 75 18 fb 32  Y.On...:..w&u..2
0216cfbc  69 d4 1f 5e 7d 30 e3 aa b1 2c 47 16 05 c8 4b a2  i..^}0...,G...K.
0216cfcc  79 04 ef 4e 0d e0 33 1a c1 5c 17 06 95 78 9b 12  y..N..3..\...x..
0216cfdc  89 34 bf 3e 62 4f e8 15 de eb 04 91 1a c7 e0 4d  .4.>bO.........M
0216cfec  16 e3 7c 49 d2 3f d8 85 4e db f4 01 8a b7 d0 bd  ..|I.?..N.......
0216cffc  86 d3 6c b9 42 2f c8 f5 be cb e4 71 fa a7 c0 2d  ..l.B/.....q...-
0216d00c  f6 c3 5c 29 b2 1f b8 65 2e bb d4 e1 6a 97 b0 9d  ..\)...e....j...
0216d01c  66 b3 4c 99 22 0f a8 d5 9e ab c4 51 da 87 a0 0d  f.L."......Q....
0216d02c  d6 a3 3c 09 92 ff 98 45 0e 9b b4 c1 4a 77 90 7d  ..<....E....Jw.}
0216d03c  46 93 2c 79 02 ef 88 b5 7e 8b a4 31 ba 67 80 ed  F.,y....~..1.g..
0216d04c  b6 83 1c e9 72 df 78 25 ee 7b 94 a1 2a 57 70 5d  ....r.x%.{..*Wp]
0216d05c  26 73 0c 59 e2 cf 68 95 5e 6b 84 11 9a 47 60 cd  &s.Y..h.^k...G`.
0216d06c  96 63 fc c9 52 bf 58 05 ce 5b 74 81 0a 37 50 3d  .c..R.X..[t..7P=
0216d07c  06 53 ec 39 c2 af 48 75 3e 4b 64 f1 7a 27 40 ad  .S.9..Hu>Kd.z'@.
0216d08c  76 43 dc a9 32 9f 38 e5 ae 3b 54 61 ea 17 30 1d  vC..2.8..;Ta..0.
0216d09c  e6 33 cc 19 a2 8f 28 55 1e 2b 44 d1 5a 07 20 8d  .3....(U.+D.Z. .
0216d0ac  56 23 bc 89 12 7f 18 c5 8e 1b 34 41 ca f7 10 fd  V#........4A....
0216d0bc  c6 13 ac f9 82 6f 08 35 fe 0b 24 b1 3a e7 00 6d  .....o.5..$.:..m
0216d0cc  36 03 9c 69 f2 5f f8 a5 6e fb 14 21 aa d7 f0 dd  6..i._..n..!....
0216d0dc  a6 f3 8c d9 c2 56 70 e0 ac b5 00 08 a0 d5 6b 01  .....Vp.......k.
0216d0ec  00 b6 19 02 00 00 00 00 00 00 00 00 00 00 00 00  ................
0216d0fc  00 00 00 00 0f 00 00 00 00 00 00 00 00 00 00 00  ................
0216d10c  00 00 00 00 00 00 00 00 00 00 00 00 00 00 00 00  ................
0216d11c  00 00 00 00 00 00 00 00 00 00 00 00 00 00 00 00  ................
0216d12c  00 00 00 00 00 00 00 00 00 00 00 00 00 00 00 00  ................
0216d13c  00 00 00 00 00 00 00 00 00 00 00 00 00 00 00 00  ................
0216d14c  00 00 00 00 00 00 00 00 00 00 00 00 00 00 00 00  ................
0216d15c  00 00 00 00 00 00 00 00 00 00 00 00 00 00 00 00  ................
0216d16c  00 00 00 00 00 00 00 00 00 00 00 00 00 00 00 00  ................
0216d17c  00 00 00 00 00 00 00 00 00 00 00 00 00 00 00 00  ................
0216d18c  00 00 00 00 00 00 00 00 00 00 00 00 00 00 00 00  ................
0216d19c  00 00 00 00 00 00 00 00 00 00 00 00 00 00 00 00  ................
0216d1ac  00 00 00 00 00 00 00 00 00 00 00 00 00 00 00 00  ................
0216d1bc  00 00 00 00 00 00 00 00 00 00 00 00 00 00 00 00  ................
0216d1cc  00 00 00 00 68 44 16 02 00 00 00 00 00 00 00 00  ....hD..........
0216d1dc  68 44 16 02 68 44 16 02 00 00 00 00 00 00 00 00  hD..hD..........
0216d1ec  00 00 00 00 00 00 00 00 00 00 00 00 00 00 00 00  ................
0216d1fc  00 00 00 00 c3 56 70 e1 96 b1 00 08 e0 6c ae 13  .....Vp......l..
0216d20c  b8 02 46 12 90 99 b0 18 01 01 da 00 46 40 da 00  ..F.........F@..
0216d21c  78 40 da 00 99 40 da 00 53 41 da 00 64 41 da 00  x@...@..SA..dA..
0216d22c  75 41 da 00 b7 41 da 00 c8 41 da 00 e9 41 da 00  uA...A...A...A..
0216d23c  0a 42 da 00 96 41 da 00 3b 42 da 00 d3 80 de 00  .B...A..;B......
0216d24c  54 81 de 00 75 81 de 00 35 82 de 00 76 82 de 00  T...u...5...v...
0216d25c  87 82 de 00 a8 82 de 00 1b 83 de 00 6d 83 de 00  ............m...
0216d26c  b7 81 de 00 96 81 de 00 c9 82 de 00 ea 82 de 00  ................
0216d27c  f4 80 de 00 3c 83 de 00 49 c1 e2 00 6a c1 e2 00  ....<...I...j...
0216d28c  42 c2 e2 00 8b c1 e2 00 9c c1 e2 00 bd c1 e2 00  B...............
0216d29c  ce c1 e2 00 ff c1 e2 00 20 c2 e2 00 31 c2 e2 00  ........ ...1...
0216d2ac  63 c2 e2 00 74 c2 e2 00 85 c2 e2 00 a6 c2 e2 00  c...t...........
0216d2bc  c7 c2 e2 00 7d b4 e6 00 9e b4 e6 00 af b4 e6 00  ....}...........
0216d2cc  21 b5 e6 00 32 b5 e6 00 53 b5 e6 00 94 b5 e6 00  !...2...S.......
0216d2dc  c5 b5 e6 00 e6 b5 e6 00 46 b6 e6 00 57 b6 e6 00  ........F...W...
0216d2ec  78 b6 e6 00 89 b6 e6 00 e0 b4 e6 00 d3 13 eb 00  x...............
0216d2fc  04 14 eb 00 fc 14 eb 00 1d 15 eb 00 2e 15 eb 00  ................
0216d30c  80 15 eb 00 91 15 eb 00 b2 15 eb 00 d3 15 eb 00  ................
0216d31c  f4 15 eb 00 05 16 eb 00 16 16 eb 00 a6 56 70 84  .............Vp.
0216d32c  97 b1 00 0c 1f 00 c0 00 1e 00 00 80 26 00 80 00  ............&...
0216d33c  86 40 40 00 c0 00 80 00 01 81 00 00 a4 80 80 01  .@@.............
0216d34c  c1 c0 00 00 01 01 01 00 41 c1 00 00 e8 c0 0a 80  ........A.......
0216d35c  cc 41 41 00 4b 02 80 01 81 82 01 00 c1 c2 01 00  .AA.K...........
0216d36c  00 03 00 03 dd 02 83 05 01 03 02 00 6b 42 80 01  ............kB..
0216d37c  e4 81 80 01 06 42 40 00 40 02 80 00 81 42 02 00  .....B@.@....B..
0216d38c  24 82 80 01 46 42 40 00 80 02 80 00 c1 82 02 00  $...FB@.........
0216d39c  64 82 80 01 86 42 40 00 c0 02 80 00 01 c3 02 00  d....B@.........
0216d3ac  a4 82 80 01 e2 01 00 00 1e 00 05 80 c1 02 03 00  ................
0216d3bc  07 83 01 04 0e 03 03 01 21 00 03 86 1e 40 00 80  ........!....@..
0216d3cc  c7 82 01 04 1e 40 00 80 07 83 01 04 ce 02 03 01  .....@..........
0216d3dc  0c 43 c3 03 87 83 01 04 92 83 83 04 8f c3 02 07  .C..............
0216d3ec  24 43 80 01 0c 83 c3 03 87 83 01 04 92 83 83 04  $C..............
0216d3fc  8f c3 02 07 8e 83 83 04 8d 83 03 05 24 43 80 01  ............$C..

[OBJ] --- ASCII STRINGS IN CIPHER OBJECT ---
[OBJ] +27: "T~R3Xx97ra5i8D6uZz" (18)
[OBJ] +336: ":NXr" (4)
[OBJ] +390: "dV"6@z6" (7)
[OBJ] +475: "Pkg=" (4)
[OBJ] +575: "<W#q" (4)
[OBJ] +697: "[ypK" (4)
[OBJ] +870: "Sza<7f5X" (8)
[OBJ] +910: "[RIt" (4)
[OBJ] +1100: "*Wp]&s" (6)
[OBJ] +1142: "Hu>Kd" (5)

[OBJ] --- POINTER CHASE (first 64 dwords) ---

[OBJ2] ===== OBJECT at EDI=0x216aff8 =====
           0  1  2  3  4  5  6  7  8  9  A  B  C  D  E  F  0123456789ABCDEF
0216aff8  78 c0 6d 01 90 0e 00 00 00 00 00 00 00 00 00 00  x.m.............
0216b008  00 00 00 00 00 00 00 00 00 00 00 00 00 00 00 00  ................
0216b018  00 00 00 00 00 00 00 00 00 00 00 00 00 00 00 00  ................
0216b028  00 00 00 00 00 00 00 00 00 00 00 00 00 00 00 00  ................
0216b038  00 00 00 00 00 00 00 00 00 00 00 00 00 00 00 00  ................
0216b048  00 00 00 00 00 00 00 00 00 00 00 00 00 00 00 00  ................
0216b058  00 00 00 00 00 00 00 00 00 00 00 00 00 00 00 00  ................
0216b068  00 00 00 00 00 00 00 00 00 00 00 00 00 00 00 00  ................
0216b078  00 00 00 00 00 00 00 00 00 00 00 00 00 00 00 00  ................
0216b088  00 00 00 00 00 00 00 00 00 00 00 00 00 00 00 00  ................
0216b098  00 00 00 00 00 00 00 00 00 00 00 00 00 00 00 00  ................
0216b0a8  00 00 00 00 00 00 00 00 00 00 00 00 00 00 00 00  ................
0216b0b8  00 00 00 00 00 00 00 00 00 00 00 00 00 00 00 00  ................
0216b0c8  00 00 00 00 00 00 00 00 00 00 00 00 00 00 00 00  ................
0216b0d8  00 00 00 00 00 00 00 00 00 00 00 00 00 00 00 00  ................
0216b0e8  00 00 00 00 00 00 00 00 00 00 00 00 00 00 00 00  ................
0216b0f8  00 00 00 00 00 00 00 00 00 00 00 00 00 00 00 00  ................
0216b108  00 00 00 00 00 00 00 00 00 00 00 00 00 00 00 00  ................
0216b118  00 00 00 00 00 00 00 00 00 00 00 00 00 00 00 00  ................
0216b128  00 00 00 00 00 00 00 00 00 00 00 00 00 00 00 00  ................
0216b138  00 00 00 00 00 00 00 00 00 00 00 00 00 00 00 00  ................
0216b148  00 00 00 00 00 00 00 00 00 00 00 00 00 00 00 00  ................
0216b158  00 00 00 00 00 00 00 00 00 00 00 00 00 00 00 00  ................
0216b168  00 00 00 00 00 00 00 00 00 00 00 00 00 00 00 00  ................
0216b178  00 00 00 00 00 00 00 00 00 00 00 00 00 00 00 00  ................
0216b188  00 00 00 00 00 00 00 00 00 00 00 00 00 00 00 00  ................
0216b198  00 00 00 00 00 00 00 00 00 00 00 00 00 00 00 00  ................
0216b1a8  00 00 00 00 00 00 00 00 00 00 00 00 00 00 00 00  ................
0216b1b8  00 00 00 00 00 00 00 00 00 00 00 00 00 00 00 00  ................
0216b1c8  00 00 00 00 00 00 00 00 00 00 00 00 00 00 00 00  ................
0216b1d8  00 00 00 00 00 00 00 00 00 00 00 00 00 00 00 00  ................
0216b1e8  00 00 00 00 00 00 00 00 00 00 00 00 00 00 00 00  ................
0216b1f8  00 00 00 00 00 00 00 00 00 00 00 00 00 00 00 00  ................
0216b208  00 00 00 00 00 00 00 00 00 00 00 00 00 00 00 00  ................
0216b218  00 00 00 00 00 00 00 00 00 00 00 00 00 00 00 00  ................
0216b228  00 00 00 00 00 00 00 00 00 00 00 00 00 00 00 00  ................
0216b238  00 00 00 00 00 00 00 00 00 00 00 00 00 00 00 00  ................
0216b248  00 00 00 00 00 00 00 00 00 00 00 00 00 00 00 00  ................
0216b258  00 00 00 00 00 00 00 00 00 00 00 00 00 00 00 00  ................
0216b268  00 00 00 00 00 00 00 00 00 00 00 00 00 00 00 00  ................
0216b278  00 00 00 00 00 00 00 00 00 00 00 00 00 00 00 00  ................
0216b288  00 00 00 00 00 00 00 00 00 00 00 00 00 00 00 00  ................
0216b298  00 00 00 00 00 00 00 00 00 00 00 00 00 00 00 00  ................
0216b2a8  00 00 00 00 00 00 00 00 00 00 00 00 00 00 00 00  ................
0216b2b8  00 00 00 00 00 00 00 00 00 00 00 00 00 00 00 00  ................
0216b2c8  00 00 00 00 00 00 00 00 00 00 00 00 00 00 00 00  ................
0216b2d8  00 00 00 00 00 00 00 00 00 00 00 00 00 00 00 00  ................
0216b2e8  00 00 00 00 00 00 00 00 00 00 00 00 00 00 00 00  ................
0216b2f8  00 00 00 00 00 00 00 00 00 00 00 00 00 00 00 00  ................
0216b308  00 00 00 00 00 00 00 00 00 00 00 00 00 00 00 00  ................
0216b318  00 00 00 00 00 00 00 00 00 00 00 00 00 00 00 00  ................
0216b328  00 00 00 00 00 00 00 00 00 00 00 00 00 00 00 00  ................
0216b338  00 00 00 00 00 00 00 00 00 00 00 00 00 00 00 00  ................
0216b348  00 00 00 00 00 00 00 00 00 00 00 00 00 00 00 00  ................
0216b358  00 00 00 00 00 00 00 00 00 00 00 00 00 00 00 00  ................
0216b368  00 00 00 00 00 00 00 00 00 00 00 00 00 00 00 00  ................
0216b378  00 00 00 00 00 00 00 00 00 00 00 00 00 00 00 00  ................
0216b388  00 00 00 00 00 00 00 00 00 00 00 00 00 00 00 00  ................
0216b398  00 00 00 00 00 00 00 00 00 00 00 00 00 00 00 00  ................
0216b3a8  00 00 00 00 00 00 00 00 00 00 00 00 00 00 00 00  ................
0216b3b8  00 00 00 00 00 00 00 00 00 00 00 00 00 00 00 00  ................
0216b3c8  00 00 00 00 00 00 00 00 00 00 00 00 00 00 00 00  ................
0216b3d8  00 00 00 00 00 00 00 00 00 00 00 00 00 00 00 00  ................
0216b3e8  00 00 00 00 00 00 00 00 00 00 00 00 00 00 00 00  ................

[STATE] ===== FULL BF STATE =====
[STATE] P-array (18 entries, 8-byte stride):
[STATE] P[0] = 0xdb298a75
[STATE] P[1] = 0x3c83ff0c
[STATE] P[2] = 0x0dec4548
[STATE] P[3] = 0xf8c273e0
[STATE] P[4] = 0x38a99512
[STATE] P[5] = 0xfc7fcfc8
[STATE] P[6] = 0x4e110080
[STATE] P[7] = 0xf8c13f63
[STATE] P[8] = 0x8523e092
[STATE] P[9] = 0x8f496087
[STATE] P[10] = 0x9fbc973b
[STATE] P[11] = 0x22969a7b
[STATE] P[12] = 0xb892fffa
[STATE] P[13] = 0xf6d19ec7
[STATE] P[14] = 0xf6c53add
[STATE] P[15] = 0x5a66f96e
[STATE] P[16] = 0x00000000
[STATE] P[17] = 0xa3614211

[STATE] Raw BF_KEY dump (5120 bytes from start):
           0  1  2  3  4  5  6  7  8  9  A  B  C  D  E  F  0123456789ABCDEF
173ae978  75 8a 29 db 1d 00 00 00 0c ff 83 3c 02 00 00 00  u.)........<....
173ae988  48 45 ec 0d 02 00 00 00 e0 73 c2 f8 0b 00 00 00  HE.......s......
173ae998  12 95 a9 38 00 00 00 00 c8 cf 7f fc 01 00 00 00  ...8............
173ae9a8  80 00 11 4e 14 00 00 00 63 3f c1 f8 10 00 00 00  ...N....c?......
173ae9b8  92 e0 23 85 12 00 00 00 87 60 49 8f 12 00 00 00  ..#......`I.....
173ae9c8  3b 97 bc 9f 14 00 00 00 7b 9a 96 22 09 00 00 00  ;.......{.."....
173ae9d8  fa ff 92 b8 01 00 00 00 c7 9e d1 f6 18 00 00 00  ................
173ae9e8  dd 3a c5 f6 02 00 00 00 6e f9 66 5a 04 00 00 00  .:......n.fZ....
173ae9f8  00 00 00 00 64 61 58 39 11 42 61 a3 00 00 00 0f  ....daX9.Ba.....
173aea08  00 00 00 69 2b 80 9a 29 a5 37 29 03 2c 5b 13 80  ...i+..).7).,[..
173aea18  e3 91 80 00 00 00 38 30 41 37 35 35 38 36 35 33  ......80A7558653
173aea28  43 33 38 43 46 35 35 37 31 38 37 41 46 46 37 45  C38CF557187AFF7E
173aea38  30 44 46 33 38 32 46 41 33 43 35 42 42 36 31 31  0DF382FA3C5BB611
173aea48  38 31 31 38 45 31 42 37 45 34 33 33 42 35 46 46  8118E1B7E433B5FF
173aea58  30 38 45 30 41 39 44 42 33 38 35 36 34 42 36 34  08E0A9DB38564B64
173aea68  35 42 39 33 33 33 38 42 45 36 46 30 38 30 39 35  5B93338BE6F08095
173aea78  44 42 31 43 38 33 45 32 37 35 34 30 42 44 37 33  DB1C83E27540BD73
173aea88  44 46 41 41 42 46 38 35 38 38 39 46 45 30 38 34  DFAABF85889FE084
173aea98  35 42 30 33 37 34 54 51 43 6c 69 65 6e 74 00 00  5B0374TQClient..
173aeaa8  00 00 00 00 00 00 00 00 00 00 00 00 00 00 00 00  ................
173aeab8  00 00 00 00 00 00 00 00 00 00 00 00 00 00 00 00  ................
173aeac8  00 00 00 00 00 00 00 00 00 00 00 00 00 00 00 00  ................
173aead8  00 00 00 00 00 00 00 00 00 00 00 00 00 00 00 00  ................
173aeae8  00 00 00 00 00 00 00 00 00 00 00 00 00 00 00 00  ................
173aeaf8  00 00 00 00 00 00 00 00 00 00 00 00 00 00 00 00  ................
173aeb08  00 00 00 00 00 00 00 00 00 00 00 00 00 00 00 00  ................
173aeb18  00 00 00 00 00 00 00 00 00 00 00 00 00 00 00 00  ................
173aeb28  00 00 00 00 00 00 00 00 00 00 00 00 00 00 00 00  ................
173aeb38  00 00 00 00 00 00 00 00 00 00 00 00 00 00 00 00  ................
173aeb48  00 00 00 00 00 00 00 00 00 00 00 00 00 00 00 00  ................
173aeb58  00 00 00 00 00 00 00 00 00 00 00 00 00 00 00 00  ................
173aeb68  00 00 00 00 00 00 00 00 00 00 00 00 00 00 00 00  ................
173aeb78  00 00 00 00 00 00 00 00 00 00 00 00 00 00 00 00  ................
173aeb88  00 00 00 00 00 00 00 00 00 00 00 00 00 00 00 00  ................
173aeb98  00 00 00 00 00 00 00 00 00 00 00 00 00 00 00 00  ................
173aeba8  00 00 00 00 00 00 00 00 00 00 00 00 00 00 00 00  ................
173aebb8  00 00 00 00 00 00 00 00 00 00 00 00 00 00 00 00  ................
173aebc8  00 00 00 00 00 00 00 00 00 00 00 00 00 00 00 00  ................
173aebd8  00 00 00 00 00 00 00 00 00 00 00 00 00 00 00 00  ................
173aebe8  00 00 00 00 00 00 00 00 00 00 00 00 00 00 00 00  ................
173aebf8  00 00 00 00 00 00 00 00 00 00 00 00 00 00 00 00  ................
173aec08  00 00 00 00 00 00 00 00 00 00 00 00 00 00 00 00  ................
173aec18  00 00 00 00 00 00 00 00 00 00 00 00 00 00 00 00  ................
173aec28  00 00 00 00 00 00 00 00 00 00 00 00 00 00 00 00  ................
173aec38  00 00 00 00 00 00 00 00 00 00 00 00 00 00 00 00  ................
173aec48  00 00 00 00 00 00 00 00 00 00 00 00 00 00 00 00  ................
173aec58  00 00 00 00 00 00 00 00 00 00 00 00 00 00 00 00  ................
173aec68  00 00 00 00 00 00 00 00 00 00 00 00 00 00 00 00  ................
173aec78  00 00 00 00 00 00 00 00 00 00 00 00 00 00 00 00  ................
173aec88  00 00 00 00 00 00 00 00 00 00 00 00 00 00 00 00  ................
173aec98  00 00 00 00 00 00 00 00 00 00 00 00 00 00 00 00  ................
173aeca8  00 00 00 00 00 00 00 00 00 00 00 00 00 00 00 00  ................
173aecb8  00 00 00 00 00 00 00 00 00 00 00 00 00 00 00 00  ................
173aecc8  00 00 00 00 00 00 00 00 00 00 00 00 00 00 00 00  ................
173aecd8  00 00 00 00 00 00 00 00 00 00 00 00 00 00 00 00  ................
173aece8  00 00 00 00 00 00 00 00 00 00 00 00 00 00 00 00  ................
173aecf8  00 00 00 00 00 00 00 00 00 00 00 00 00 00 00 00  ................
173aed08  00 00 00 00 00 00 00 00 00 00 00 00 00 00 00 00  ................
173aed18  00 00 00 00 00 00 00 00 00 00 00 00 00 00 00 00  ................
173aed28  00 00 00 00 00 00 00 00 00 00 00 00 00 00 00 00  ................
173aed38  00 00 00 00 00 00 00 00 00 00 00 00 00 00 00 00  ................
173aed48  00 00 00 00 00 00 00 00 00 00 00 00 00 00 00 00  ................
173aed58  00 00 00 00 00 00 00 00 00 00 00 00 00 00 00 00  ................
173aed68  00 00 00 00 00 00 00 00 00 00 00 00 00 00 00 00  ................
173aed78  00 00 00 00 00 00 00 00 00 00 00 00 00 00 00 00  ................
173aed88  00 00 00 00 00 00 00 00 00 00 00 00 00 00 00 00  ................
173aed98  00 00 00 00 00 00 00 00 00 00 00 00 00 00 00 00  ................
173aeda8  00 00 00 00 00 00 00 00 00 00 00 00 00 00 00 00  ................
173aedb8  00 00 00 00 00 00 00 00 00 00 00 00 00 00 00 00  ................
173aedc8  00 00 00 00 00 00 00 00 00 00 00 00 00 00 00 00  ................
173aedd8  00 00 00 00 00 00 00 00 00 00 00 00 00 00 00 00  ................
173aede8  00 00 00 00 00 00 00 00 00 00 00 00 00 00 00 00  ................
173aedf8  00 00 00 00 69 2b 80 9a 29 a5 37 29 03 2c 5b 13  ....i+..).7).,[.
173aee08  80 e3 91 26 f1 6b c1 7c 1a 1f ef a8 b6 63 21 a5  ...&.k.|.....c!.
173aee18  ed 1c 63 72 00 52 1d 8c 7e 97 a4 fa 86 cc d9 e5  ..cr.R..~.......
173aee28  bf 41 8d 86 ba 78 25 0c 00 00 00 00 00 00 00 00  .A...x%.........
173aee38  b4 e3 25 0c 78 fe 3a 17 65 ec fe 00 68 ee 3a 17  ..%.x.:.e...h.:.
173aee48  00 08 00 00 f0 f3 25 0c f8 af 16 02 e8 7a 23 2f  ......%......z#/
173aee58  08 ff 3a 17 08 ff 3a 17 02 00 00 00 d4 f5 3a 17  ..:...:.......:.
173aee68  00 00 00 00 00 00 00 00 00 00 00 00 00 00 00 00  ................
173aee78  00 00 00 00 00 00 00 00 00 00 00 00 00 00 00 00  ................
173aee88  00 00 00 00 00 00 00 00 00 00 00 00 00 00 00 00  ................
173aee98  00 00 00 00 00 00 00 00 00 00 00 00 00 00 00 00  ................
173aeea8  00 00 00 00 00 00 00 00 00 00 00 00 00 00 00 00  ................
173aeeb8  00 00 00 00 00 00 00 00 00 00 00 00 00 00 00 00  ................
173aeec8  00 00 00 00 00 00 00 00 00 00 00 00 00 00 00 00  ................
173aeed8  00 00 00 00 00 00 00 00 00 00 00 00 00 00 00 00  ................
173aeee8  00 00 00 00 00 00 00 00 00 00 00 00 00 00 00 00  ................
173aeef8  00 00 00 00 00 00 00 00 00 00 00 00 00 00 00 00  ................
173aef08  00 00 00 00 00 00 00 00 00 00 00 00 00 00 00 00  ................
173aef18  00 00 00 00 00 00 00 00 00 00 00 00 00 00 00 00  ................
173aef28  00 00 00 00 00 00 00 00 00 00 00 00 00 00 00 00  ................
173aef38  00 00 00 00 00 00 00 00 00 00 00 00 00 00 00 00  ................
173aef48  00 00 00 00 00 00 00 00 00 00 00 00 00 00 00 00  ................
173aef58  00 00 00 00 00 00 00 00 00 00 00 00 00 00 00 00  ................
173aef68  00 00 00 00 00 00 00 00 00 00 00 00 00 00 00 00  ................
173aef78  00 00 00 00 00 00 00 00 00 00 00 00 00 00 00 00  ................
173aef88  00 00 00 00 00 00 00 00 00 00 00 00 00 00 00 00  ................
173aef98  00 00 00 00 00 00 00 00 00 00 00 00 00 00 00 00  ................
173aefa8  00 00 00 00 00 00 00 00 00 00 00 00 00 00 00 00  ................
173aefb8  00 00 00 00 00 00 00 00 00 00 00 00 00 00 00 00  ................
173aefc8  00 00 00 00 00 00 00 00 00 00 00 00 00 00 00 00  ................
173aefd8  00 00 00 00 00 00 00 00 00 00 00 00 00 00 00 00  ................
173aefe8  00 00 00 00 00 00 00 00 00 00 00 00 00 00 00 00  ................
173aeff8  00 00 00 00 00 00 00 00 00 00 00 00 00 00 00 00  ................
173af008  00 00 00 00 00 00 00 00 00 00 00 00 00 00 00 00  ................
173af018  00 00 00 00 00 00 00 00 00 00 00 00 00 00 00 00  ................
173af028  00 00 00 00 00 00 00 00 00 00 00 00 00 00 00 00  ................
173af038  00 00 00 00 00 00 00 00 00 00 00 00 00 00 00 00  ................
173af048  00 00 00 00 00 00 00 00 00 00 00 00 00 00 00 00  ................
173af058  00 00 00 00 00 00 00 00 00 00 00 00 00 00 00 00  ................
173af068  00 00 00 00 00 00 00 00 00 00 00 00 00 00 00 00  ................
173af078  00 00 00 00 00 00 00 00 00 00 00 00 00 00 00 00  ................
173af088  00 00 00 00 00 00 00 00 00 00 00 00 00 00 00 00  ................
173af098  00 00 00 00 00 00 00 00 00 00 00 00 00 00 00 00  ................
173af0a8  00 00 00 00 00 00 00 00 00 00 00 00 00 00 00 00  ................
173af0b8  00 00 00 00 00 00 00 00 00 00 00 00 00 00 00 00  ................
173af0c8  00 00 00 00 00 00 00 00 00 00 00 00 00 00 00 00  ................
173af0d8  00 00 00 00 00 00 00 00 00 00 00 00 00 00 00 00  ................
173af0e8  00 00 00 00 00 00 00 00 00 00 00 00 00 00 00 00  ................
173af0f8  00 00 00 00 00 00 00 00 00 00 00 00 00 00 00 00  ................
173af108  00 00 00 00 00 00 00 00 00 00 00 00 00 00 00 00  ................
173af118  00 00 00 00 00 00 00 00 00 00 00 00 00 00 00 00  ................
173af128  00 00 00 00 00 00 00 00 00 00 00 00 00 00 00 00  ................
173af138  00 00 00 00 00 00 00 00 00 00 00 00 00 00 00 00  ................
173af148  00 00 00 00 00 00 00 00 00 00 00 00 00 00 00 00  ................
173af158  00 00 00 00 00 00 00 00 00 00 00 00 00 00 00 00  ................
173af168  00 00 00 00 00 00 00 00 00 00 00 00 00 00 00 00  ................
173af178  00 00 00 00 00 00 00 00 00 00 00 00 00 00 00 00  ................
173af188  00 00 00 00 00 00 00 00 00 00 00 00 00 00 00 00  ................
173af198  00 00 00 00 00 00 00 00 00 00 00 00 00 00 00 00  ................
173af1a8  00 00 00 00 00 00 00 00 00 00 00 00 00 00 00 00  ................
173af1b8  00 00 00 00 00 00 00 00 00 00 00 00 00 00 00 00  ................
173af1c8  00 00 00 00 00 00 00 00 00 00 00 00 00 00 00 00  ................
173af1d8  00 00 00 00 00 00 00 00 00 00 00 00 00 00 00 00  ................
173af1e8  00 00 00 00 00 00 00 00 00 00 00 00 00 00 00 00  ................
173af1f8  00 00 00 00 00 00 00 00 00 00 00 00 00 00 00 00  ................
173af208  00 00 00 00 00 00 00 00 00 00 00 00 00 00 00 00  ................
173af218  00 00 00 00 00 00 00 00 00 00 00 00 00 00 00 00  ................
173af228  00 00 00 00 00 00 00 00 00 00 00 00 00 00 00 00  ................
173af238  00 00 00 00 00 00 00 00 00 00 00 00 00 00 00 00  ................
173af248  00 00 00 00 00 00 00 00 00 00 00 00 00 00 00 00  ................
173af258  00 00 00 00 00 00 00 00 00 00 00 00 00 00 00 00  ................
173af268  00 00 00 00 00 00 00 00 00 00 00 00 00 00 00 00  ................
173af278  00 00 00 00 00 00 00 00 00 00 00 00 00 00 00 00  ................
173af288  00 00 00 00 00 00 00 00 00 00 00 00 00 00 00 00  ................
173af298  00 00 00 00 00 00 00 00 00 00 00 00 00 00 00 00  ................
173af2a8  00 00 00 00 00 00 00 00 00 00 00 00 00 00 00 00  ................
173af2b8  00 00 00 00 00 00 00 00 00 00 00 00 00 00 00 00  ................
173af2c8  00 00 00 00 00 00 00 00 00 00 00 00 00 00 00 00  ................
173af2d8  00 00 00 00 00 00 00 00 00 00 00 00 00 00 00 00  ................
173af2e8  00 00 00 00 00 00 00 00 00 00 00 00 00 00 00 00  ................
173af2f8  00 00 00 00 00 00 00 00 00 00 00 00 00 00 00 00  ................
173af308  00 00 00 00 00 00 00 00 00 00 00 00 00 00 00 00  ................
173af318  00 00 00 00 00 00 00 00 00 00 00 00 00 00 00 00  ................
173af328  00 00 00 00 00 00 00 00 00 00 00 00 00 00 00 00  ................
173af338  00 00 00 00 00 00 00 00 00 00 00 00 00 00 00 00  ................
173af348  00 00 00 00 00 00 00 00 00 00 00 00 00 00 00 00  ................
173af358  00 00 00 00 00 00 00 00 00 00 00 00 00 00 00 00  ................
173af368  00 00 00 00 00 00 00 00 00 00 00 00 00 00 00 00  ................
173af378  00 00 00 00 00 00 00 00 00 00 00 00 00 00 00 00  ................
173af388  00 00 00 00 00 00 00 00 00 00 00 00 00 00 00 00  ................
173af398  00 00 00 00 00 00 00 00 00 00 00 00 00 00 00 00  ................
173af3a8  00 00 00 00 00 00 00 00 00 00 00 00 00 00 00 00  ................
173af3b8  00 00 00 00 00 00 00 00 00 00 00 00 00 00 00 00  ................
173af3c8  00 00 00 00 00 00 00 00 00 00 00 00 00 00 00 00  ................
173af3d8  00 00 00 00 00 00 00 00 00 00 00 00 00 00 00 00  ................
173af3e8  00 00 00 00 00 00 00 00 00 00 00 00 00 00 00 00  ................
173af3f8  00 00 00 00 00 00 00 00 00 00 00 00 00 00 00 00  ................
173af408  00 00 00 00 00 00 00 00 00 00 00 00 00 00 00 00  ................
173af418  00 00 00 00 00 00 00 00 00 00 00 00 00 00 00 00  ................
173af428  00 00 00 00 00 00 00 00 00 00 00 00 00 00 00 00  ................
173af438  00 00 00 00 00 00 00 00 00 00 00 00 00 00 00 00  ................
173af448  00 00 00 00 00 00 00 00 00 00 00 00 00 00 00 00  ................
173af458  00 00 00 00 00 00 00 00 00 00 00 00 00 00 00 00  ................
173af468  00 00 00 00 00 00 00 00 00 00 00 00 00 00 00 00  ................
173af478  00 00 00 00 00 00 00 00 00 00 00 00 00 00 00 00  ................
173af488  00 00 00 00 00 00 00 00 00 00 00 00 00 00 00 00  ................
173af498  00 00 00 00 00 00 00 00 00 00 00 00 00 00 00 00  ................
173af4a8  00 00 00 00 00 00 00 00 00 00 00 00 00 00 00 00  ................
173af4b8  00 00 00 00 00 00 00 00 00 00 00 00 00 00 00 00  ................
173af4c8  00 00 00 00 00 00 00 00 00 00 00 00 00 00 00 00  ................
173af4d8  00 00 00 00 00 00 00 00 00 00 00 00 00 00 00 00  ................
173af4e8  00 00 00 00 00 00 00 00 00 00 00 00 00 00 00 00  ................
173af4f8  00 00 00 00 00 00 00 00 00 00 00 00 00 00 00 00  ................
173af508  00 00 00 00 00 00 00 00 00 00 00 00 00 00 00 00  ................
173af518  00 00 00 00 00 00 00 00 00 00 00 00 00 00 00 00  ................
173af528  00 00 00 00 00 00 00 00 00 00 00 00 00 00 00 00  ................
173af538  00 00 00 00 00 00 00 00 00 00 00 00 00 00 00 00  ................
173af548  00 00 00 00 00 00 00 00 00 00 00 00 00 00 00 00  ................
173af558  00 00 00 00 00 00 00 00 00 00 00 00 00 00 00 00  ................
173af568  00 00 00 00 00 00 00 00 00 00 00 00 00 00 00 00  ................
173af578  00 00 00 00 00 00 00 00 00 00 00 00 00 00 00 00  ................
173af588  00 00 00 00 00 00 00 00 00 00 00 00 00 00 00 00  ................
173af598  00 00 00 00 00 00 00 00 00 00 00 00 00 00 00 00  ................
173af5a8  00 00 00 00 00 00 00 00 00 00 00 00 00 00 00 00  ................
173af5b8  00 00 00 00 00 00 00 00 00 00 00 00 00 00 00 00  ................
173af5c8  00 00 00 00 00 00 00 00 00 00 00 00 00 00 00 00  ................
173af5d8  00 00 00 00 00 00 00 00 00 00 00 00 00 00 00 00  ................
173af5e8  00 00 00 00 00 00 00 00 00 00 00 00 00 00 00 00  ................
173af5f8  00 00 00 00 00 00 00 00 00 00 00 00 00 00 00 00  ................
173af608  00 00 00 00 00 00 00 00 00 00 00 00 00 00 00 00  ................
173af618  00 00 00 00 00 00 00 00 00 00 00 00 00 00 00 00  ................
173af628  00 00 00 00 00 00 00 00 00 00 00 00 00 00 00 00  ................
173af638  00 00 00 00 00 00 00 00 00 00 00 00 00 00 00 00  ................
173af648  00 00 00 00 00 00 00 00 00 00 00 00 00 00 00 00  ................
173af658  00 00 00 00 00 00 00 00 00 00 00 00 00 00 00 00  ................
173af668  6d 75 60 54 2b c3 92 a8 b8 a7 02 88 3b ab 6b 37  mu`T+.......;.k7
173af678  e3 c1 43 11 39 49 77 de 0f 68 6c 42 0c 64 f0 4f  ..C.9Iw..hlB.d.O
173af688  2f 35 2e 41 84 f2 f5 2d 8f 5a 06 d9 f4 e5 cd 95  /5.A...-.Z......
173af698  a6 15 8b db e7 43 b1 c4 b3 87 ce ac 17 e2 c1 3a  .....C.........:
173af6a8  5e 16 b5 67 50 5b 2d 1b ad fe c8 fe 38 d6 04 a8  ^..gP[-.....8...
173af6b8  69 d2 ea 71 cb a6 30 d5 df 7b fa e7 a8 f4 f7 f8  i..q..0..{......
173af6c8  4c b9 0f ab 3c 2b c5 9f 0a 26 84 96 55 25 f0 32  L...<+...&..U%.2
173af6d8  18 3b 9c b1 f7 da 35 f3 9d 3b 18 c1 1d 0f a0 60  .;....5..;.....`
173af6e8  1d a8 51 1d a4 b9 f8 38 b9 56 87 5c 4d 2d 10 19  ..Q....8.V.\M-..
173af6f8  d5 c0 47 50 87 f7 ca 72 9c 7f 2f 9e c4 28 fb 7e  ..GP...r../..(.~
173af708  b7 21 87 14 ea a3 d2 9b 6a b9 c2 14 22 c0 5c e6  .!......j...".\.
173af718  3d 31 5b bf a5 89 66 2f 8d 92 74 41 a0 a4 68 8c  =1[...f/..tA..h.
173af728  2b f0 8e 0a 58 23 9b 83 d4 35 41 1b 6f d7 06 de  +...X#...5A.o...
173af738  7a f1 b3 d2 d5 24 d6 c7 12 3b 21 1d e2 47 bb de  z....$...;!..G..
173af748  6f cf aa b1 64 6c a3 3d 86 53 09 e2 bb 2e 34 72  o...dl.=.S....4r
173af758  fd af 31 7b d4 e9 c5 61 6e ee f5 c1 35 1c 96 e1  ..1{...an...5...
173af768  1f 53 78 98 1a 32 5e 1c 58 98 55 e7 c5 50 b7 5c  .Sx..2^.X.U..P.\
173af778  94 80 09 d2 2e 6e 2a 07 56 5e f9 f1 ff 43 57 60  .....n*.V^...CW`
173af788  da ed a2 60 18 18 c7 fb da df d6 05 83 8c 9d 9d  ...`............
173af798  43 72 0b 48 12 cb 96 4f 2e a4 46 19 0b 76 5c bf  Cr.H...O..F..v\.
173af7a8  ea 9a a2 a2 a3 a9 87 95 de 3e 9d d4 64 cf b5 f3  .........>..d...
173af7b8  90 37 3f 3c ce 60 2b c8 5d 9f 38 00 00 00 00 00  .7?<.`+.].8.....
173af7c8  00 00 00 00 00 00 00 00 00 00 00 00 00 00 00 00  ................
173af7d8  00 00 00 00 00 00 00 00 00 00 00 00 00 00 00 00  ................
173af7e8  00 00 00 00 00 00 00 00 00 00 00 00 00 00 00 00  ................
173af7f8  00 00 00 00 00 00 00 00 00 00 00 00 00 00 00 00  ................
173af808  00 00 00 00 00 00 00 00 00 00 00 00 00 00 00 00  ................
173af818  00 00 00 00 00 00 00 00 00 00 00 00 00 00 00 00  ................
173af828  00 00 00 00 00 00 00 00 00 00 00 00 00 00 00 00  ................
173af838  00 00 00 00 00 00 00 00 00 00 00 00 00 00 00 00  ................
173af848  00 00 00 00 00 00 00 00 00 00 00 00 00 00 00 00  ................
173af858  00 00 00 00 00 00 00 00 00 00 00 00 00 00 00 00  ................
173af868  00 00 00 00 00 00 00 00 00 00 00 00 00 00 00 00  ................
173af878  00 00 00 00 00 00 00 00 00 00 00 00 00 00 00 00  ................
173af888  00 00 00 00 00 00 00 00 00 00 00 00 00 00 00 00  ................
173af898  00 00 00 00 00 00 00 00 00 00 00 00 00 00 00 00  ................
173af8a8  00 00 00 00 00 00 00 00 00 00 00 00 00 00 00 00  ................
173af8b8  00 00 00 00 00 00 00 00 00 00 00 00 00 00 00 00  ................
173af8c8  00 00 00 00 00 00 00 00 00 00 00 00 00 00 00 00  ................
173af8d8  00 00 00 00 00 00 00 00 00 00 00 00 00 00 00 00  ................
173af8e8  00 00 00 00 00 00 00 00 00 00 00 00 00 00 00 00  ................
173af8f8  00 00 00 00 00 00 00 00 00 00 00 00 00 00 00 00  ................
173af908  00 00 00 00 00 00 00 00 00 00 00 00 00 00 00 00  ................
173af918  00 00 00 00 00 00 00 00 00 00 00 00 00 00 00 00  ................
173af928  00 00 00 00 00 00 00 00 00 00 00 00 00 00 00 00  ................
173af938  00 00 00 00 00 00 00 00 00 00 00 00 00 00 00 00  ................
173af948  00 00 00 00 00 00 00 00 00 00 00 00 00 00 00 00  ................
173af958  00 00 00 00 00 00 00 00 00 00 00 00 00 00 00 00  ................
173af968  00 00 00 00 00 00 00 00 00 00 00 00 00 00 00 00  ................
173af978  00 00 00 00 00 00 00 00 00 00 00 00 00 00 00 00  ................
173af988  00 00 00 00 00 00 00 00 00 00 00 00 00 00 00 00  ................
173af998  00 00 00 00 00 00 00 00 00 00 00 00 00 00 00 00  ................
173af9a8  00 00 00 00 00 00 00 00 00 00 00 00 00 00 00 00  ................
173af9b8  00 00 00 00 00 00 00 00 00 00 00 00 00 00 00 00  ................
173af9c8  00 00 00 00 00 00 00 00 00 00 00 00 00 00 00 00  ................
173af9d8  00 00 00 00 00 00 00 00 00 00 00 00 00 00 00 00  ................
173af9e8  00 00 00 00 00 00 00 00 00 00 00 00 00 00 00 00  ................
173af9f8  00 00 00 00 00 00 00 00 00 00 00 00 00 00 00 00  ................
173afa08  00 00 00 00 00 00 00 00 00 00 00 00 00 00 00 00  ................
173afa18  00 00 00 00 00 00 00 00 00 00 00 00 00 00 00 00  ................
173afa28  00 00 00 00 00 00 00 00 00 00 00 00 00 00 00 00  ................
173afa38  00 00 00 00 00 00 00 00 00 00 00 00 00 00 00 00  ................
173afa48  00 00 00 00 00 00 00 00 00 00 00 00 00 00 00 00  ................
173afa58  00 00 00 00 00 00 00 00 00 00 00 00 00 00 00 00  ................
173afa68  00 00 00 00 00 00 00 00 00 00 00 00 00 00 00 00  ................
173afa78  00 00 00 00 00 00 00 00 00 00 00 00 00 00 00 00  ................
173afa88  00 00 00 00 00 00 00 00 00 00 00 00 00 00 00 00  ................
173afa98  00 00 00 00 00 00 00 00 00 00 00 00 00 00 00 00  ................
173afaa8  00 00 00 00 00 00 00 00 00 00 00 00 00 00 00 00  ................
173afab8  00 00 00 00 00 00 00 00 00 00 00 00 00 00 00 00  ................
173afac8  00 00 00 00 00 00 00 00 00 00 00 00 00 00 00 00  ................
173afad8  00 00 00 00 00 00 00 00 00 00 00 00 00 00 00 00  ................
173afae8  00 00 00 00 00 00 00 00 00 00 00 00 00 00 00 00  ................
173afaf8  00 00 00 00 00 00 00 00 00 00 00 00 00 00 00 00  ................
173afb08  00 00 00 00 00 00 00 00 00 00 00 00 00 00 00 00  ................
173afb18  00 00 00 00 00 00 00 00 00 00 00 00 00 00 00 00  ................
173afb28  00 00 00 00 00 00 00 00 00 00 00 00 00 00 00 00  ................
173afb38  00 00 00 00 00 00 00 00 00 00 00 00 00 00 00 00  ................
173afb48  00 00 00 00 00 00 00 00 00 00 00 00 00 00 00 00  ................
173afb58  00 00 00 00 00 00 00 00 00 00 00 00 00 00 00 00  ................
173afb68  00 00 00 00 00 00 00 00 00 00 00 00 00 00 00 00  ................
173afb78  00 00 00 00 00 00 00 00 00 00 00 00 00 00 00 00  ................
173afb88  00 00 00 00 00 00 00 00 00 00 00 00 00 00 00 00  ................
173afb98  00 00 00 00 00 00 00 00 00 00 00 00 00 00 00 00  ................
173afba8  00 00 00 00 00 00 00 00 00 00 00 00 00 00 00 00  ................
173afbb8  00 00 00 00 00 00 00 00 00 00 00 00 00 00 00 00  ................
173afbc8  00 00 00 00 00 00 00 00 00 00 00 00 00 00 00 00  ................
173afbd8  00 00 00 00 00 00 00 00 00 00 00 00 00 00 00 00  ................
173afbe8  00 00 00 00 00 00 00 00 00 00 00 00 00 00 00 00  ................
173afbf8  00 00 00 00 00 00 00 00 00 00 00 00 00 00 00 00  ................
173afc08  00 00 00 00 00 00 00 00 00 00 00 00 00 00 00 00  ................
173afc18  00 00 00 00 00 00 00 00 00 00 00 00 00 00 00 00  ................
173afc28  00 00 00 00 00 00 00 00 00 00 00 00 00 00 00 00  ................
173afc38  00 00 00 00 00 00 00 00 00 00 00 00 00 00 00 00  ................
173afc48  00 00 00 00 00 00 00 00 00 00 00 00 00 00 00 00  ................
173afc58  00 00 00 00 00 00 00 00 00 00 00 00 00 00 00 00  ................
173afc68  00 00 00 00 00 00 00 00 00 00 00 00 00 00 00 00  ................
173afc78  00 00 00 00 00 00 00 00 00 00 00 00 00 00 00 00  ................
173afc88  00 00 00 00 00 00 00 00 00 00 00 00 00 00 00 00  ................
173afc98  00 00 00 00 00 00 00 00 00 00 00 00 00 00 00 00  ................
173afca8  00 00 00 00 00 00 00 00 00 00 00 00 00 00 00 00  ................
173afcb8  00 00 00 00 00 00 00 00 00 00 00 00 00 00 00 00  ................
173afcc8  00 00 00 00 00 00 00 00 00 00 00 00 00 00 00 00  ................
173afcd8  00 00 00 00 00 00 00 00 00 00 00 00 00 00 00 00  ................
173afce8  00 00 00 00 00 00 00 00 00 00 00 00 00 00 00 00  ................
173afcf8  00 00 00 00 00 00 00 00 00 00 00 00 00 00 00 00  ................
173afd08  00 00 00 00 00 00 00 00 00 00 00 00 00 00 00 00  ................
173afd18  00 00 00 00 00 00 00 00 00 00 00 00 00 00 00 00  ................
173afd28  00 00 00 00 00 00 00 00 00 00 00 00 00 00 00 00  ................
173afd38  00 00 00 00 00 00 00 00 00 00 00 00 00 00 00 00  ................
173afd48  00 00 00 00 00 00 00 00 00 00 00 00 00 00 00 00  ................
173afd58  00 00 00 00 00 00 00 00 00 00 00 00 00 00 00 00  ................
173afd68  00 00 00 00 00 00 00 00 00 00 00 00 00 00 00 00  ................

[STATE] First 300 uint32 values at 4-byte stride:
[STATE] [0] @+0 = 0xdb298a75
[STATE] [1] @+4 = 0x0000001d
[STATE] [2] @+8 = 0x3c83ff0c
[STATE] [3] @+12 = 0x00000002
[STATE] [4] @+16 = 0x0dec4548
[STATE] [5] @+20 = 0x00000002
[STATE] [6] @+24 = 0xf8c273e0
[STATE] [7] @+28 = 0x0000000b
[STATE] [8] @+32 = 0x38a99512
[STATE] [9] @+36 = 0x00000000
[STATE] [10] @+40 = 0xfc7fcfc8
[STATE] [11] @+44 = 0x00000001
[STATE] [12] @+48 = 0x4e110080
[STATE] [13] @+52 = 0x00000014
[STATE] [14] @+56 = 0xf8c13f63
[STATE] [15] @+60 = 0x00000010
[STATE] [16] @+64 = 0x8523e092
[STATE] [17] @+68 = 0x00000012
[STATE] [18] @+72 = 0x8f496087
[STATE] [19] @+76 = 0x00000012
[STATE] [20] @+80 = 0x9fbc973b
[STATE] [21] @+84 = 0x00000014
[STATE] [22] @+88 = 0x22969a7b
[STATE] [23] @+92 = 0x00000009
[STATE] [24] @+96 = 0xb892fffa
[STATE] [25] @+100 = 0x00000001
[STATE] [26] @+104 = 0xf6d19ec7
[STATE] [27] @+108 = 0x00000018
[STATE] [28] @+112 = 0xf6c53add
[STATE] [29] @+116 = 0x00000002
[STATE] [30] @+120 = 0x5a66f96e
[STATE] [31] @+124 = 0x00000004
[STATE] [32] @+128 = 0x00000000
[STATE] [33] @+132 = 0x39586164
[STATE] [34] @+136 = 0xa3614211
[STATE] [35] @+140 = 0x0f000000
[STATE] [36] @+144 = 0x69000000
[STATE] [37] @+148 = 0x299a802b
[STATE] [38] @+152 = 0x032937a5
[STATE] [39] @+156 = 0x80135b2c
[STATE] [50] @+200 = 0x42354333
[STATE] [100] @+400 = 0x00000000
[STATE] [150] @+600 = 0x00000000
[STATE] [200] @+800 = 0x00000000
[STATE] [250] @+1000 = 0x00000000
[STATE] ===== END =====

[HS] Returned: 3

[BF] New context: 0x216cc4c P[0]=0x18073e3f
