[*] Frida BF Key Capture v3 — 2026-03-29T19:17:12.261Z
[*] Log file: F:\Sentinel\tools\frida_capture_2026-03-29_21-17-12.log
[*] Hooked BF_set_key candidate at 0x1249c60
[*] Hooked BF_cfb64_encrypt at 0x12410f0
[*] Hooked DoReceiveShakeHand
[*] Hooked wrappers
[*] All hooks ready! Login now.

[*] ============================================
[*] LOOK FOR:
[*]   [KEY] = RAW Blowfish key (the prize!)
[*]   [CTX] = cipher context structure
[*]   [+] NEW BF_KEY CONTEXT = unique keys
[*] ============================================


[!] ===== HANDSHAKE STARTED =====
[!] Context ptr: 0x2066ff08
[!] Context first 256 bytes:
           0  1  2  3  4  5  6  7  8  9  A  B  C  D  E  F  0123456789ABCDEF
2066ff08  c8 31 a7 1f 00 00 00 00 3c ff 66 20 80 d6 cb 76  .1......<.f ...v
2066ff18  02 00 00 00 b9 d7 c3 76 80 90 a0 01 80 a8 b5 25  .......v.......%
2066ff28  b0 e9 c8 76 f8 fe 66 20 64 ff 66 20 7e c4 44 01  ...v..f d.f ~.D.
2066ff38  01 00 00 00 74 ff 66 20 eb e9 c8 76 a8 69 c9 25  ....t.f ...v.i.%
2066ff48  0b 1b b2 2e b0 e9 c8 76 b0 e9 c8 76 80 a8 b5 25  .......v...v...%
2066ff58  00 00 00 00 48 ff 66 20 00 00 00 00 cc ff 66 20  ....H.f ......f 
2066ff68  e0 92 ca 76 87 f2 04 78 00 00 00 00 84 ff 66 20  ...v...x......f 
2066ff78  49 5d 20 76 80 a8 b5 25 30 5d 20 76 dc ff 66 20  I] v...%0] v..f 
2066ff88  1b d8 a4 77 80 a8 b5 25 4a 9e 72 b9 00 00 00 00  ...w...%J.r.....
2066ff98  00 00 00 00 80 a8 b5 25 00 00 00 00 00 00 00 00  .......%........
2066ffa8  00 00 00 00 00 00 00 00 00 00 00 00 00 00 00 00  ................
2066ffb8  00 00 00 00 00 00 00 00 00 00 00 00 90 ff 66 20  ..............f 
2066ffc8  00 00 00 00 e4 ff 66 20 b0 1d a6 77 a6 84 bb ee  ......f ...w....
2066ffd8  00 00 00 00 ec ff 66 20 a1 d7 a4 77 ff ff ff ff  ......f ...w....
2066ffe8  c9 46 a9 77 00 00 00 00 00 00 00 00 b0 e9 c8 76  .F.w...........v
2066fff8  80 a8 b5 25 00 00 00 00 00 00 00 00 00 00 00 00  ...%............
[!] Returned: 0
[!] ===== HANDSHAKE ENDED =====


[!] ===== HANDSHAKE STARTED =====
[!] Context ptr: 0x2066ff08
[!] Context first 256 bytes:
           0  1  2  3  4  5  6  7  8  9  A  B  C  D  E  F  0123456789ABCDEF
2066ff08  b8 2f a7 1f 00 00 00 00 3c ff 66 20 80 d6 cb 76  ./......<.f ...v
2066ff18  02 00 00 00 b9 d7 c3 76 80 90 a0 01 80 a8 b5 25  .......v.......%
2066ff28  b0 e9 c8 76 f8 fe 66 20 64 ff 66 20 7e c4 44 01  ...v..f d.f ~.D.
2066ff38  01 00 00 00 74 ff 66 20 eb e9 c8 76 a8 69 c9 25  ....t.f ...v.i.%
2066ff48  0b 1b b2 2e b0 e9 c8 76 b0 e9 c8 76 80 a8 b5 25  .......v...v...%
2066ff58  00 00 00 00 48 ff 66 20 00 00 00 00 cc ff 66 20  ....H.f ......f 
2066ff68  e0 92 ca 76 87 f2 04 78 00 00 00 00 84 ff 66 20  ...v...x......f 
2066ff78  49 5d 20 76 80 a8 b5 25 30 5d 20 76 dc ff 66 20  I] v...%0] v..f 
2066ff88  1b d8 a4 77 80 a8 b5 25 4a 9e 72 b9 00 00 00 00  ...w...%J.r.....
2066ff98  00 00 00 00 80 a8 b5 25 00 00 00 00 00 00 00 00  .......%........
2066ffa8  00 00 00 00 00 00 00 00 00 00 00 00 00 00 00 00  ................
2066ffb8  00 00 00 00 00 00 00 00 00 00 00 00 90 ff 66 20  ..............f 
2066ffc8  00 00 00 00 e4 ff 66 20 b0 1d a6 77 a6 84 bb ee  ......f ...w....
2066ffd8  00 00 00 00 ec ff 66 20 a1 d7 a4 77 ff ff ff ff  ......f ...w....
2066ffe8  c9 46 a9 77 00 00 00 00 00 00 00 00 b0 e9 c8 76  .F.w...........v
2066fff8  80 a8 b5 25 00 00 00 00 00 00 00 00 00 00 00 00  ...%............
[!] Returned: 0
[!] ===== HANDSHAKE ENDED =====


[!] ===== HANDSHAKE STARTED =====
[!] Context ptr: 0x2066ff08
[!] Context first 256 bytes:
           0  1  2  3  4  5  6  7  8  9  A  B  C  D  E  F  0123456789ABCDEF
2066ff08  e0 31 a7 1f 00 00 00 00 3c ff 66 20 80 d6 cb 76  .1......<.f ...v
2066ff18  02 00 00 00 b9 d7 c3 76 80 90 a0 01 80 a8 b5 25  .......v.......%
2066ff28  b0 e9 c8 76 f8 fe 66 20 64 ff 66 20 7e c4 44 01  ...v..f d.f ~.D.
2066ff38  01 00 00 00 74 ff 66 20 eb e9 c8 76 a8 69 c9 25  ....t.f ...v.i.%
2066ff48  0b 1b b2 2e b0 e9 c8 76 b0 e9 c8 76 80 a8 b5 25  .......v...v...%
2066ff58  00 00 00 00 48 ff 66 20 00 00 00 00 cc ff 66 20  ....H.f ......f 
2066ff68  e0 92 ca 76 87 f2 04 78 00 00 00 00 84 ff 66 20  ...v...x......f 
2066ff78  49 5d 20 76 80 a8 b5 25 30 5d 20 76 dc ff 66 20  I] v...%0] v..f 
2066ff88  1b d8 a4 77 80 a8 b5 25 4a 9e 72 b9 00 00 00 00  ...w...%J.r.....
2066ff98  00 00 00 00 80 a8 b5 25 00 00 00 00 00 00 00 00  .......%........
2066ffa8  00 00 00 00 00 00 00 00 00 00 00 00 00 00 00 00  ................
2066ffb8  00 00 00 00 00 00 00 00 00 00 00 00 90 ff 66 20  ..............f 
2066ffc8  00 00 00 00 e4 ff 66 20 b0 1d a6 77 a6 84 bb ee  ......f ...w....
2066ffd8  00 00 00 00 ec ff 66 20 a1 d7 a4 77 ff ff ff ff  ......f ...w....
2066ffe8  c9 46 a9 77 00 00 00 00 00 00 00 00 b0 e9 c8 76  .F.w...........v
2066fff8  80 a8 b5 25 00 00 00 00 00 00 00 00 00 00 00 00  ...%............

[+] ===== NEW BF_KEY CONTEXT: 0x2066e5a0 =====
[+] First seen at call #1 (DECRYPT)
[+] Memory BEFORE BF_KEY (-128 bytes):
           0  1  2  3  4  5  6  7  8  9  A  B  C  D  E  F  0123456789ABCDEF
2066e520  20 2e 2e 2e 77 2e 2e 2e 2e 0d 0a 32 30 36 36 66   ...w......2066f
2066e530  66 65 38 20 20 63 39 20 34 36 20 61 39 20 37 37  fe8  c9 46 a9 77
2066e540  20 30 30 20 30 30 20 30 30 20 30 30 20 30 30 20   00 00 00 00 00 
2066e550  30 30 20 30 30 20 30 30 00 00 00 00 65 39 20 63  00 00 00....e9 c
2066e560  0f 00 00 00 20 20 2e 46 2e 77 2e 2e 2e 2e 2e 2e  ....  .F.w......
2066e570  2e 2e 2e 2e 2e 76 0d 0a 32 30 36 36 00 00 00 00  .....v..2066....
2066e580  20 20 38 30 20 61 38 20 62 35 20 32 35 20 30 30    80 a8 b5 25 00
2066e590  01 00 00 00 00 00 00 00 00 00 00 00 9c 28 22 02  .............(".
[+] BF_KEY region (320 bytes):
           0  1  2  3  4  5  6  7  8  9  A  B  C  D  E  F  0123456789ABCDEF
2066e5a0  75 8a 29 db 1d 00 00 00 0c ff 83 3c 02 00 00 00  u.)........<....
2066e5b0  48 45 ec 0d 02 00 00 00 e0 73 c2 f8 0b 00 00 00  HE.......s......
2066e5c0  12 95 a9 38 00 00 00 00 c8 cf 7f fc 01 00 00 00  ...8............
2066e5d0  80 00 11 4e 14 00 00 00 63 3f c1 f8 10 00 00 00  ...N....c?......
2066e5e0  92 e0 23 85 12 00 00 00 87 60 49 8f 12 00 00 00  ..#......`I.....
2066e5f0  3b 97 bc 9f 14 00 00 00 7b 9a 96 22 09 00 00 00  ;.......{.."....
2066e600  fa ff 92 b8 01 00 00 00 c7 9e d1 f6 18 00 00 00  ................
2066e610  dd 3a c5 f6 02 00 00 00 6e f9 66 5a 04 00 00 00  .:......n.fZ....
2066e620  00 00 00 00 00 00 00 00 c0 f0 66 20 ff ff ff ff  ..........f ....
2066e630  08 00 00 00 00 00 00 00 08 00 00 00 25 00 00 00  ............%...
2066e640  00 00 00 00 c0 ea 66 20 d3 87 72 17 38 eb 66 20  ......f ..r.8.f 
2066e650  08 00 00 00 07 00 00 00 00 00 00 00 00 00 00 00  ................
2066e660  f9 ff ff ff 00 00 00 00 00 00 00 00 70 e8 66 20  ............p.f 
2066e670  08 00 00 00 00 00 00 00 00 00 00 00 00 00 00 00  ................
2066e680  00 00 00 00 00 00 00 00 00 00 00 00 00 00 00 00  ................
2066e690  00 00 00 00 00 00 00 00 00 00 00 00 00 00 00 00  ................
2066e6a0  00 00 00 00 32 30 36 36 66 66 66 38 00 00 00 00  ....2066fff8....
2066e6b0  00 00 00 00 00 00 00 00 00 00 00 00 00 00 00 00  ................
2066e6c0  00 00 00 00 00 00 00 00 00 00 00 00 00 00 00 00  ................
2066e6d0  00 00 00 00 00 00 00 00 00 00 00 00 00 00 00 00  ................
[+] ===== END NEW CONTEXT =====

[+] #1 | DECRYPT | 15B | key=0x2066e5a0
[+] IV:
           0  1  2  3  4  5  6  7  8  9  A  B  C  D  E  F  0123456789ABCDEF
2066ee24  00 00 00 00 00 00 00 00                          ........
[+] IN (15/15):
           0  1  2  3  4  5  6  7  8  9  A  B  C  D  E  F  0123456789ABCDEF
2066f668  6f 60 67 4f ee 8f a9 fd 7c c0 a2 7d 02 d3 66     o`gO....|..}..f
[+] OUT after DECRYPT (15/15):
           0  1  2  3  4  5  6  7  8  9  A  B  C  D  E  F  0123456789ABCDEF
2066ea24  d3 ea e7 aa 51 3f bd e0 2e 34 5e 48 01 00 00     ....Q?...4^H...
[+] #2 | DECRYPT | 328B | key=0x2066e5a0
[+] IV:
           0  1  2  3  4  5  6  7  8  9  A  B  C  D  E  F  0123456789ABCDEF
2066ee24  7c c0 a2 7d 02 d3 66 f6                          |..}..f.
[+] IN (64/328):
           0  1  2  3  4  5  6  7  8  9  A  B  C  D  E  F  0123456789ABCDEF
2066f677  e4 62 0e 2e f7 1f d7 64 93 93 36 90 34 42 ef 99  .b.....d..6.4B..
2066f687  d7 c2 2a 1d b4 68 df 6f e3 c2 33 57 83 25 44 07  ..*..h.o..3W.%D.
2066f697  79 ac 76 45 dc 30 ec a7 93 47 75 76 e3 b5 89 ff  y.vE.0...Guv....
2066f6a7  ac c4 6a 9c 43 cf fa 27 dc 4e 40 b3 72 b5 d0 2d  ..j.C..'.N@.r..-
[+] OUT after DECRYPT (64/328):
           0  1  2  3  4  5  6  7  8  9  A  B  C  D  E  F  0123456789ABCDEF
2066ea33  12 00 00 00 45 01 80 b4 da 1c 3b 8e 8a a4 90 06  ....E.....;.....
2066ea43  16 15 fe 91 9a c5 08 00 00 00 9b bd e9 9c c5 42  ...............B
2066ea53  3c 95 08 00 00 00 27 c3 b6 24 23 1b c3 e4 80 00  <.....'..$#.....
2066ea63  00 00 41 33 32 30 41 38 35 45 44 44 37 39 31 37  ..A320A85EDD7917

[+] ===== NEW BF_KEY CONTEXT: 0x2066e978 =====
[+] First seen at call #3 (ENCRYPT)
[+] Memory BEFORE BF_KEY (-128 bytes):
           0  1  2  3  4  5  6  7  8  9  A  B  C  D  E  F  0123456789ABCDEF
2066e8f8  68 74 b8 01 88 0c 22 02 9c 28 22 02 78 e9 66 20  ht...."..(".x.f 
2066e908  9c 28 22 02 f0 10 24 01 88 0c 22 02 9c 28 22 02  .("...$..."..(".
2066e918  3c ee 66 20 38 e9 66 20 00 00 00 00 78 e9 66 20  <.f 8.f ....x.f 
2066e928  9c 28 22 02 fc e9 66 20 06 02 00 00 28 50 5b 17  .("...f ....(P[.
2066e938  8a 08 e5 01 fc e9 66 20 68 ee 66 20 ac 00 00 00  ......f h.f ....
2066e948  78 e9 66 20 30 ee 66 20 64 e9 66 20 01 00 00 00  x.f 0.f d.f ....
2066e958  88 0c 22 02 9c 28 22 02 00 00 00 00 00 00 00 00  .."..(".........
2066e968  98 13 58 12 00 00 f2 30 9c 28 22 02 a5 00 00 00  ..X....0.(".....
[+] BF_KEY region (320 bytes):
           0  1  2  3  4  5  6  7  8  9  A  B  C  D  E  F  0123456789ABCDEF
2066e978  75 8a 29 db 1d 00 00 00 0c ff 83 3c 02 00 00 00  u.)........<....
2066e988  48 45 ec 0d 02 00 00 00 e0 73 c2 f8 0b 00 00 00  HE.......s......
2066e998  12 95 a9 38 00 00 00 00 c8 cf 7f fc 01 00 00 00  ...8............
2066e9a8  80 00 11 4e 14 00 00 00 63 3f c1 f8 10 00 00 00  ...N....c?......
2066e9b8  92 e0 23 85 12 00 00 00 87 60 49 8f 12 00 00 00  ..#......`I.....
2066e9c8  3b 97 bc 9f 14 00 00 00 7b 9a 96 22 09 00 00 00  ;.......{.."....
2066e9d8  fa ff 92 b8 01 00 00 00 c7 9e d1 f6 18 00 00 00  ................
2066e9e8  dd 3a c5 f6 02 00 00 00 6e f9 66 5a 04 00 00 00  .:......n.fZ....
2066e9f8  00 00 00 00 f5 79 b2 2b a2 f6 cc a5 00 00 00 11  .....y.+........
2066ea08  00 00 00 ef 8b 05 f8 6a 43 43 40 fd a2 6f 4d df  .......jCC@..oM.
2066ea18  d6 ea e6 34 80 00 00 00 36 38 34 36 32 32 46 41  ...4....684622FA
2066ea28  36 36 42 39 37 32 32 39 32 31 43 33 46 30 36 35  66B9722921C3F065
2066ea38  34 32 42 43 42 43 38 43 42 39 44 42 44 46 41 45  42BCBC8CB9DBDFAE
2066ea48  38 34 31 34 30 46 39 45 45 44 38 32 32 30 35 44  84140F9EED82205D
2066ea58  38 41 44 45 33 38 45 37 33 41 33 34 45 42 43 36  8ADE38E73A34EBC6
2066ea68  39 41 46 42 33 33 31 43 35 31 46 41 45 37 33 39  9AFB331C51FAE739
2066ea78  38 46 41 43 44 42 44 30 32 41 39 33 45 31 31 32  8FACDBD02A93E112
2066ea88  39 43 35 45 43 43 30 44 39 44 30 30 33 38 42 39  9C5ECC0D9D0038B9
2066ea98  34 36 45 33 42 31 44 33 54 51 43 6c 69 65 6e 74  46E3B1D3TQClient
2066eaa8  00 00 00 00 00 00 00 00 00 00 00 00 00 00 00 00  ................
[+] ===== END NEW CONTEXT =====

[+] #3 | ENCRYPT | 172B | key=0x2066e978
[+] IV:
           0  1  2  3  4  5  6  7  8  9  A  B  C  D  E  F  0123456789ABCDEF
2066ee30  00 00 00 00 00 00 00 00                          ........
[+] IN (64/172):
           0  1  2  3  4  5  6  7  8  9  A  B  C  D  E  F  0123456789ABCDEF
2066e9fc  f5 79 b2 2b a2 f6 cc a5 00 00 00 11 00 00 00 ef  .y.+............
2066ea0c  8b 05 f8 6a 43 43 40 fd a2 6f 4d df d6 ea e6 34  ...jCC@..oM....4
2066ea1c  80 00 00 00 36 38 34 36 32 32 46 41 36 36 42 39  ....684622FA66B9
2066ea2c  37 32 32 39 32 31 43 33 46 30 36 35 34 32 42 43  722921C3F06542BC
[+] OUT after ENCRYPT (64/172):
           0  1  2  3  4  5  6  7  8  9  A  B  C  D  E  F  0123456789ABCDEF
2066ee68  49 f3 32 ce 1d 46 d8 b8 22 d9 1f 40 7e db af 24  I.2..F.."..@~..$
2066ee78  6c b5 fe 6f 96 86 e8 f4 bf e9 21 91 2f 5a 90 ff  l..o......!./Z..
2066ee88  ec a1 55 4e 8b c1 96 f8 37 6c ef 72 72 78 75 bf  ..UN....7l.rrxu.
2066ee98  02 7a d5 9f 15 5b e4 44 dc 48 a1 0c 36 ad f9 4e  .z...[.D.H..6..N
[!] Returned: 3
[!] *** BLOWFISH MODE ACTIVATED ***
[!] ===== HANDSHAKE ENDED =====


[CTX] ===== ENCRYPT WRAPPER CONTEXT =====
[CTX] ptr: 0x2221c90
[CTX] dump (512 bytes):
           0  1  2  3  4  5  6  7  8  9  A  B  C  D  E  F  0123456789ABCDEF
02221c90  34 00 7d 09 c7 92 8f ea 45 11 72 98 50 55 e6 a6  4.}.....E.r.PU..
02221ca0  1a 82 fd 21 d7 6b 3e 6a c3 b5 20 95 46 63 d8 ba  ...!.k>j.. .Fc..
02221cb0  67 ed 38 d6 e5 0d dd 38 68 68 06 8b fb 3f ef 97  g.8....8hh...?..
02221cc0  da e9 3c ab 00 00 00 00 00 00 00 00 00 00 00 00  ..<.............
02221cd0  00 00 00 00 00 00 00 00 00 00 00 00 00 00 00 00  ................
02221ce0  00 00 00 00 00 00 00 00 00 00 00 00 00 00 00 00  ................
02221cf0  00 00 00 00 00 00 00 00 00 00 00 00 00 00 00 00  ................
02221d00  00 00 00 00 00 00 00 00 00 00 00 00 00 00 00 00  ................
02221d10  00 00 00 00 00 00 00 00 00 00 00 00 00 00 00 00  ................
02221d20  00 00 00 00 00 00 00 00 00 00 00 00 00 00 00 00  ................
02221d30  00 00 00 00 00 00 00 00 00 00 00 00 00 00 00 00  ................
02221d40  00 00 00 00 00 00 00 00 00 00 00 00 00 00 00 00  ................
02221d50  00 00 00 00 00 00 00 00 00 00 00 00 00 00 00 00  ................
02221d60  00 00 00 00 00 00 00 00 00 00 00 00 00 00 00 00  ................
02221d70  00 00 00 00 00 00 00 00 00 00 00 00 00 00 00 00  ................
02221d80  00 00 00 00 00 00 00 00 00 00 00 00 00 00 00 00  ................
02221d90  00 00 00 00 00 00 00 00 00 00 00 00 00 00 00 00  ................
02221da0  00 00 00 00 00 00 00 00 00 00 00 00 00 00 00 00  ................
02221db0  00 00 00 00 00 00 00 00 00 00 00 00 00 00 00 00  ................
02221dc0  00 00 00 00 00 00 00 00 00 00 00 00 00 00 00 00  ................
02221dd0  00 00 00 00 00 00 00 00 00 00 00 00 00 00 00 00  ................
02221de0  00 00 00 00 00 00 00 00 00 00 00 00 00 00 00 00  ................
02221df0  00 00 00 00 00 00 00 00 00 00 00 00 00 00 00 00  ................
02221e00  00 00 00 00 00 00 00 00 00 00 00 00 00 00 00 00  ................
02221e10  00 00 00 00 00 00 00 00 00 00 00 00 00 00 00 00  ................
02221e20  00 00 00 00 00 00 00 00 00 00 00 00 00 00 00 00  ................
02221e30  00 00 00 00 00 00 00 00 00 00 00 00 00 00 00 00  ................
02221e40  00 00 00 00 00 00 00 00 00 00 00 00 00 00 00 00  ................
02221e50  00 00 00 00 00 00 00 00 00 00 00 00 00 00 00 00  ................
02221e60  00 00 00 00 00 00 00 00 00 00 00 00 00 00 00 00  ................
02221e70  00 00 00 00 00 00 00 00 00 00 00 00 00 00 00 00  ................
02221e80  00 00 00 00 00 00 00 00 00 00 00 00 00 00 00 00  ................
[CTX] ===== END =====


[+] ===== NEW BF_KEY CONTEXT: 0x22228dc =====
[+] First seen at call #4 (ENCRYPT)
[+] Memory BEFORE BF_KEY (-128 bytes):
           0  1  2  3  4  5  6  7  8  9  A  B  C  D  E  F  0123456789ABCDEF
0222285c  00 00 00 00 00 00 00 00 00 00 00 00 00 00 00 00  ................
0222286c  00 00 00 00 00 00 00 00 00 00 00 00 00 00 00 00  ................
0222287c  00 00 00 00 00 00 00 00 00 00 00 00 00 00 00 00  ................
0222288c  00 00 00 00 02 00 00 00 00 00 00 00 b8 ac 21 02  ..............!.
0222289c  e8 82 39 2d 00 00 00 00 00 00 00 00 01 9b bd e9  ..9-............
022228ac  9c c5 42 3c 95 27 c3 b6 24 23 1b c3 e4 52 33 58  ..B<.'..$#...R3X
022228bc  78 39 37 72 61 35 69 38 44 36 75 5a 7a 00 00 00  x97ra5i8D6uZz...
022228cc  00 00 00 00 00 00 00 00 00 00 00 00 00 00 00 00  ................
[+] BF_KEY region (320 bytes):
           0  1  2  3  4  5  6  7  8  9  A  B  C  D  E  F  0123456789ABCDEF
022228dc  7d e1 79 de 13 00 00 00 6a 1b 05 a3 0f 00 00 00  }.y.....j.......
022228ec  8c 2e 99 4b 00 00 00 00 43 6a bc e9 03 00 00 00  ...K....Cj......
022228fc  98 0a 14 d6 13 00 00 00 36 1f b3 38 0e 00 00 00  ........6..8....
0222290c  6a 64 fe 5d 03 00 00 00 64 8b 71 c1 06 00 00 00  jd.]....d.q.....
0222291c  bd b5 7b ec 15 00 00 00 92 05 b3 5a 07 00 00 00  ..{........Z....
0222292c  65 54 3f 42 0d 00 00 00 ea 4f f9 51 15 00 00 00  eT?B.....O.Q....
0222293c  43 ab b1 1e 1b 00 00 00 93 51 21 25 05 00 00 00  C........Q!%....
0222294c  84 9b 60 8b 05 00 00 00 18 a0 06 f8 06 00 00 00  ..`.............
0222295c  00 00 00 00 0c 00 00 00 00 00 00 00 f2 d2 e6 8e  ................
0222296c  be ce 82 f2 4a 6a 8e 86 f6 26 ea 2a 42 02 b6 fe  ....Jj...&.*B...
0222297c  8e fe d2 e2 da 9a 5e f6 c6 d6 3a 1a d2 b2 46 6e  ......^...:...Fn
0222298c  9e ae e2 d2 2a ca ee 66 d6 86 4a 0a 22 e2 16 de  ....*..f..J."...
0222299c  6e 5e 32 c2 ba 7a be d6 a6 b6 9a fa b2 12 a6 4e  n^2..z.........N
022229ac  7e 0e 42 b2 0a aa 4e 46 b6 66 aa ea 02 42 76 be  ~.B...NF.f...Bv.
022229bc  4e 3e 92 a2 9a da 1e b6 86 16 fa da 92 f2 06 2e  N>..............
022229cc  5e ee a2 92 ea 0a ae 26 96 c6 0a ca e2 22 d6 9e  ^......&....."..
022229dc  2e 9e f2 82 7a ba 7e 96 66 f6 5a ba 72 52 66 0e  ....z.~.f.Z.rRf.
022229ec  3e 4e 02 72 ca ea 0e 06 76 a6 6a aa c2 82 36 7e  >N.r....v.j...6~
022229fc  0e 7e 52 62 5a 1a de 76 46 56 ba 9a 52 32 c6 ee  .~RbZ..vFV..R2..
02222a0c  1e 2e 62 52 aa 4a 6e e6 56 06 ca 8a a2 62 96 5e  ..bR.Jn.V....b.^
[+] ===== END NEW CONTEXT =====

[+] #4 | ENCRYPT | 52B | key=0x22228dc
[+] IV:
           0  1  2  3  4  5  6  7  8  9  A  B  C  D  E  F  0123456789ABCDEF
022228b1  27 c3 b6 24 23 1b c3 e4                          '..$#...
[+] IN (52/52):
           0  1  2  3  4  5  6  7  8  9  A  B  C  D  E  F  0123456789ABCDEF
02221c90  34 00 7d 09 c7 92 8f ea 45 11 72 98 50 55 e6 a6  4.}.....E.r.PU..
02221ca0  1a 82 fd 21 d7 6b 3e 6a c3 b5 20 95 46 63 d8 ba  ...!.k>j.. .Fc..
02221cb0  67 ed 38 d6 e5 0d dd 38 68 68 06 8b fb 3f ef 97  g.8....8hh...?..
02221cc0  da e9 3c ab                                      ..<.
[+] OUT after ENCRYPT (52/52):
           0  1  2  3  4  5  6  7  8  9  A  B  C  D  E  F  0123456789ABCDEF
02220c90  6f 52 e0 86 0b b2 44 21 af 50 dd 00 56 8b 7e 1a  oR....D!.P..V.~.
02220ca0  ee 58 9b e5 3e c1 29 0e 0a 78 93 3d a2 2c ba 6d  .X..>.)..x.=.,.m
02220cb0  49 a6 42 11 5e 75 0e a3 98 26 87 e4 48 68 af 61  I.B.^u...&..Hh.a
02220cc0  b1 a8 2c 23                                      ..,#
[+] #5 | ENCRYPT | 8B | key=0x22228dc
[+] IV:
           0  1  2  3  4  5  6  7  8  9  A  B  C  D  E  F  0123456789ABCDEF
022228b1  b1 a8 2c 23 9d fa 95 48                          ..,#...H
[+] IN (8/8):
           0  1  2  3  4  5  6  7  8  9  A  B  C  D  E  F  0123456789ABCDEF
016f83f8  54 51 43 6c 69 65 6e 74                          TQClient
[+] OUT after ENCRYPT (8/8):
           0  1  2  3  4  5  6  7  8  9  A  B  C  D  E  F  0123456789ABCDEF
02220c90  c9 ab d6 24 a0 e0 42 80                          ...$..B.

[CTX] ===== DECRYPT WRAPPER CONTEXT =====
[CTX] ptr: 0x2066fe9c
[CTX] dump (512 bytes):
           0  1  2  3  4  5  6  7  8  9  A  B  C  D  E  F  0123456789ABCDEF
2066fe9c  96 37 00 00 02 00 00 00 00 00 00 00 08 ff 66 20  .7............f 
2066feac  38 31 a7 1f 98 fe 66 20 e4 fe 66 20 9a 16 2f 01  81....f ..f ../.
2066febc  ff ff ff ff 1b 24 46 00 0a 47 42 00 00 00 00 00  .....$F..GB.....
2066fecc  17 47 42 00 58 0f 83 c1 80 90 a0 01 a8 69 c9 25  .GB.X........i.%
2066fedc  00 00 00 00 08 ff 66 20 40 0f 83 c1 3c ff 66 20  ......f @...<.f 
2066feec  cb 2e e4 00 08 ff 66 20 64 00 00 00 94 0e 83 c1  ......f d.......
2066fefc  80 a8 b5 25 77 2e e4 00 80 a8 b5 25 38 31 a7 1f  ...%w......%81..
2066ff0c  00 00 00 00 a0 2f a7 1f 70 73 21 02 02 00 00 00  ...../..ps!.....
2066ff1c  e0 31 a7 1f 80 90 a0 01 48 5b af 25 48 5b af 25  .1......H[.%H[.%
2066ff2c  f8 fe 66 20 64 ff 66 20 7e c4 44 01 01 00 00 00  ..f d.f ~.D.....
2066ff3c  74 ff 66 20 eb e9 c8 76 a8 69 c9 25 0b 1b b2 2e  t.f ...v.i.%....
2066ff4c  b0 e9 c8 76 b0 e9 c8 76 80 a8 b5 25 00 00 00 00  ...v...v...%....
2066ff5c  48 ff 66 20 00 00 00 00 cc ff 66 20 e0 92 ca 76  H.f ......f ...v
2066ff6c  87 f2 04 78 00 00 00 00 84 ff 66 20 49 5d 20 76  ...x......f I] v
2066ff7c  80 a8 b5 25 30 5d 20 76 dc ff 66 20 1b d8 a4 77  ...%0] v..f ...w
2066ff8c  80 a8 b5 25 4a 9e 72 b9 00 00 00 00 00 00 00 00  ...%J.r.........
2066ff9c  80 a8 b5 25 00 00 00 00 00 00 00 00 00 00 00 00  ...%............
2066ffac  00 00 00 00 00 00 00 00 00 00 00 00 00 00 00 00  ................
2066ffbc  00 00 00 00 00 00 00 00 90 ff 66 20 00 00 00 00  ..........f ....
2066ffcc  e4 ff 66 20 b0 1d a6 77 a6 84 bb ee 00 00 00 00  ..f ...w........
2066ffdc  ec ff 66 20 a1 d7 a4 77 ff ff ff ff c9 46 a9 77  ..f ...w.....F.w
2066ffec  00 00 00 00 00 00 00 00 b0 e9 c8 76 80 a8 b5 25  ...........v...%
2066fffc  00 00 00 00 00 00 00 00 00 00 00 00 00 00 00 00  ................
2067000c  00 00 00 00 00 00 00 00 00 00 00 00 00 00 00 00  ................
2067001c  00 00 00 00 00 00 00 00 00 00 00 00 00 00 00 00  ................
2067002c  00 00 00 00 00 00 00 00 00 00 00 00 00 00 00 00  ................
2067003c  00 00 00 00 00 00 00 00 00 00 00 00 00 00 00 00  ................
2067004c  00 00 00 00 00 00 00 00 00 00 00 00 00 00 00 00  ................
2067005c  00 00 00 00 00 00 00 00 00 00 00 00 00 00 00 00  ................
2067006c  00 00 00 00 00 00 00 00 00 00 00 00 00 00 00 00  ................
2067007c  00 00 00 00 00 00 00 00 00 00 00 00 00 00 00 00  ................
2067008c  00 00 00 00 00 00 00 00 00 00 00 00 00 00 00 00  ................
[CTX] ===== END =====

[+] #6 | DECRYPT | 2B | key=0x22228dc
[+] IV:
           0  1  2  3  4  5  6  7  8  9  A  B  C  D  E  F  0123456789ABCDEF
022228a9  9b bd e9 9c c5 42 3c 95                          .....B<.
[+] IN (2/2):
           0  1  2  3  4  5  6  7  8  9  A  B  C  D  E  F  0123456789ABCDEF
2066fe9c  96 37                                            .7
[+] OUT after DECRYPT (2/2):
           0  1  2  3  4  5  6  7  8  9  A  B  C  D  E  F  0123456789ABCDEF
02220c90  38 00                                            8.
[+] #7 | DECRYPT | 62B | key=0x22228dc
[+] IV:
           0  1  2  3  4  5  6  7  8  9  A  B  C  D  E  F  0123456789ABCDEF
022228a9  96 37 ec 7f 68 83 fc 76                          .7..h..v
[+] IN (62/62):
           0  1  2  3  4  5  6  7  8  9  A  B  C  D  E  F  0123456789ABCDEF
02221492  d5 76 60 7c 03 89 0c 65 12 c7 dc ab ed db 65 3b  .v`|...e......e;
022214a2  e5 52 ee 92 bf 61 72 92 48 2d bd c0 e2 c2 17 1a  .R...ar.H-......
022214b2  2b 7e 83 df 9d df 80 7d c9 72 2f 3b 63 0c 02 f6  +~.....}.r/;c...
022214c2  af f9 05 f3 9e 49 a6 a0 d4 eb af 6d 23 cc        .....I.....m#.
[+] OUT after DECRYPT (62/62):
           0  1  2  3  4  5  6  7  8  9  A  B  C  D  E  F  0123456789ABCDEF
02220c90  39 09 08 ff ff ff 07 10 b5 10 18 00 20 c1 09 30  9........... ..0
02220ca0  00 38 00 40 01 48 00 72 06 53 59 53 54 45 4d 72  .8.@.H.r.SYSTEMr
02220cb0  08 41 4c 4c 55 53 45 52 53 72 00 72 09 41 4e 53  .ALLUSERSr.r.ANS
02220cc0  57 45 52 5f 4f 4b 54 51 53 65 72 76 65 72        WER_OKTQServer
[+] #8 | DECRYPT | 2B | key=0x22228dc
[+] IV:
           0  1  2  3  4  5  6  7  8  9  A  B  C  D  E  F  0123456789ABCDEF
022228a9  a6 a0 d4 eb af 6d 23 cc                          .....m#.
[+] IN (2/2):
           0  1  2  3  4  5  6  7  8  9  A  B  C  D  E  F  0123456789ABCDEF
2066fe9c  2a 29                                            *)
[+] OUT after DECRYPT (2/2):
           0  1  2  3  4  5  6  7  8  9  A  B  C  D  E  F  0123456789ABCDEF
02220c90  0c 00                                            ..
[+] #9 | DECRYPT | 18B | key=0x22228dc
[+] IV:
           0  1  2  3  4  5  6  7  8  9  A  B  C  D  E  F  0123456789ABCDEF
022228a9  2a 29 72 19 1f 00 e8 a2                          *)r.....
[+] IN (18/18):
           0  1  2  3  4  5  6  7  8  9  A  B  C  D  E  F  0123456789ABCDEF
02221492  21 10 1f 00 e8 a2 73 c7 e0 d7 b4 09 e1 fb 53 db  !.....s.......S.
022214a2  d9 11                                            ..
[+] OUT after DECRYPT (18/18):
           0  1  2  3  4  5  6  7  8  9  A  B  C  D  E  F  0123456789ABCDEF
02220c90  53 09 00 00 00 00 00 00 00 00 54 51 53 65 72 76  S.........TQServ
02220ca0  65 72                                            er
[+] #10 | DECRYPT | 2B | key=0x22228dc
[+] IV:
           0  1  2  3  4  5  6  7  8  9  A  B  C  D  E  F  0123456789ABCDEF
022228a9  53 db d9 11 20 6d 17 3d                          S... m.=
[+] IN (2/2):
           0  1  2  3  4  5  6  7  8  9  A  B  C  D  E  F  0123456789ABCDEF
2066fe9c  24 6f                                            $o
[+] OUT after DECRYPT (2/2):
           0  1  2  3  4  5  6  7  8  9  A  B  C  D  E  F  0123456789ABCDEF
02220c90  04 02                                            ..
[+] #11 | DECRYPT | 522B | key=0x22228dc
[+] IV:
           0  1  2  3  4  5  6  7  8  9  A  B  C  D  E  F  0123456789ABCDEF
022228a9  53 db d9 11 24 6f 17 3d                          S...$o.=
[+] IN (64/522):
           0  1  2  3  4  5  6  7  8  9  A  B  C  D  E  F  0123456789ABCDEF
02221492  29 34 d8 b2 02 fd 15 8a 85 73 fd 31 a6 25 d2 40  )4.......s.1.%.@
022214a2  18 20 21 5b 0e fe 7b fd 96 2a f9 b4 e5 65 54 cf  . ![..{..*...eT.
022214b2  4a 62 1d 01 54 1d 09 b7 05 41 5c 44 ab 4d 94 b8  Jb..T....A\D.M..
022214c2  93 13 62 90 40 d7 71 be d1 58 f1 a0 1f 03 c9 2b  ..b.@.q..X.....+
[+] OUT after DECRYPT (64/522):
           0  1  2  3  4  5  6  7  8  9  A  B  C  D  E  F  0123456789ABCDEF
02220c90  3e 09 00 00 00 00 00 00 00 00 00 00 00 00 00 00  >...............
02220ca0  00 00 00 00 00 00 00 00 00 00 00 00 00 00 00 00  ................
02220cb0  00 00 00 00 00 00 00 00 00 00 00 00 00 00 00 00  ................
02220cc0  00 00 00 00 00 00 00 00 00 00 00 00 00 00 00 00  ................
[+] #12 | DECRYPT | 2B | key=0x22228dc
[+] IV:
           0  1  2  3  4  5  6  7  8  9  A  B  C  D  E  F  0123456789ABCDEF
022228a9  ab 0f 0a b6 f8 e4 ac 9b                          ........
[+] IN (2/2):
           0  1  2  3  4  5  6  7  8  9  A  B  C  D  E  F  0123456789ABCDEF
2066fe9c  4a 3a                                            J:
[+] OUT after DECRYPT (2/2):
           0  1  2  3  4  5  6  7  8  9  A  B  C  D  E  F  0123456789ABCDEF
02220c90  40 00                                            @.
[+] #13 | DECRYPT | 70B | key=0x22228dc
[+] IV:
           0  1  2  3  4  5  6  7  8  9  A  B  C  D  E  F  0123456789ABCDEF
022228a9  4a 3a 50 ab 95 dc 40 5d                          J:P...@]
[+] IN (64/70):
           0  1  2  3  4  5  6  7  8  9  A  B  C  D  E  F  0123456789ABCDEF
02221492  69 a2 9d 23 bf a2 71 cd f0 a6 2e 6c 3d 46 dc 75  i..#..q....l=F.u
022214a2  6a f0 94 85 58 14 d0 9c c7 b4 39 35 1d 43 68 db  j...X.....95.Ch.
022214b2  9f 18 3d ec 00 b9 66 51 bf 18 07 7c 3b 2a 8c cd  ..=...fQ...|;*..
022214c2  db f7 5e ad 73 84 de 91 0f 02 2e 1d 22 c7 38 d3  ..^.s.......".8.
[+] OUT after DECRYPT (64/70):
           0  1  2  3  4  5  6  7  8  9  A  B  C  D  E  F  0123456789ABCDEF
02220c90  39 09 08 ff ff ff 07 10 d0 0f 18 00 20 c1 09 30  9........... ..0
02220ca0  00 38 00 40 01 48 00 72 06 53 59 53 54 45 4d 72  .8.@.H.r.SYSTEMr
02220cb0  07 4c 65 70 6f 53 65 6e 72 00 72 12 53 54 52 5f  .LepoSenr.r.STR_
02220cc0  46 45 45 54 59 50 45 5f 46 52 45 45 40 40 54 51  FEETYPE_FREE@@TQ
[+] #14 | DECRYPT | 2B | key=0x22228dc
[+] IV:
           0  1  2  3  4  5  6  7  8  9  A  B  C  D  E  F  0123456789ABCDEF
022228a9  38 d3 7b d8 32 6b 98 27                          8.{.2k.'
[+] IN (2/2):
           0  1  2  3  4  5  6  7  8  9  A  B  C  D  E  F  0123456789ABCDEF
2066fe9c  7d 6e                                            }n
[+] OUT after DECRYPT (2/2):
           0  1  2  3  4  5  6  7  8  9  A  B  C  D  E  F  0123456789ABCDEF
02220c90  41 00                                            A.
[+] #15 | DECRYPT | 71B | key=0x22228dc
[+] IV:
           0  1  2  3  4  5  6  7  8  9  A  B  C  D  E  F  0123456789ABCDEF
022228a9  7d 6e aa bf fc 8f f7 7f                          }n......
[+] IN (64/71):
           0  1  2  3  4  5  6  7  8  9  A  B  C  D  E  F  0123456789ABCDEF
02221492  93 b6 f4 70 08 80 8b 96 34 24 c0 8f 39 20 fc 08  ...p....4$..9 ..
022214a2  f6 7a 32 e0 cd d3 22 6e 75 ef 6d 6b 8c 17 1f 1b  .z2..."nu.mk....
022214b2  2c 72 ec 31 43 aa f5 62 76 9d 94 a8 92 f5 17 de  ,r.1C..bv.......
022214c2  cd 4b 03 33 bc 32 d8 e5 00 df 1b 34 be d8 32 8a  .K.3.2.....4..2.
[+] OUT after DECRYPT (64/71):
           0  1  2  3  4  5  6  7  8  9  A  B  C  D  E  F  0123456789ABCDEF
02220c90  39 09 08 ff ff ff 07 10 d0 0f 18 00 20 c1 09 30  9........... ..0
02220ca0  00 38 00 40 01 48 00 72 06 53 59 53 54 45 4d 72  .8.@.H.r.SYSTEMr
02220cb0  07 4c 65 70 6f 53 65 6e 72 00 72 13 53 54 52 5f  .LepoSenr.r.STR_
02220cc0  46 45 45 54 59 50 45 5f 4b 4e 4f 57 4e 40 40 54  FEETYPE_KNOWN@@T
[+] #16 | DECRYPT | 2B | key=0x22228dc
[+] IV:
           0  1  2  3  4  5  6  7  8  9  A  B  C  D  E  F  0123456789ABCDEF
022228a9  b4 9d 60 8f ea bf 08 dc                          ..`.....
[+] IN (2/2):
           0  1  2  3  4  5  6  7  8  9  A  B  C  D  E  F  0123456789ABCDEF
2066fe9c  81 60                                            .`
[+] OUT after DECRYPT (2/2):
           0  1  2  3  4  5  6  7  8  9  A  B  C  D  E  F  0123456789ABCDEF
02220c90  1c 00                                            ..
[+] #17 | DECRYPT | 34B | key=0x22228dc
[+] IV:
           0  1  2  3  4  5  6  7  8  9  A  B  C  D  E  F  0123456789ABCDEF
022228a9  b4 81 60 8f ea bf 08 dc                          ..`.....
[+] IN (34/34):
           0  1  2  3  4  5  6  7  8  9  A  B  C  D  E  F  0123456789ABCDEF
02221492  3c e2 b7 08 cc 19 7c 7e 02 a6 4a dd aa fe 81 9e  <.....|~..J.....
022214a2  c6 e9 e7 1b 9c 05 76 32 f6 5e dd 59 48 2c ee e0  ......v2.^.YH,..
022214b2  d5 e1                                            ..
[+] OUT after DECRYPT (34/34):
           0  1  2  3  4  5  6  7  8  9  A  B  C  D  E  F  0123456789ABCDEF
02220c90  b3 08 08 00 10 7e 18 02 20 57 28 1d 30 0c 38 11  .....~.. W(.0.8.
02220ca0  40 18 48 d4 91 a6 ce 06 50 00 54 51 53 65 72 76  @.H.....P.TQServ
02220cb0  65 72                                            er
[+] #18 | DECRYPT | 2B | key=0x22228dc
[+] IV:
           0  1  2  3  4  5  6  7  8  9  A  B  C  D  E  F  0123456789ABCDEF
022228a9  2c ee e0 d5 e1 6e 58 05                          ,....nX.
[+] IN (2/2):
           0  1  2  3  4  5  6  7  8  9  A  B  C  D  E  F  0123456789ABCDEF
2066fe9c  2e 58                                            .X
[+] OUT after DECRYPT (2/2):
           0  1  2  3  4  5  6  7  8  9  A  B  C  D  E  F  0123456789ABCDEF
02220c90  40 00                                            @.
[+] #19 | DECRYPT | 70B | key=0x22228dc
[+] IV:
           0  1  2  3  4  5  6  7  8  9  A  B  C  D  E  F  0123456789ABCDEF
022228a9  2c ee e0 d5 e1 2e 58 05                          ,.....X.
[+] IN (64/70):
           0  1  2  3  4  5  6  7  8  9  A  B  C  D  E  F  0123456789ABCDEF
02221492  28 59 78 c5 54 49 aa 0c ed 41 43 a3 2c 1b 6f 37  (Yx.TI...AC.,.o7
022214a2  b2 4e 40 5c b3 c4 14 61 f8 01 1e 5d c7 13 3a 76  .N@\...a...]..:v
022214b2  b4 8c 1e c7 c9 6f a9 16 cd 65 73 55 02 dd 4e c9  .....o...esU..N.
022214c2  b7 29 ed 8d 83 aa a2 52 f0 bb b4 03 27 73 54 41  .).....R....'sTA
[+] OUT after DECRYPT (64/70):
           0  1  2  3  4  5  6  7  8  9  A  B  C  D  E  F  0123456789ABCDEF
02220c90  2d 09 08 00 10 00 1a 07 08 de 80 cb 01 10 00 1a  -...............
02220ca0  07 08 a1 d4 cb 01 10 00 1a 07 08 cd fc cb 01 10  ................
02220cb0  00 1a 07 08 f4 83 cc 01 10 00 1a 07 08 eb 9c cc  ................
02220cc0  01 10 00 1a 07 08 e7 b9 cc 01 10 00 30 00 54 51  ............0.TQ
[+] #20 | DECRYPT | 2B | key=0x22228dc
[+] IV:
           0  1  2  3  4  5  6  7  8  9  A  B  C  D  E  F  0123456789ABCDEF
022228a9  e5 3c e6 68 13 10 31 b1                          .<.h..1.
[+] IN (2/2):
           0  1  2  3  4  5  6  7  8  9  A  B  C  D  E  F  0123456789ABCDEF
2066fe9c  1a 31                                            .1
[+] OUT after DECRYPT (2/2):
           0  1  2  3  4  5  6  7  8  9  A  B  C  D  E  F  0123456789ABCDEF
02220c90  0a 00                                            ..
[+] #200 | ENCRYPT | 10B | key=0x22228dc
[+] IV:
           0  1  2  3  4  5  6  7  8  9  A  B  C  D  E  F  0123456789ABCDEF
022228b1  0c 4f 90 53 c5 ef 6f 57                          .O.S..oW
[+] IN (10/10):
           0  1  2  3  4  5  6  7  8  9  A  B  C  D  E  F  0123456789ABCDEF
02221c90  0a 00 f9 09 08 04 48 01 50 04                    ......H.P.
[+] OUT after ENCRYPT (10/10):
           0  1  2  3  4  5  6  7  8  9  A  B  C  D  E  F  0123456789ABCDEF
02220c90  9a 53 3c e6 67 53 d1 55 94 84                    .S<.gS.U..
[+] #400 | DECRYPT | 2B | key=0x22228dc
[+] IV:
           0  1  2  3  4  5  6  7  8  9  A  B  C  D  E  F  0123456789ABCDEF
022228a9  d5 64 14 19 49 eb 5f ca                          .d..I._.
[+] IN (2/2):
           0  1  2  3  4  5  6  7  8  9  A  B  C  D  E  F  0123456789ABCDEF
2066fe9c  6b eb                                            k.
[+] OUT after DECRYPT (2/2):
           0  1  2  3  4  5  6  7  8  9  A  B  C  D  E  F  0123456789ABCDEF
02220c90  22 00                                            ".
