[*] Frida v10 — Full keystream + S-box probe — 2026-03-30T03:02:38.725Z
[*] Hooked. Login now.

[*] Got BF_KEY: 0x1713e5a0
[*] Generated 4096 bytes of keystream
[STREAM] KEYSTREAM_START
[STREAM] 0000 bc8a80e5bfb0141d694d6035a12e9dafec3699e9846441a26acf349c4aa71eaca31ad115bff1efad3f5da450b09719de6998b70ee0080876aba501e260f1f9d9
[STREAM] 0040 e613f886244d896ffd6ea57a279fb65603945fcf2c9fe208e662a69af4a96c4061736d66070134513e4458e9dafe226ccbe69730697e579ea4bc030ccd0214d2
[STREAM] 0080 28e96682e1bbc7fac90a139a8b261249aebd131e5178d9d063e3c67c2690fec9b86decd913bbffd585ac0dc83c114522a144d79ec9f9b35ec3fb8531930bbcf4
[STREAM] 00c0 eae1b5c3b3efeb7db92c1d0aa26f743f61237f7ee5ed623f9f0ca45ea4ab208e850181d625ba29399326fc4bbc7575a2f96a55e146b5db4521e93cdf2e3207c4
[STREAM] 0100 218d3847024ae44ed625b501b7b660dfdac1cb4534d1f74b0b4080008a6cf8ce484cac59a267a7b9625f25066c0dcfe9f331d104b58479ed8549ba065931571d
[STREAM] 0140 b9312f78bf7d1996de54f8b0364227a6b6c1f75e2ac438cbe281f97b9bf9b74740723742a44cc4185bd0082c6e22dccc077aae2fc5771c785c8ad57709ca509f
[STREAM] 0180 5fe98f456a400dcc8c5130ad729d1f30b9b13228aa8217956c6bb852f022875cb4a3aa479edf7d16a3e277af54f2646b3ccabd8684306b447df17843fa2464b2
[STREAM] 01c0 b0f532b66081cc150a039d47682a9bfa81e611b1a9e8e2896201908083b931c749dc3b9782eed7bc61696f11e43ffd81a2cfdbba5cc830047688ee6cfb18e60f
[STREAM] 0200 dab47211a8874dfe1842adf9a30f5c7e2dae9c6eac61f51f919087c690e3b7950a793d0db63e7d6bdf4a4a7a5f1250af72371153dc5ae91a30dcd6aad10ed38b
[STREAM] 0240 d62f4a1889167b8f4dbefee76a60a369b356ae64e02495902a8f7fc5d0963dd248e3bf87af7b601de1abc7141e451d32c1bb977709618233ade1b0ea0ddb5fb0
[STREAM] 0280 1739e7100abc226f54b95a842d0dd8c51db361c429dcf243b6dc4a0afd96c15dc11f114280074938995ceaf141e2d4858ee7b69f882a00849617c8015a826a16
[STREAM] 02c0 f79fc1402569f09436ee30a4e927e1f40222006fef9a69a9492fbaa7a024ec2a20a35043f060abeff08405d0ab81404ba6440e2a7e59b3c2568a00d57825f06d
[STREAM] 0300 58b74e2672c009bc8d47f29b072c3708a22ba4c7a49a2c4ceeb93a1dbe774c5cf47412994b4e0f2977cc09ce694d8cde91ad38c5ab7ea75d9f488f13bedd2fe7
[STREAM] 0340 60bd4882e3b70054819b7c0bb8ff950fdd892c29d3042227cc21cca8d73a9cf80f538e07eb74d1aa768f1203c673c5a5c319cf16405bc251bdc8356b601e0ee6
[STREAM] 0380 cb8fade35fa0949375515b9bdfbd0077e83a3e51259a5b608222ef85d20a7821ef5e59cd7268a24544adb6955adccab051e0f83ab101442071f3dbcb314ab7bc
[STREAM] 03c0 f42a962554194f3248b264be0e086ada2b9699256ecb462031e48f8c65f03d21f4852b8d1087c14e0c1703cc7ff2513e9f509ee369e96688184720a66ed1bc81
[STREAM] 0400 2bcebbe781c67a120ee23a49a5f67cf20f57ea1ede4d407ec10b48c7b66b5bc41bf1d2f5ba4c0b6e265f2c020b2dfc6d536289fa259c74f865b637ba96508f61
[STREAM] 0440 de87f2f476612f8a175a190e2dac75225cae7028557dfc92ad4499dc74c32b2557a6adca6c3107f184e103af2689b0688f68b7e86211bc21535040d1df0a7472
[STREAM] 0480 51b67c5c4711a68bef7541f50d9cb5bf50b1b2b56b9cd34c6533a8abf91971b0c7dd518846199aaf42eec76302b4fb2b99d8abd98bd639d3f0e33b3b950506d3
[STREAM] 04c0 0e3d924c3cf3a13e88a265f6171bb2cdd23ca9b7d9934b0d95ae4d5a10fcf8cab8a79cb76c7ea9c926301a14e11f3f642937a08a691a7f5441ffd3f452b5aa97
[STREAM] 0500 2ca26d9ef7bbc8181148c75ec401a6103ccc063790f318694623e67ad1f3a1815a44b970ce7e77c85324bda300558bd3017946eee1b51d102886dba9f0d86672
[STREAM] 0540 04bee28cd5585b8cb43d448970f50ca7ae24309e2bf1b8cd2833e6cf0b9289c042f2c2c5e8ab914b50969ff8e5363ddbaa04dfc16f0a9ea351ae1619f8fd4e57
[STREAM] 0580 8b412451270ca6e58b471dbdba3c2d60f5d9f5dd333b542f6957cbdfaeb5ab6db7fe06e1b4500681e0e2ec4c8d0f96c65225f4f4571599b8f7adda8d1184a2a8
[STREAM] 05c0 dba6c04ce9a47f1a3c561ae6546bb31a2057b99ea332c87f2fb634cd63f0cb9417e53a4201666125097734805549d9fea691375de8f21fb7cc8543fcb42fb259
[STREAM] 0600 38f562b2111811119fb1f761cb9b671c215afcfc10c1d7e5df9a6b7476430e8f5a0ffebcef5c4839445fd5b0c71c84016fd42533f0de6cf7033ee3a0a51e9986
[STREAM] 0640 10127a602dc2b4b3a5947c42b911f4af0ef1237b5317b8737d722580355e8a1bf25dd98eeac043a847a64ae1bfa9a067b5d561142864cd64b19321db0f004eb4
[STREAM] 0680 1ad914def4e384d55488c0c41eabddaf36a259096165b2607bb31ccfd30f6610c3b1c538521a517656298d5efb3cf211e956753a5360f0415ce3982a99848c31
[STREAM] 06c0 6e6a24235801ca9b56dbc609501be5db585c8164ae64467512618216b2839740f297535c7e20ba9817722b2d856509dce6a6ee4a66064bf845c11b2b217624b7
[STREAM] 0700 8ed2643c4af71b1dae0abfb38421230e34a4010296817a131e41f60afe18c8df3546d2ce387e705bc2c47fa295959d8a76b6d61ddcb28f303e5a28ae712ad681
[STREAM] 0740 0f4eddb9f6ae8a324d5a336d08b4dc841f0328456a441a97dfc32175068b16e80199d4ab81c9e17ddc1d1916a2554de353e047206000909f435d7912652987d7
[STREAM] 0780 76959effc44c19a3ad5650538ea13c6df50ac0d9e4cf1c664795a0c0d39d47cad0d6105a4334267e99903f8a9ae6f58457c380b6d4cc05820fe5c83339dc9ed7
[STREAM] 07c0 b7fa6f892af48a3e5a865097f210ad8b5f976170ba60642c3a24bfd0a34601e90756d40981e936f870a1d9fdb2923e095d6f000d5a19e574df8830c94a593b0e
[STREAM] 0800 29e4df21187af037388d8c8de0daf13a0c81c2e88367c965056eebb70de2757fc72ea2114e18fb3d19abe26475a0295a670084f46df0efd558c4435fbe08f577
[STREAM] 0840 ffe05b1608a201e9a3d82f17083c224ff749530117cce245fc331da47988857d3fa94bceda82265dd78a5342625cfbfde588bcf931617ed4510459c3bcc81423
[STREAM] 0880 a5c21ad8bb7494dca1d6bf90c410a34a37a466457c6395569ec29226a1c2fbd5dfb8c26dbbbfca6be5b49ccf95820c9929f45c46040ea1292debace07ce67ce4
[STREAM] 08c0 e14b562d0c3bc6d8a9b1f7a3644418dd0699ad5044b41cd2b30a4c98e16b10f01ae6a35171671af0721f3d0cc1cb8590e99e2d24728c5ba791785054f60ab118
[STREAM] 0900 9b5916e47f1b86ebc55c7c09b6a7244dc979ff94bd6c3e17f3cd8bf6b559da75d9bcace7b6f4b6675ceec5c3a6e08deb9706966ba987ad0ed4319cca1b9bb111
[STREAM] 0940 38d1d38c124f3d81853eff2e423618e1180bc75fb482e34f23ec07a0232e1b367f25d64d9877ba58f26d6904d3914d5aea8efe3acbcee52583920cd0fa83a76e
[STREAM] 0980 125e0f083ceb022a39bdae97cb321015abaa544dc77a20cbfa902a46215a3709a84670217dceee42c0a0e707686db594c7b9961a3cb7d6cd26624a9a4df8a7f0
[STREAM] 09c0 a9016f227e4dca13a313c4a31051ebac5d7e340d440dd03d840e71790d23599c87f72365d387116a6b19edd3c4710296f128e4cfa490a2933da94877d0f6d138
[STREAM] 0a00 ff5b198489d149d8183fa51fbd1d4691b45ec6e6febaa3ec7ebb0dd7fcfa5066252e04445450f75c86f5dd0d136379d5f842cfcef370add6ef7c2bdac5c96cab
[STREAM] 0a40 ecf68da5a6936b3a6b34c52583f7295b860c4875cddce2ce2155735bc2099c8add85ec43e35299d0b2fd1ed626a55b8be62454dd12a514a6ccb9e42e630ae582
[STREAM] 0a80 c6cb646c98f1a81844b69d32f80500a12f27c5caed89bdad6d2c1e58a823cdbee0e8b12d40966ee0e3fe2a0bf940b087d47ed000bfd70f8d25b3748d5f6b3d78
[STREAM] 0ac0 94cda75f42e85cb9875ec9974fb9a9083d792adcaf2911db808782fe7959198abcf3159224f1d5723ca2b5486e38a66e54d1302aebe7c1288045139b3fa80d57
[STREAM] 0b00 d732718eaa72cbea3e0b7cd6a40819d4a7a93228274d7dbadbb9557ddcce5d80752ac61d6ef285d01fff260bdc12ff8a471518e1d01d12ac8a6837184729b323
[STREAM] 0b40 4c6d04a81a2249e1982b8abc7d73228be6e79b6675071825358dbb66a86d035af5e1b5824d97d34a7cbec1cb7701e1fdaaf6baa0d7fe8a7e97f56f3bd2667e37
[STREAM] 0b80 44d3b06fb44e89e48d577d865e176c3be79a81ffff2d7aea2855fb190d78b3a42bd14ff01417965c524875113aa1e303b4804790e5163e2cef55a2cd7002b930
[STREAM] 0bc0 6c20acd1d2b99acb7c0086b87c6272792457546c99fd5bc6adcfd587614794493c617bf4b956b98525f6ce521074ffe6631c894e6036daf76d21fc2a4710d04e
[STREAM] 0c00 f64531f5875fdd2a47394b03cbec6f3f98ba883f63108f4feb8c5a59752408d2bfa1b2a31aaca0731374e368b75ecb4081d2d7e7a468e96b9d1bf9df4d24f2b1
[STREAM] 0c40 4d4a76d778d2fd185a235a71cbe2df66f4de0748b9f42835869254b5c9fdd4afdf514b269564af0f15f64df1445a0a41f3e393599869cca391426fcecb394010
[STREAM] 0c80 03f50942aee9aa7581e304f3932f1ff9f7d6cd79db3c615cca486cf30098b1ffd1e7b46845bdcdbb3050e997181d988d4a40df3167d7ef0645fcbe948c441c79
[STREAM] 0cc0 350097e49704812cc5ad2a259a8111ab709975993b896ecbf86f016ca0fd195355387920006f096cf6c0f23ff35f8c2e3d5ee089e064f9a2af0736aded69f428
[STREAM] 0d00 4eb978f25714ad01986206ba405b5cb10f948d85fea28596cbd2e26b8ecaa5d7f44d9e08d27f5ec0bc302667c3c3eeb7bf11de5ca1767d249feb1a6d4ab662ae
[STREAM] 0d40 36827aaf49337d81e1533bd69e9aa3c5f8c81e07f118be2e390c8ef325742e25a371eb9213edd2d9979b638ebe1ec494d3d05b27e1d54f7cf4a54d07dace2e3d
[STREAM] 0d80 2fff3d9f875a2ca8a2bd202ba1d485fea519c4cebb64ff0d197bb05aedc5678c0d6b79af7d4c14cddeb0d62133892764d97560b4b65b256f6bd8297328ad65f0
[STREAM] 0dc0 de5a9578df6d4c167bc4f975d0960a9e688db66438aaff815b823201f47c4abc5a6a7b42371a6901bf3d7e4f531d1361938fc014d55f1d6ac7f7cf3f3e853a22
[STREAM] 0e00 8699af3a20520ff1b60f5d64a36ba462ae51b46178a7483b19920137e8646525cc57b39c7bca23fdea128156338543510c5ffdb97bb2fdd333d9f290559345a8
[STREAM] 0e40 dfaee43834dc08c64faa869002f24d491c7db42c427276ad19768fdd47291e9ac13dbe3e5b36ea337ec14d3bdfeccf250531d89029dbc97f0f686dcb9cf898b5
[STREAM] 0e80 e4e5765cb7db2d15842e21d90e271abc592ab1b0c0791d38371b6e118a1362ba1a985740885398da109330ba98ce1e0240fd8c079a4c92194ed90ee644cc355b
[STREAM] 0ec0 a36f85c17662f66b9a8fd3007c72b81d8732ad2344e5b079c664e69d2a9ed9b6d6e6401902f2486681e03a61351bdbd70cfb8bf887ac1057457e9675cb3f7e57
[STREAM] 0f00 213db8dbe0781b76b7fb21b647eed3f92db25b0ce0a07333850d51eaa13321408fe31d6f7afa6e1bf88ccc88e94eb70f61aae891fcfe7e14d48c998ebd4ed32e
[STREAM] 0f40 0e446e593f25de6c5f7cd70e24e2975cbd88c8be7e308deaa9087e675e27c37ad96e9bf473ee1ff7172547f3dd128bcdd877dab50027e31cdcd3e9b496814a5d
[STREAM] 0f80 b7e7880434108c43bf89db2c058d57012bb2646e7c1e4ca4b09c1bd7248030eb048a0b61addfe8989596c8427f2b8eee0db3b2335f4f24732870b6460126edc7
[STREAM] 0fc0 acc2ca4e5fdb61d1fc1df5f1bd22264a9fb85df8241a04b5a6f9d68916be5d844204d4a97b60c33a34643aa83a1bf44948378bdbe95b522665f80e5e7de3345f
[STREAM] KEYSTREAM_END
[*] Block 0 (BF_encrypt(zeros)): bc 8a 80 e5 bf b0 14 1d
[*] Expected: bc 8a 80 e5 bf b0 14 1d
[*] Block 1 (BF_encrypt(block0)): 69 4d 60 35 a1 2e 9d af
[CHAIN] BF_ENCRYPT_CHAIN_START
[CHAIN] # input -> output
[CHAIN] 0 0000000000000000 -> bc8a80e5bfb0141d
[CHAIN] 1 bc8a80e5bfb0141d -> 694d6035a12e9daf
[CHAIN] 2 694d6035a12e9daf -> ec3699e9846441a2
[CHAIN] 3 ec3699e9846441a2 -> 6acf349c4aa71eac
[CHAIN] 4 6acf349c4aa71eac -> a31ad115bff1efad
[CHAIN] 5 a31ad115bff1efad -> 3f5da450b09719de
[CHAIN] 6 3f5da450b09719de -> 6998b70ee0080876
[CHAIN] 7 6998b70ee0080876 -> aba501e260f1f9d9
[CHAIN] 8 aba501e260f1f9d9 -> e613f886244d896f
[CHAIN] 9 e613f886244d896f -> fd6ea57a279fb656
[CHAIN] 10 fd6ea57a279fb656 -> 03945fcf2c9fe208
[CHAIN] 11 03945fcf2c9fe208 -> e662a69af4a96c40
[CHAIN] 12 e662a69af4a96c40 -> 61736d6607013451
[CHAIN] 13 61736d6607013451 -> 3e4458e9dafe226c
[CHAIN] 14 3e4458e9dafe226c -> cbe69730697e579e
[CHAIN] 15 cbe69730697e579e -> a4bc030ccd0214d2
[CHAIN] 16 a4bc030ccd0214d2 -> 28e96682e1bbc7fa
[CHAIN] 17 28e96682e1bbc7fa -> c90a139a8b261249
[CHAIN] 18 c90a139a8b261249 -> aebd131e5178d9d0
[CHAIN] 19 aebd131e5178d9d0 -> 63e3c67c2690fec9
[CHAIN] 20 63e3c67c2690fec9 -> b86decd913bbffd5
[CHAIN] 21 b86decd913bbffd5 -> 85ac0dc83c114522
[CHAIN] 22 85ac0dc83c114522 -> a144d79ec9f9b35e
[CHAIN] 23 a144d79ec9f9b35e -> c3fb8531930bbcf4
[CHAIN] 24 c3fb8531930bbcf4 -> eae1b5c3b3efeb7d
[CHAIN] 25 eae1b5c3b3efeb7d -> b92c1d0aa26f743f
[CHAIN] 26 b92c1d0aa26f743f -> 61237f7ee5ed623f
[CHAIN] 27 61237f7ee5ed623f -> 9f0ca45ea4ab208e
[CHAIN] 28 9f0ca45ea4ab208e -> 850181d625ba2939
[CHAIN] 29 850181d625ba2939 -> 9326fc4bbc7575a2
[CHAIN] 30 9326fc4bbc7575a2 -> f96a55e146b5db45
[CHAIN] 31 f96a55e146b5db45 -> 21e93cdf2e3207c4
[CHAIN] 32 21e93cdf2e3207c4 -> 218d3847024ae44e
[CHAIN] 33 218d3847024ae44e -> d625b501b7b660df
[CHAIN] 34 d625b501b7b660df -> dac1cb4534d1f74b
[CHAIN] 35 dac1cb4534d1f74b -> 0b4080008a6cf8ce
[CHAIN] 36 0b4080008a6cf8ce -> 484cac59a267a7b9
[CHAIN] 37 484cac59a267a7b9 -> 625f25066c0dcfe9
[CHAIN] 38 625f25066c0dcfe9 -> f331d104b58479ed
[CHAIN] 39 f331d104b58479ed -> 8549ba065931571d
[CHAIN] 40 8549ba065931571d -> b9312f78bf7d1996
[CHAIN] 41 b9312f78bf7d1996 -> de54f8b0364227a6
[CHAIN] 42 de54f8b0364227a6 -> b6c1f75e2ac438cb
[CHAIN] 43 b6c1f75e2ac438cb -> e281f97b9bf9b747
[CHAIN] 44 e281f97b9bf9b747 -> 40723742a44cc418
[CHAIN] 45 40723742a44cc418 -> 5bd0082c6e22dccc
[CHAIN] 46 5bd0082c6e22dccc -> 077aae2fc5771c78
[CHAIN] 47 077aae2fc5771c78 -> 5c8ad57709ca509f
[CHAIN] 48 5c8ad57709ca509f -> 5fe98f456a400dcc
[CHAIN] 49 5fe98f456a400dcc -> 8c5130ad729d1f30
[CHAIN] 50 8c5130ad729d1f30 -> b9b13228aa821795
[CHAIN] 51 b9b13228aa821795 -> 6c6bb852f022875c
[CHAIN] 52 6c6bb852f022875c -> b4a3aa479edf7d16
[CHAIN] 53 b4a3aa479edf7d16 -> a3e277af54f2646b
[CHAIN] 54 a3e277af54f2646b -> 3ccabd8684306b44
[CHAIN] 55 3ccabd8684306b44 -> 7df17843fa2464b2
[CHAIN] 56 7df17843fa2464b2 -> b0f532b66081cc15
[CHAIN] 57 b0f532b66081cc15 -> 0a039d47682a9bfa
[CHAIN] 58 0a039d47682a9bfa -> 81e611b1a9e8e289
[CHAIN] 59 81e611b1a9e8e289 -> 6201908083b931c7
[CHAIN] 60 6201908083b931c7 -> 49dc3b9782eed7bc
[CHAIN] 61 49dc3b9782eed7bc -> 61696f11e43ffd81
[CHAIN] 62 61696f11e43ffd81 -> a2cfdbba5cc83004
[CHAIN] 63 a2cfdbba5cc83004 -> 7688ee6cfb18e60f
[CHAIN] 64 7688ee6cfb18e60f -> dab47211a8874dfe
[CHAIN] 65 dab47211a8874dfe -> 1842adf9a30f5c7e
[CHAIN] 66 1842adf9a30f5c7e -> 2dae9c6eac61f51f
[CHAIN] 67 2dae9c6eac61f51f -> 919087c690e3b795
[CHAIN] 68 919087c690e3b795 -> 0a793d0db63e7d6b
[CHAIN] 69 0a793d0db63e7d6b -> df4a4a7a5f1250af
[CHAIN] 70 df4a4a7a5f1250af -> 72371153dc5ae91a
[CHAIN] 71 72371153dc5ae91a -> 30dcd6aad10ed38b
[CHAIN] 72 30dcd6aad10ed38b -> d62f4a1889167b8f
[CHAIN] 73 d62f4a1889167b8f -> 4dbefee76a60a369
[CHAIN] 74 4dbefee76a60a369 -> b356ae64e0249590
[CHAIN] 75 b356ae64e0249590 -> 2a8f7fc5d0963dd2
[CHAIN] 76 2a8f7fc5d0963dd2 -> 48e3bf87af7b601d
[CHAIN] 77 48e3bf87af7b601d -> e1abc7141e451d32
[CHAIN] 78 e1abc7141e451d32 -> c1bb977709618233
[CHAIN] 79 c1bb977709618233 -> ade1b0ea0ddb5fb0
[CHAIN] 80 ade1b0ea0ddb5fb0 -> 1739e7100abc226f
[CHAIN] 81 1739e7100abc226f -> 54b95a842d0dd8c5
[CHAIN] 82 54b95a842d0dd8c5 -> 1db361c429dcf243
[CHAIN] 83 1db361c429dcf243 -> b6dc4a0afd96c15d
[CHAIN] 84 b6dc4a0afd96c15d -> c11f114280074938
[CHAIN] 85 c11f114280074938 -> 995ceaf141e2d485
[CHAIN] 86 995ceaf141e2d485 -> 8ee7b69f882a0084
[CHAIN] 87 8ee7b69f882a0084 -> 9617c8015a826a16
[CHAIN] 88 9617c8015a826a16 -> f79fc1402569f094
[CHAIN] 89 f79fc1402569f094 -> 36ee30a4e927e1f4
[CHAIN] 90 36ee30a4e927e1f4 -> 0222006fef9a69a9
[CHAIN] 91 0222006fef9a69a9 -> 492fbaa7a024ec2a
[CHAIN] 92 492fbaa7a024ec2a -> 20a35043f060abef
[CHAIN] 93 20a35043f060abef -> f08405d0ab81404b
[CHAIN] 94 f08405d0ab81404b -> a6440e2a7e59b3c2
[CHAIN] 95 a6440e2a7e59b3c2 -> 568a00d57825f06d
[CHAIN] 96 568a00d57825f06d -> 58b74e2672c009bc
[CHAIN] 97 58b74e2672c009bc -> 8d47f29b072c3708
[CHAIN] 98 8d47f29b072c3708 -> a22ba4c7a49a2c4c
[CHAIN] 99 a22ba4c7a49a2c4c -> eeb93a1dbe774c5c
[CHAIN] 100 eeb93a1dbe774c5c -> f47412994b4e0f29
[CHAIN] 101 f47412994b4e0f29 -> 77cc09ce694d8cde
[CHAIN] 102 77cc09ce694d8cde -> 91ad38c5ab7ea75d
[CHAIN] 103 91ad38c5ab7ea75d -> 9f488f13bedd2fe7
[CHAIN] 104 9f488f13bedd2fe7 -> 60bd4882e3b70054
[CHAIN] 105 60bd4882e3b70054 -> 819b7c0bb8ff950f
[CHAIN] 106 819b7c0bb8ff950f -> dd892c29d3042227
[CHAIN] 107 dd892c29d3042227 -> cc21cca8d73a9cf8
[CHAIN] 108 cc21cca8d73a9cf8 -> 0f538e07eb74d1aa
[CHAIN] 109 0f538e07eb74d1aa -> 768f1203c673c5a5
[CHAIN] 110 768f1203c673c5a5 -> c319cf16405bc251
[CHAIN] 111 c319cf16405bc251 -> bdc8356b601e0ee6
[CHAIN] 112 bdc8356b601e0ee6 -> cb8fade35fa09493
[CHAIN] 113 cb8fade35fa09493 -> 75515b9bdfbd0077
[CHAIN] 114 75515b9bdfbd0077 -> e83a3e51259a5b60
[CHAIN] 115 e83a3e51259a5b60 -> 8222ef85d20a7821
[CHAIN] 116 8222ef85d20a7821 -> ef5e59cd7268a245
[CHAIN] 117 ef5e59cd7268a245 -> 44adb6955adccab0
[CHAIN] 118 44adb6955adccab0 -> 51e0f83ab1014420
[CHAIN] 119 51e0f83ab1014420 -> 71f3dbcb314ab7bc
[CHAIN] 120 71f3dbcb314ab7bc -> f42a962554194f32
[CHAIN] 121 f42a962554194f32 -> 48b264be0e086ada
[CHAIN] 122 48b264be0e086ada -> 2b9699256ecb4620
[CHAIN] 123 2b9699256ecb4620 -> 31e48f8c65f03d21
[CHAIN] 124 31e48f8c65f03d21 -> f4852b8d1087c14e
[CHAIN] 125 f4852b8d1087c14e -> 0c1703cc7ff2513e
[CHAIN] 126 0c1703cc7ff2513e -> 9f509ee369e96688
[CHAIN] 127 9f509ee369e96688 -> 184720a66ed1bc81
[CHAIN] 128 184720a66ed1bc81 -> 2bcebbe781c67a12
[CHAIN] 129 2bcebbe781c67a12 -> 0ee23a49a5f67cf2
[CHAIN] 130 0ee23a49a5f67cf2 -> 0f57ea1ede4d407e
[CHAIN] 131 0f57ea1ede4d407e -> c10b48c7b66b5bc4
[CHAIN] 132 c10b48c7b66b5bc4 -> 1bf1d2f5ba4c0b6e
[CHAIN] 133 1bf1d2f5ba4c0b6e -> 265f2c020b2dfc6d
[CHAIN] 134 265f2c020b2dfc6d -> 536289fa259c74f8
[CHAIN] 135 536289fa259c74f8 -> 65b637ba96508f61
[CHAIN] 136 65b637ba96508f61 -> de87f2f476612f8a
[CHAIN] 137 de87f2f476612f8a -> 175a190e2dac7522
[CHAIN] 138 175a190e2dac7522 -> 5cae7028557dfc92
[CHAIN] 139 5cae7028557dfc92 -> ad4499dc74c32b25
[CHAIN] 140 ad4499dc74c32b25 -> 57a6adca6c3107f1
[CHAIN] 141 57a6adca6c3107f1 -> 84e103af2689b068
[CHAIN] 142 84e103af2689b068 -> 8f68b7e86211bc21
[CHAIN] 143 8f68b7e86211bc21 -> 535040d1df0a7472
[CHAIN] 144 535040d1df0a7472 -> 51b67c5c4711a68b
[CHAIN] 145 51b67c5c4711a68b -> ef7541f50d9cb5bf
[CHAIN] 146 ef7541f50d9cb5bf -> 50b1b2b56b9cd34c
[CHAIN] 147 50b1b2b56b9cd34c -> 6533a8abf91971b0
[CHAIN] 148 6533a8abf91971b0 -> c7dd518846199aaf
[CHAIN] 149 c7dd518846199aaf -> 42eec76302b4fb2b
[CHAIN] 150 42eec76302b4fb2b -> 99d8abd98bd639d3
[CHAIN] 151 99d8abd98bd639d3 -> f0e33b3b950506d3
[CHAIN] 152 f0e33b3b950506d3 -> 0e3d924c3cf3a13e
[CHAIN] 153 0e3d924c3cf3a13e -> 88a265f6171bb2cd
[CHAIN] 154 88a265f6171bb2cd -> d23ca9b7d9934b0d
[CHAIN] 155 d23ca9b7d9934b0d -> 95ae4d5a10fcf8ca
[CHAIN] 156 95ae4d5a10fcf8ca -> b8a79cb76c7ea9c9
[CHAIN] 157 b8a79cb76c7ea9c9 -> 26301a14e11f3f64
[CHAIN] 158 26301a14e11f3f64 -> 2937a08a691a7f54
[CHAIN] 159 2937a08a691a7f54 -> 41ffd3f452b5aa97
[CHAIN] 160 41ffd3f452b5aa97 -> 2ca26d9ef7bbc818
[CHAIN] 161 2ca26d9ef7bbc818 -> 1148c75ec401a610
[CHAIN] 162 1148c75ec401a610 -> 3ccc063790f31869
[CHAIN] 163 3ccc063790f31869 -> 4623e67ad1f3a181
[CHAIN] 164 4623e67ad1f3a181 -> 5a44b970ce7e77c8
[CHAIN] 165 5a44b970ce7e77c8 -> 5324bda300558bd3
[CHAIN] 166 5324bda300558bd3 -> 017946eee1b51d10
[CHAIN] 167 017946eee1b51d10 -> 2886dba9f0d86672
[CHAIN] 168 2886dba9f0d86672 -> 04bee28cd5585b8c
[CHAIN] 169 04bee28cd5585b8c -> b43d448970f50ca7
[CHAIN] 170 b43d448970f50ca7 -> ae24309e2bf1b8cd
[CHAIN] 171 ae24309e2bf1b8cd -> 2833e6cf0b9289c0
[CHAIN] 172 2833e6cf0b9289c0 -> 42f2c2c5e8ab914b
[CHAIN] 173 42f2c2c5e8ab914b -> 50969ff8e5363ddb
[CHAIN] 174 50969ff8e5363ddb -> aa04dfc16f0a9ea3
[CHAIN] 175 aa04dfc16f0a9ea3 -> 51ae1619f8fd4e57
[CHAIN] 176 51ae1619f8fd4e57 -> 8b412451270ca6e5
[CHAIN] 177 8b412451270ca6e5 -> 8b471dbdba3c2d60
[CHAIN] 178 8b471dbdba3c2d60 -> f5d9f5dd333b542f
[CHAIN] 179 f5d9f5dd333b542f -> 6957cbdfaeb5ab6d
[CHAIN] 180 6957cbdfaeb5ab6d -> b7fe06e1b4500681
[CHAIN] 181 b7fe06e1b4500681 -> e0e2ec4c8d0f96c6
[CHAIN] 182 e0e2ec4c8d0f96c6 -> 5225f4f4571599b8
[CHAIN] 183 5225f4f4571599b8 -> f7adda8d1184a2a8
[CHAIN] 184 f7adda8d1184a2a8 -> dba6c04ce9a47f1a
[CHAIN] 185 dba6c04ce9a47f1a -> 3c561ae6546bb31a
[CHAIN] 186 3c561ae6546bb31a -> 2057b99ea332c87f
[CHAIN] 187 2057b99ea332c87f -> 2fb634cd63f0cb94
[CHAIN] 188 2fb634cd63f0cb94 -> 17e53a4201666125
[CHAIN] 189 17e53a4201666125 -> 097734805549d9fe
[CHAIN] 190 097734805549d9fe -> a691375de8f21fb7
[CHAIN] 191 a691375de8f21fb7 -> cc8543fcb42fb259
[CHAIN] 192 cc8543fcb42fb259 -> 38f562b211181111
[CHAIN] 193 38f562b211181111 -> 9fb1f761cb9b671c
[CHAIN] 194 9fb1f761cb9b671c -> 215afcfc10c1d7e5
[CHAIN] 195 215afcfc10c1d7e5 -> df9a6b7476430e8f
[CHAIN] 196 df9a6b7476430e8f -> 5a0ffebcef5c4839
[CHAIN] 197 5a0ffebcef5c4839 -> 445fd5b0c71c8401
[CHAIN] 198 445fd5b0c71c8401 -> 6fd42533f0de6cf7
[CHAIN] 199 6fd42533f0de6cf7 -> 033ee3a0a51e9986
[CHAIN] 200 033ee3a0a51e9986 -> 10127a602dc2b4b3
[CHAIN] 201 10127a602dc2b4b3 -> a5947c42b911f4af
[CHAIN] 202 a5947c42b911f4af -> 0ef1237b5317b873
[CHAIN] 203 0ef1237b5317b873 -> 7d722580355e8a1b
[CHAIN] 204 7d722580355e8a1b -> f25dd98eeac043a8
[CHAIN] 205 f25dd98eeac043a8 -> 47a64ae1bfa9a067
[CHAIN] 206 47a64ae1bfa9a067 -> b5d561142864cd64
[CHAIN] 207 b5d561142864cd64 -> b19321db0f004eb4
[CHAIN] 208 b19321db0f004eb4 -> 1ad914def4e384d5
[CHAIN] 209 1ad914def4e384d5 -> 5488c0c41eabddaf
[CHAIN] 210 5488c0c41eabddaf -> 36a259096165b260
[CHAIN] 211 36a259096165b260 -> 7bb31ccfd30f6610
[CHAIN] 212 7bb31ccfd30f6610 -> c3b1c538521a5176
[CHAIN] 213 c3b1c538521a5176 -> 56298d5efb3cf211
[CHAIN] 214 56298d5efb3cf211 -> e956753a5360f041
[CHAIN] 215 e956753a5360f041 -> 5ce3982a99848c31
[CHAIN] 216 5ce3982a99848c31 -> 6e6a24235801ca9b
[CHAIN] 217 6e6a24235801ca9b -> 56dbc609501be5db
[CHAIN] 218 56dbc609501be5db -> 585c8164ae644675
[CHAIN] 219 585c8164ae644675 -> 12618216b2839740
[CHAIN] 220 12618216b2839740 -> f297535c7e20ba98
[CHAIN] 221 f297535c7e20ba98 -> 17722b2d856509dc
[CHAIN] 222 17722b2d856509dc -> e6a6ee4a66064bf8
[CHAIN] 223 e6a6ee4a66064bf8 -> 45c11b2b217624b7
[CHAIN] 224 45c11b2b217624b7 -> 8ed2643c4af71b1d
[CHAIN] 225 8ed2643c4af71b1d -> ae0abfb38421230e
[CHAIN] 226 ae0abfb38421230e -> 34a4010296817a13
[CHAIN] 227 34a4010296817a13 -> 1e41f60afe18c8df
[CHAIN] 228 1e41f60afe18c8df -> 3546d2ce387e705b
[CHAIN] 229 3546d2ce387e705b -> c2c47fa295959d8a
[CHAIN] 230 c2c47fa295959d8a -> 76b6d61ddcb28f30
[CHAIN] 231 76b6d61ddcb28f30 -> 3e5a28ae712ad681
[CHAIN] 232 3e5a28ae712ad681 -> 0f4eddb9f6ae8a32
[CHAIN] 233 0f4eddb9f6ae8a32 -> 4d5a336d08b4dc84
[CHAIN] 234 4d5a336d08b4dc84 -> 1f0328456a441a97
[CHAIN] 235 1f0328456a441a97 -> dfc32175068b16e8
[CHAIN] 236 dfc32175068b16e8 -> 0199d4ab81c9e17d
[CHAIN] 237 0199d4ab81c9e17d -> dc1d1916a2554de3
[CHAIN] 238 dc1d1916a2554de3 -> 53e047206000909f
[CHAIN] 239 53e047206000909f -> 435d7912652987d7
[CHAIN] 240 435d7912652987d7 -> 76959effc44c19a3
[CHAIN] 241 76959effc44c19a3 -> ad5650538ea13c6d
[CHAIN] 242 ad5650538ea13c6d -> f50ac0d9e4cf1c66
[CHAIN] 243 f50ac0d9e4cf1c66 -> 4795a0c0d39d47ca
[CHAIN] 244 4795a0c0d39d47ca -> d0d6105a4334267e
[CHAIN] 245 d0d6105a4334267e -> 99903f8a9ae6f584
[CHAIN] 246 99903f8a9ae6f584 -> 57c380b6d4cc0582
[CHAIN] 247 57c380b6d4cc0582 -> 0fe5c83339dc9ed7
[CHAIN] 248 0fe5c83339dc9ed7 -> b7fa6f892af48a3e
[CHAIN] 249 b7fa6f892af48a3e -> 5a865097f210ad8b
[CHAIN] 250 5a865097f210ad8b -> 5f976170ba60642c
[CHAIN] 251 5f976170ba60642c -> 3a24bfd0a34601e9
[CHAIN] 252 3a24bfd0a34601e9 -> 0756d40981e936f8
[CHAIN] 253 0756d40981e936f8 -> 70a1d9fdb2923e09
[CHAIN] 254 70a1d9fdb2923e09 -> 5d6f000d5a19e574
[CHAIN] 255 5d6f000d5a19e574 -> df8830c94a593b0e
[CHAIN] 256 df8830c94a593b0e -> 29e4df21187af037
[CHAIN] 257 29e4df21187af037 -> 388d8c8de0daf13a
[CHAIN] 258 388d8c8de0daf13a -> 0c81c2e88367c965
[CHAIN] 259 0c81c2e88367c965 -> 056eebb70de2757f
[CHAIN] 260 056eebb70de2757f -> c72ea2114e18fb3d
[CHAIN] 261 c72ea2114e18fb3d -> 19abe26475a0295a
[CHAIN] 262 19abe26475a0295a -> 670084f46df0efd5
[CHAIN] 263 670084f46df0efd5 -> 58c4435fbe08f577
[CHAIN] 264 58c4435fbe08f577 -> ffe05b1608a201e9
[CHAIN] 265 ffe05b1608a201e9 -> a3d82f17083c224f
[CHAIN] 266 a3d82f17083c224f -> f749530117cce245
[CHAIN] 267 f749530117cce245 -> fc331da47988857d
[CHAIN] 268 fc331da47988857d -> 3fa94bceda82265d
[CHAIN] 269 3fa94bceda82265d -> d78a5342625cfbfd
[CHAIN] 270 d78a5342625cfbfd -> e588bcf931617ed4
[CHAIN] 271 e588bcf931617ed4 -> 510459c3bcc81423
[CHAIN] 272 510459c3bcc81423 -> a5c21ad8bb7494dc
[CHAIN] 273 a5c21ad8bb7494dc -> a1d6bf90c410a34a
[CHAIN] 274 a1d6bf90c410a34a -> 37a466457c639556
[CHAIN] 275 37a466457c639556 -> 9ec29226a1c2fbd5
[CHAIN] 276 9ec29226a1c2fbd5 -> dfb8c26dbbbfca6b
[CHAIN] 277 dfb8c26dbbbfca6b -> e5b49ccf95820c99
[CHAIN] 278 e5b49ccf95820c99 -> 29f45c46040ea129
[CHAIN] 279 29f45c46040ea129 -> 2debace07ce67ce4
[CHAIN] 280 2debace07ce67ce4 -> e14b562d0c3bc6d8
[CHAIN] 281 e14b562d0c3bc6d8 -> a9b1f7a3644418dd
[CHAIN] 282 a9b1f7a3644418dd -> 0699ad5044b41cd2
[CHAIN] 283 0699ad5044b41cd2 -> b30a4c98e16b10f0
[CHAIN] 284 b30a4c98e16b10f0 -> 1ae6a35171671af0
[CHAIN] 285 1ae6a35171671af0 -> 721f3d0cc1cb8590
[CHAIN] 286 721f3d0cc1cb8590 -> e99e2d24728c5ba7
[CHAIN] 287 e99e2d24728c5ba7 -> 91785054f60ab118
[CHAIN] 288 91785054f60ab118 -> 9b5916e47f1b86eb
[CHAIN] 289 9b5916e47f1b86eb -> c55c7c09b6a7244d
[CHAIN] 290 c55c7c09b6a7244d -> c979ff94bd6c3e17
[CHAIN] 291 c979ff94bd6c3e17 -> f3cd8bf6b559da75
[CHAIN] 292 f3cd8bf6b559da75 -> d9bcace7b6f4b667
[CHAIN] 293 d9bcace7b6f4b667 -> 5ceec5c3a6e08deb
[CHAIN] 294 5ceec5c3a6e08deb -> 9706966ba987ad0e
[CHAIN] 295 9706966ba987ad0e -> d4319cca1b9bb111
[CHAIN] 296 d4319cca1b9bb111 -> 38d1d38c124f3d81
[CHAIN] 297 38d1d38c124f3d81 -> 853eff2e423618e1
[CHAIN] 298 853eff2e423618e1 -> 180bc75fb482e34f
[CHAIN] 299 180bc75fb482e34f -> 23ec07a0232e1b36
[CHAIN] 300 23ec07a0232e1b36 -> 7f25d64d9877ba58
[CHAIN] 301 7f25d64d9877ba58 -> f26d6904d3914d5a
[CHAIN] 302 f26d6904d3914d5a -> ea8efe3acbcee525
[CHAIN] 303 ea8efe3acbcee525 -> 83920cd0fa83a76e
[CHAIN] 304 83920cd0fa83a76e -> 125e0f083ceb022a
[CHAIN] 305 125e0f083ceb022a -> 39bdae97cb321015
[CHAIN] 306 39bdae97cb321015 -> abaa544dc77a20cb
[CHAIN] 307 abaa544dc77a20cb -> fa902a46215a3709
[CHAIN] 308 fa902a46215a3709 -> a84670217dceee42
[CHAIN] 309 a84670217dceee42 -> c0a0e707686db594
[CHAIN] 310 c0a0e707686db594 -> c7b9961a3cb7d6cd
[CHAIN] 311 c7b9961a3cb7d6cd -> 26624a9a4df8a7f0
[CHAIN] 312 26624a9a4df8a7f0 -> a9016f227e4dca13
[CHAIN] 313 a9016f227e4dca13 -> a313c4a31051ebac
[CHAIN] 314 a313c4a31051ebac -> 5d7e340d440dd03d
[CHAIN] 315 5d7e340d440dd03d -> 840e71790d23599c
[CHAIN] 316 840e71790d23599c -> 87f72365d387116a
[CHAIN] 317 87f72365d387116a -> 6b19edd3c4710296
[CHAIN] 318 6b19edd3c4710296 -> f128e4cfa490a293
[CHAIN] 319 f128e4cfa490a293 -> 3da94877d0f6d138
[CHAIN] 320 3da94877d0f6d138 -> ff5b198489d149d8
[CHAIN] 321 ff5b198489d149d8 -> 183fa51fbd1d4691
[CHAIN] 322 183fa51fbd1d4691 -> b45ec6e6febaa3ec
[CHAIN] 323 b45ec6e6febaa3ec -> 7ebb0dd7fcfa5066
[CHAIN] 324 7ebb0dd7fcfa5066 -> 252e04445450f75c
[CHAIN] 325 252e04445450f75c -> 86f5dd0d136379d5
[CHAIN] 326 86f5dd0d136379d5 -> f842cfcef370add6
[CHAIN] 327 f842cfcef370add6 -> ef7c2bdac5c96cab
[CHAIN] 328 ef7c2bdac5c96cab -> ecf68da5a6936b3a
[CHAIN] 329 ecf68da5a6936b3a -> 6b34c52583f7295b
[CHAIN] 330 6b34c52583f7295b -> 860c4875cddce2ce
[CHAIN] 331 860c4875cddce2ce -> 2155735bc2099c8a
[CHAIN] 332 2155735bc2099c8a -> dd85ec43e35299d0
[CHAIN] 333 dd85ec43e35299d0 -> b2fd1ed626a55b8b
[CHAIN] 334 b2fd1ed626a55b8b -> e62454dd12a514a6
[CHAIN] 335 e62454dd12a514a6 -> ccb9e42e630ae582
[CHAIN] 336 ccb9e42e630ae582 -> c6cb646c98f1a818
[CHAIN] 337 c6cb646c98f1a818 -> 44b69d32f80500a1
[CHAIN] 338 44b69d32f80500a1 -> 2f27c5caed89bdad
[CHAIN] 339 2f27c5caed89bdad -> 6d2c1e58a823cdbe
[CHAIN] 340 6d2c1e58a823cdbe -> e0e8b12d40966ee0
[CHAIN] 341 e0e8b12d40966ee0 -> e3fe2a0bf940b087
[CHAIN] 342 e3fe2a0bf940b087 -> d47ed000bfd70f8d
[CHAIN] 343 d47ed000bfd70f8d -> 25b3748d5f6b3d78
[CHAIN] 344 25b3748d5f6b3d78 -> 94cda75f42e85cb9
[CHAIN] 345 94cda75f42e85cb9 -> 875ec9974fb9a908
[CHAIN] 346 875ec9974fb9a908 -> 3d792adcaf2911db
[CHAIN] 347 3d792adcaf2911db -> 808782fe7959198a
[CHAIN] 348 808782fe7959198a -> bcf3159224f1d572
[CHAIN] 349 bcf3159224f1d572 -> 3ca2b5486e38a66e
[CHAIN] 350 3ca2b5486e38a66e -> 54d1302aebe7c128
[CHAIN] 351 54d1302aebe7c128 -> 8045139b3fa80d57
[CHAIN] 352 8045139b3fa80d57 -> d732718eaa72cbea
[CHAIN] 353 d732718eaa72cbea -> 3e0b7cd6a40819d4
[CHAIN] 354 3e0b7cd6a40819d4 -> a7a93228274d7dba
[CHAIN] 355 a7a93228274d7dba -> dbb9557ddcce5d80
[CHAIN] 356 dbb9557ddcce5d80 -> 752ac61d6ef285d0
[CHAIN] 357 752ac61d6ef285d0 -> 1fff260bdc12ff8a
[CHAIN] 358 1fff260bdc12ff8a -> 471518e1d01d12ac
[CHAIN] 359 471518e1d01d12ac -> 8a6837184729b323
[CHAIN] 360 8a6837184729b323 -> 4c6d04a81a2249e1
[CHAIN] 361 4c6d04a81a2249e1 -> 982b8abc7d73228b
[CHAIN] 362 982b8abc7d73228b -> e6e79b6675071825
[CHAIN] 363 e6e79b6675071825 -> 358dbb66a86d035a
[CHAIN] 364 358dbb66a86d035a -> f5e1b5824d97d34a
[CHAIN] 365 f5e1b5824d97d34a -> 7cbec1cb7701e1fd
[CHAIN] 366 7cbec1cb7701e1fd -> aaf6baa0d7fe8a7e
[CHAIN] 367 aaf6baa0d7fe8a7e -> 97f56f3bd2667e37
[CHAIN] 368 97f56f3bd2667e37 -> 44d3b06fb44e89e4
[CHAIN] 369 44d3b06fb44e89e4 -> 8d577d865e176c3b
[CHAIN] 370 8d577d865e176c3b -> e79a81ffff2d7aea
[CHAIN] 371 e79a81ffff2d7aea -> 2855fb190d78b3a4
[CHAIN] 372 2855fb190d78b3a4 -> 2bd14ff01417965c
[CHAIN] 373 2bd14ff01417965c -> 524875113aa1e303
[CHAIN] 374 524875113aa1e303 -> b4804790e5163e2c
[CHAIN] 375 b4804790e5163e2c -> ef55a2cd7002b930
[CHAIN] 376 ef55a2cd7002b930 -> 6c20acd1d2b99acb
[CHAIN] 377 6c20acd1d2b99acb -> 7c0086b87c627279
[CHAIN] 378 7c0086b87c627279 -> 2457546c99fd5bc6
[CHAIN] 379 2457546c99fd5bc6 -> adcfd58761479449
[CHAIN] 380 adcfd58761479449 -> 3c617bf4b956b985
[CHAIN] 381 3c617bf4b956b985 -> 25f6ce521074ffe6
[CHAIN] 382 25f6ce521074ffe6 -> 631c894e6036daf7
[CHAIN] 383 631c894e6036daf7 -> 6d21fc2a4710d04e
[CHAIN] 384 6d21fc2a4710d04e -> f64531f5875fdd2a
[CHAIN] 385 f64531f5875fdd2a -> 47394b03cbec6f3f
[CHAIN] 386 47394b03cbec6f3f -> 98ba883f63108f4f
[CHAIN] 387 98ba883f63108f4f -> eb8c5a59752408d2
[CHAIN] 388 eb8c5a59752408d2 -> bfa1b2a31aaca073
[CHAIN] 389 bfa1b2a31aaca073 -> 1374e368b75ecb40
[CHAIN] 390 1374e368b75ecb40 -> 81d2d7e7a468e96b
[CHAIN] 391 81d2d7e7a468e96b -> 9d1bf9df4d24f2b1
[CHAIN] 392 9d1bf9df4d24f2b1 -> 4d4a76d778d2fd18
[CHAIN] 393 4d4a76d778d2fd18 -> 5a235a71cbe2df66
[CHAIN] 394 5a235a71cbe2df66 -> f4de0748b9f42835
[CHAIN] 395 f4de0748b9f42835 -> 869254b5c9fdd4af
[CHAIN] 396 869254b5c9fdd4af -> df514b269564af0f
[CHAIN] 397 df514b269564af0f -> 15f64df1445a0a41
[CHAIN] 398 15f64df1445a0a41 -> f3e393599869cca3
[CHAIN] 399 f3e393599869cca3 -> 91426fcecb394010
[CHAIN] 400 91426fcecb394010 -> 03f50942aee9aa75
[CHAIN] 401 03f50942aee9aa75 -> 81e304f3932f1ff9
[CHAIN] 402 81e304f3932f1ff9 -> f7d6cd79db3c615c
[CHAIN] 403 f7d6cd79db3c615c -> ca486cf30098b1ff
[CHAIN] 404 ca486cf30098b1ff -> d1e7b46845bdcdbb
[CHAIN] 405 d1e7b46845bdcdbb -> 3050e997181d988d
[CHAIN] 406 3050e997181d988d -> 4a40df3167d7ef06
[CHAIN] 407 4a40df3167d7ef06 -> 45fcbe948c441c79
[CHAIN] 408 45fcbe948c441c79 -> 350097e49704812c
[CHAIN] 409 350097e49704812c -> c5ad2a259a8111ab
[CHAIN] 410 c5ad2a259a8111ab -> 709975993b896ecb
[CHAIN] 411 709975993b896ecb -> f86f016ca0fd1953
[CHAIN] 412 f86f016ca0fd1953 -> 55387920006f096c
[CHAIN] 413 55387920006f096c -> f6c0f23ff35f8c2e
[CHAIN] 414 f6c0f23ff35f8c2e -> 3d5ee089e064f9a2
[CHAIN] 415 3d5ee089e064f9a2 -> af0736aded69f428
[CHAIN] 416 af0736aded69f428 -> 4eb978f25714ad01
[CHAIN] 417 4eb978f25714ad01 -> 986206ba405b5cb1
[CHAIN] 418 986206ba405b5cb1 -> 0f948d85fea28596
[CHAIN] 419 0f948d85fea28596 -> cbd2e26b8ecaa5d7
[CHAIN] 420 cbd2e26b8ecaa5d7 -> f44d9e08d27f5ec0
[CHAIN] 421 f44d9e08d27f5ec0 -> bc302667c3c3eeb7
[CHAIN] 422 bc302667c3c3eeb7 -> bf11de5ca1767d24
[CHAIN] 423 bf11de5ca1767d24 -> 9feb1a6d4ab662ae
[CHAIN] 424 9feb1a6d4ab662ae -> 36827aaf49337d81
[CHAIN] 425 36827aaf49337d81 -> e1533bd69e9aa3c5
[CHAIN] 426 e1533bd69e9aa3c5 -> f8c81e07f118be2e
[CHAIN] 427 f8c81e07f118be2e -> 390c8ef325742e25
[CHAIN] 428 390c8ef325742e25 -> a371eb9213edd2d9
[CHAIN] 429 a371eb9213edd2d9 -> 979b638ebe1ec494
[CHAIN] 430 979b638ebe1ec494 -> d3d05b27e1d54f7c
[CHAIN] 431 d3d05b27e1d54f7c -> f4a54d07dace2e3d
[CHAIN] 432 f4a54d07dace2e3d -> 2fff3d9f875a2ca8
[CHAIN] 433 2fff3d9f875a2ca8 -> a2bd202ba1d485fe
[CHAIN] 434 a2bd202ba1d485fe -> a519c4cebb64ff0d
[CHAIN] 435 a519c4cebb64ff0d -> 197bb05aedc5678c
[CHAIN] 436 197bb05aedc5678c -> 0d6b79af7d4c14cd
[CHAIN] 437 0d6b79af7d4c14cd -> deb0d62133892764
[CHAIN] 438 deb0d62133892764 -> d97560b4b65b256f
[CHAIN] 439 d97560b4b65b256f -> 6bd8297328ad65f0
[CHAIN] 440 6bd8297328ad65f0 -> de5a9578df6d4c16
[CHAIN] 441 de5a9578df6d4c16 -> 7bc4f975d0960a9e
[CHAIN] 442 7bc4f975d0960a9e -> 688db66438aaff81
[CHAIN] 443 688db66438aaff81 -> 5b823201f47c4abc
[CHAIN] 444 5b823201f47c4abc -> 5a6a7b42371a6901
[CHAIN] 445 5a6a7b42371a6901 -> bf3d7e4f531d1361
[CHAIN] 446 bf3d7e4f531d1361 -> 938fc014d55f1d6a
[CHAIN] 447 938fc014d55f1d6a -> c7f7cf3f3e853a22
[CHAIN] 448 c7f7cf3f3e853a22 -> 8699af3a20520ff1
[CHAIN] 449 8699af3a20520ff1 -> b60f5d64a36ba462
[CHAIN] 450 b60f5d64a36ba462 -> ae51b46178a7483b
[CHAIN] 451 ae51b46178a7483b -> 19920137e8646525
[CHAIN] 452 19920137e8646525 -> cc57b39c7bca23fd
[CHAIN] 453 cc57b39c7bca23fd -> ea12815633854351
[CHAIN] 454 ea12815633854351 -> 0c5ffdb97bb2fdd3
[CHAIN] 455 0c5ffdb97bb2fdd3 -> 33d9f290559345a8
[CHAIN] 456 33d9f290559345a8 -> dfaee43834dc08c6
[CHAIN] 457 dfaee43834dc08c6 -> 4faa869002f24d49
[CHAIN] 458 4faa869002f24d49 -> 1c7db42c427276ad
[CHAIN] 459 1c7db42c427276ad -> 19768fdd47291e9a
[CHAIN] 460 19768fdd47291e9a -> c13dbe3e5b36ea33
[CHAIN] 461 c13dbe3e5b36ea33 -> 7ec14d3bdfeccf25
[CHAIN] 462 7ec14d3bdfeccf25 -> 0531d89029dbc97f
[CHAIN] 463 0531d89029dbc97f -> 0f686dcb9cf898b5
[CHAIN] 464 0f686dcb9cf898b5 -> e4e5765cb7db2d15
[CHAIN] 465 e4e5765cb7db2d15 -> 842e21d90e271abc
[CHAIN] 466 842e21d90e271abc -> 592ab1b0c0791d38
[CHAIN] 467 592ab1b0c0791d38 -> 371b6e118a1362ba
[CHAIN] 468 371b6e118a1362ba -> 1a985740885398da
[CHAIN] 469 1a985740885398da -> 109330ba98ce1e02
[CHAIN] 470 109330ba98ce1e02 -> 40fd8c079a4c9219
[CHAIN] 471 40fd8c079a4c9219 -> 4ed90ee644cc355b
[CHAIN] 472 4ed90ee644cc355b -> a36f85c17662f66b
[CHAIN] 473 a36f85c17662f66b -> 9a8fd3007c72b81d
[CHAIN] 474 9a8fd3007c72b81d -> 8732ad2344e5b079
[CHAIN] 475 8732ad2344e5b079 -> c664e69d2a9ed9b6
[CHAIN] 476 c664e69d2a9ed9b6 -> d6e6401902f24866
[CHAIN] 477 d6e6401902f24866 -> 81e03a61351bdbd7
[CHAIN] 478 81e03a61351bdbd7 -> 0cfb8bf887ac1057
[CHAIN] 479 0cfb8bf887ac1057 -> 457e9675cb3f7e57
[CHAIN] 480 457e9675cb3f7e57 -> 213db8dbe0781b76
[CHAIN] 481 213db8dbe0781b76 -> b7fb21b647eed3f9
[CHAIN] 482 b7fb21b647eed3f9 -> 2db25b0ce0a07333
[CHAIN] 483 2db25b0ce0a07333 -> 850d51eaa1332140
[CHAIN] 484 850d51eaa1332140 -> 8fe31d6f7afa6e1b
[CHAIN] 485 8fe31d6f7afa6e1b -> f88ccc88e94eb70f
[CHAIN] 486 f88ccc88e94eb70f -> 61aae891fcfe7e14
[CHAIN] 487 61aae891fcfe7e14 -> d48c998ebd4ed32e
[CHAIN] 488 d48c998ebd4ed32e -> 0e446e593f25de6c
[CHAIN] 489 0e446e593f25de6c -> 5f7cd70e24e2975c
[CHAIN] 490 5f7cd70e24e2975c -> bd88c8be7e308dea
[CHAIN] 491 bd88c8be7e308dea -> a9087e675e27c37a
[CHAIN] 492 a9087e675e27c37a -> d96e9bf473ee1ff7
[CHAIN] 493 d96e9bf473ee1ff7 -> 172547f3dd128bcd
[CHAIN] 494 172547f3dd128bcd -> d877dab50027e31c
[CHAIN] 495 d877dab50027e31c -> dcd3e9b496814a5d
[CHAIN] 496 dcd3e9b496814a5d -> b7e7880434108c43
[CHAIN] 497 b7e7880434108c43 -> bf89db2c058d5701
[CHAIN] 498 bf89db2c058d5701 -> 2bb2646e7c1e4ca4
[CHAIN] 499 2bb2646e7c1e4ca4 -> b09c1bd7248030eb
[CHAIN] 500 b09c1bd7248030eb -> 048a0b61addfe898
[CHAIN] 501 048a0b61addfe898 -> 9596c8427f2b8eee
[CHAIN] 502 9596c8427f2b8eee -> 0db3b2335f4f2473
[CHAIN] 503 0db3b2335f4f2473 -> 2870b6460126edc7
[CHAIN] 504 2870b6460126edc7 -> acc2ca4e5fdb61d1
[CHAIN] 505 acc2ca4e5fdb61d1 -> fc1df5f1bd22264a
[CHAIN] 506 fc1df5f1bd22264a -> 9fb85df8241a04b5
[CHAIN] 507 9fb85df8241a04b5 -> a6f9d68916be5d84
[CHAIN] 508 a6f9d68916be5d84 -> 4204d4a97b60c33a
[CHAIN] 509 4204d4a97b60c33a -> 34643aa83a1bf449
[CHAIN] 510 34643aa83a1bf449 -> 48378bdbe95b5226
[CHAIN] 511 48378bdbe95b5226 -> 65f80e5e7de3345f
[CHAIN] BF_ENCRYPT_CHAIN_END
[*] ECX = 0x2317e2c
[SBOX4] S-box as uint32 at 4-byte stride from ECX+0xCC:
[SBOX4] [0] 0x8ee0d576
[SBOX4] [1] 0xf284c93a
[SBOX4] [2] 0x86886dce
[SBOX4] [3] 0x2aec2172
[SBOX4] [4] 0xfeb005c6
[SBOX4] [5] 0xe2d4f90a
[SBOX4] [6] 0xf6589d5e
[SBOX4] [7] 0x1a3cd142
[SBOX4] [8] 0x6e40b556
[SBOX4] [9] 0xd2e4a91a
[SBOX4] [10] 0x66e8cdae
[SBOX4] [11] 0x0a4c8152
[SBOX4] [12] 0xde10e5a6
[SBOX4] [13] 0xc23459ea
[SBOX4] [14] 0xd6b87d3e
[SBOX4] [15] 0xfa9cb122
[SBOX4] [16] 0x4ea01536
[SBOX4] [17] 0xb24409fa
[SBOX4] [18] 0x4648ad8e
[SBOX4] [19] 0xeaac6132
[SBOX4] [20] 0xbe704586
[SBOX4] [21] 0xa29439ca
[SBOX4] [22] 0xb618dd1e
[SBOX4] [23] 0xdafc1102
[SBOX4] [24] 0x2e00f516
[SBOX4] [25] 0x92a4e9da
[SBOX4] [26] 0x26a80d6e
[SBOX4] [27] 0xca0cc112
[SBOX4] [28] 0x9ed02566
[SBOX4] [29] 0x82f499aa
[SBOX4] [30] 0x9678bdfe
[SBOX4] [31] 0xba5cf1e2
[SBOX4] [32] 0x0e6055f6
[SBOX4] [33] 0x720449ba
[SBOX4] [34] 0x0608ed4e
[SBOX4] [35] 0xaa6ca1f2
[SBOX4] [36] 0x7e308546
[SBOX4] [37] 0x6254798a
[SBOX4] [38] 0x76d81dde
[SBOX4] [39] 0x9abc51c2
[SBOX4] [40] 0xeec035d6
[SBOX4] [41] 0x5264299a
[SBOX4] [42] 0xe6684d2e
[SBOX4] [43] 0x8acc01d2
[SBOX4] [44] 0x5e906526
[SBOX4] [45] 0x42b4d96a
[SBOX4] [46] 0x5638fdbe
[SBOX4] [47] 0x7a1c31a2
[SBOX4] [48] 0xce2095b6
[SBOX4] [49] 0x32c4897a
[SBOX4] [50] 0xc6c82d0e
[SBOX4] [51] 0x6a2ce1b2
[SBOX4] [52] 0x3ef0c506
[SBOX4] [53] 0x2214b94a
[SBOX4] [54] 0x36985d9e
[SBOX4] [55] 0x5a7c9182
[SBOX4] [56] 0xae807596
[SBOX4] [57] 0x1224695a
[SBOX4] [58] 0xa6288dee
[SBOX4] [59] 0x4a8c4192
[SBOX4] [60] 0x1e50a5e6
[SBOX4] [61] 0x0274192a
[SBOX4] [62] 0x16f83d7e
[SBOX4] [63] 0x3adc7162
[SBOX4] [64] 0x6b32cadb
[SBOX4] [65] 0xefde6e67
[SBOX4] [66] 0x333a42a3
[SBOX4] [67] 0x37a666af
[SBOX4] [68] 0xfb02ba6b
[SBOX4] [69] 0x7f2e5ef7
[SBOX4] [70] 0xc30a3233
[SBOX4] [71] 0xc7b6563f
[SBOX4] [72] 0x8b12aafb
[SBOX4] [73] 0x0f3e4e07
[SBOX4] [74] 0x531a2243
[SBOX4] [75] 0x5786464f
[SBOX4] [76] 0x1b629a0b
[SBOX4] [77] 0x9f0e3e97
[SBOX4] [78] 0xe36a12d3
[SBOX4] [79] 0xe79636df
[SBOX4] [80] 0xab728a9b
[SBOX4] [81] 0x2f1e2e27
[SBOX4] [82] 0x737a0263
[SBOX4] [83] 0x77e6266f
[SBOX4] [84] 0x3b427a2b
[SBOX4] [85] 0xbf6e1eb7
[SBOX4] [86] 0x034af2f3
[SBOX4] [87] 0x07f616ff
[SBOX4] [88] 0xcb526abb
[SBOX4] [89] 0x4f7e0ec7
[SBOX4] [90] 0x935ae203
[SBOX4] [91] 0x97c6060f
[SBOX4] [92] 0x5ba25acb
[SBOX4] [93] 0xdf4efe57
[SBOX4] [94] 0x23aad293
[SBOX4] [95] 0x27d6f69f
[SBOX4] [96] 0xebb24a5b
[SBOX4] [97] 0x6f5eeee7
[SBOX4] [98] 0xb3bac223
[SBOX4] [99] 0xb726e62f
[SBOX4] [100] 0x7b823aeb
[SBOX4] [101] 0xffaede77
[SBOX4] [102] 0x438ab2b3
[SBOX4] [103] 0x4736d6bf
[SBOX4] [104] 0x0b922a7b
[SBOX4] [105] 0x8fbece87
[SBOX4] [106] 0xd39aa2c3
[SBOX4] [107] 0xd706c6cf
[SBOX4] [108] 0x9be21a8b
[SBOX4] [109] 0x1f8ebe17
[SBOX4] [110] 0x63ea9253
[SBOX4] [111] 0x6716b65f
[SBOX4] [112] 0x2bf20a1b
[SBOX4] [113] 0xaf9eaea7
[SBOX4] [114] 0xf3fa82e3
[SBOX4] [115] 0xf766a6ef
[SBOX4] [116] 0xbbc2faab
[SBOX4] [117] 0x3fee9e37
[SBOX4] [118] 0x83ca7273
[SBOX4] [119] 0x8776967f
[SBOX4] [120] 0x4bd2ea3b
[SBOX4] [121] 0xcffe8e47
[SBOX4] [122] 0x13da6283
[SBOX4] [123] 0x1746868f
[SBOX4] [124] 0xdb22da4b
[SBOX4] [125] 0x5fce7ed7
[SBOX4] [126] 0xa32a5213
[SBOX4] [127] 0xa756761f
[SBOX4] [128] 0x00000000
[SBOX4] [129] 0x00000000
[SBOX4] [130] 0x8a83909d
[SBOX4] [131] 0xf6e78cd1
[SBOX4] [132] 0x82eb2825
[SBOX4] [133] 0x2e8f6499
[SBOX4] [134] 0xfad3402d
[SBOX4] [135] 0xe6b7bce1
[SBOX4] [136] 0xf23bd8b5
[SBOX4] [137] 0x1e5f94a9
[SBOX4] [138] 0x6a23f0bd
[SBOX4] [139] 0xd687ecf1
[SBOX4] [140] 0x628b8845
[SBOX4] [141] 0x0e2fc4b9
[SBOX4] [142] 0xda73a04d
[SBOX4] [143] 0xc6571c01
[SBOX4] [144] 0xd2db38d5
[SBOX4] [145] 0xfefff4c9
[SBOX4] [146] 0x4ac350dd
[SBOX4] [147] 0xb6274c11
[SBOX4] [148] 0x422be865
[SBOX4] [149] 0xeecf24d9
[SBOX4] [150] 0xba13006d
[SBOX4] [151] 0xa6f77c21
[SBOX4] [152] 0xb27b98f5
[SBOX4] [153] 0xde9f54e9
[SBOX4] [154] 0x2a63b0fd
[SBOX4] [155] 0x96c7ac31
[SBOX4] [156] 0x22cb4885
[SBOX4] [157] 0xce6f84f9
[SBOX4] [158] 0x9ab3608d
[SBOX4] [159] 0x8697dc41
[SBOX4] [160] 0x921bf815
[SBOX4] [161] 0xbe3fb409
[SBOX4] [162] 0x0a03101d
[SBOX4] [163] 0x76670c51
[SBOX4] [164] 0x026ba8a5
[SBOX4] [165] 0xae0fe419
[SBOX4] [166] 0x7a53c0ad
[SBOX4] [167] 0x66373c61
[SBOX4] [168] 0x72bb5835
[SBOX4] [169] 0x9edf1429
[SBOX4] [170] 0xeaa3703d
[SBOX4] [171] 0x56076c71
[SBOX4] [172] 0xe20b08c5
[SBOX4] [173] 0x8eaf4439
[SBOX4] [174] 0x5af320cd
[SBOX4] [175] 0x46d79c81
[SBOX4] [176] 0x525bb855
[SBOX4] [177] 0x7e7f7449
[SBOX4] [178] 0xca43d05d
[SBOX4] [179] 0x36a7cc91
[SBOX4] [180] 0xc2ab68e5
[SBOX4] [181] 0x6e4fa459
[SBOX4] [182] 0x3a9380ed
[SBOX4] [183] 0x2677fca1
[SBOX4] [184] 0x32fb1875
[SBOX4] [185] 0x5e1fd469
[SBOX4] [186] 0xaae3307d
[SBOX4] [187] 0x16472cb1
[SBOX4] [188] 0xa24bc805
[SBOX4] [189] 0x4eef0479
[SBOX4] [190] 0x1a33e00d
[SBOX4] [191] 0x06175cc1
[SBOX4] [192] 0x129b7895
[SBOX4] [193] 0x3ebf3489
[SBOX4] [194] 0x15e84f62
[SBOX4] [195] 0x9104ebde
[SBOX4] [196] 0x4de0c71a
[SBOX4] [197] 0x497ce316
[SBOX4] [198] 0x85d83fd2
[SBOX4] [199] 0x01f4db4e
[SBOX4] [200] 0xbdd0b78a
[SBOX4] [201] 0xb96cd386
[SBOX4] [202] 0xf5c82f42
[SBOX4] [203] 0x71e4cbbe
[SBOX4] [204] 0x2dc0a7fa
[SBOX4] [205] 0x295cc3f6
[SBOX4] [206] 0x65b81fb2
[SBOX4] [207] 0xe1d4bb2e
[SBOX4] [208] 0x9db0976a
[SBOX4] [209] 0x994cb366
[SBOX4] [210] 0xd5a80f22
[SBOX4] [211] 0x51c4ab9e
[SBOX4] [212] 0x0da087da
[SBOX4] [213] 0x093ca3d6
[SBOX4] [214] 0x4598ff92
[SBOX4] [215] 0xc1b49b0e
[SBOX4] [216] 0x7d90774a
[SBOX4] [217] 0x792c9346
[SBOX4] [218] 0xb588ef02
[SBOX4] [219] 0x31a48b7e
[SBOX4] [220] 0xed8067ba
[SBOX4] [221] 0xe91c83b6
[SBOX4] [222] 0x2578df72
[SBOX4] [223] 0xa1947bee
[SBOX4] [224] 0x5d70572a
[SBOX4] [225] 0x590c7326
[SBOX4] [226] 0x9568cfe2
[SBOX4] [227] 0x11846b5e
[SBOX4] [228] 0xcd60479a
[SBOX4] [229] 0xc9fc6396
[SBOX4] [230] 0x0558bf52
[SBOX4] [231] 0x81745bce
[SBOX4] [232] 0x3d50370a
[SBOX4] [233] 0x39ec5306
[SBOX4] [234] 0x7548afc2
[SBOX4] [235] 0xf1644b3e
[SBOX4] [236] 0xad40277a
[SBOX4] [237] 0xa9dc4376
[SBOX4] [238] 0xe5389f32
[SBOX4] [239] 0x61543bae
[SBOX4] [240] 0x1d3017ea
[SBOX4] [241] 0x19cc33e6
[SBOX4] [242] 0x55288fa2
[SBOX4] [243] 0xd1442b1e
[SBOX4] [244] 0x8d20075a
[SBOX4] [245] 0x89bc2356
[SBOX4] [246] 0xc5187f12
[SBOX4] [247] 0x41341b8e
[SBOX4] [248] 0xfd10f7ca
[SBOX4] [249] 0xf9ac13c6
[SBOX4] [250] 0x35086f82
[SBOX4] [251] 0xb1240bfe
[SBOX4] [252] 0x6d00e73a
[SBOX4] [253] 0x699c0336
[SBOX4] [254] 0xa5f85ff2
[SBOX4] [255] 0x2114fb6e
[SBOX2] S-box as uint16 at 2-byte stride from ECX+0xCC:
[SBOX2] [0] 0xd576
[SBOX2] [1] 0x8ee0
[SBOX2] [2] 0xc93a
[SBOX2] [3] 0xf284
[SBOX2] [4] 0x6dce
[SBOX2] [5] 0x8688
[SBOX2] [6] 0x2172
[SBOX2] [7] 0x2aec
[SBOX2] [8] 0x05c6
[SBOX2] [9] 0xfeb0
[SBOX2] [10] 0xf90a
[SBOX2] [11] 0xe2d4
[SBOX2] [12] 0x9d5e
[SBOX2] [13] 0xf658
[SBOX2] [14] 0xd142
[SBOX2] [15] 0x1a3c
[SBOX2] [16] 0xb556
[SBOX2] [17] 0x6e40
[SBOX2] [18] 0xa91a
[SBOX2] [19] 0xd2e4
[SBOX2] [20] 0xcdae
[SBOX2] [21] 0x66e8
[SBOX2] [22] 0x8152
[SBOX2] [23] 0x0a4c
[SBOX2] [24] 0xe5a6
[SBOX2] [25] 0xde10
[SBOX2] [26] 0x59ea
[SBOX2] [27] 0xc234
[SBOX2] [28] 0x7d3e
[SBOX2] [29] 0xd6b8
[SBOX2] [30] 0xb122
[SBOX2] [31] 0xfa9c
[SBOX2] [32] 0x1536
[SBOX2] [33] 0x4ea0
[SBOX2] [34] 0x09fa
[SBOX2] [35] 0xb244
[SBOX2] [36] 0xad8e
[SBOX2] [37] 0x4648
[SBOX2] [38] 0x6132
[SBOX2] [39] 0xeaac
[SBOX2] [40] 0x4586
[SBOX2] [41] 0xbe70
[SBOX2] [42] 0x39ca
[SBOX2] [43] 0xa294
[SBOX2] [44] 0xdd1e
[SBOX2] [45] 0xb618
[SBOX2] [46] 0x1102
[SBOX2] [47] 0xdafc
[SBOX2] [48] 0xf516
[SBOX2] [49] 0x2e00
[SBOX2] [50] 0xe9da
[SBOX2] [51] 0x92a4
[SBOX2] [52] 0x0d6e
[SBOX2] [53] 0x26a8
[SBOX2] [54] 0xc112
[SBOX2] [55] 0xca0c
[SBOX2] [56] 0x2566
[SBOX2] [57] 0x9ed0
[SBOX2] [58] 0x99aa
[SBOX2] [59] 0x82f4
[SBOX2] [60] 0xbdfe
[SBOX2] [61] 0x9678
[SBOX2] [62] 0xf1e2
[SBOX2] [63] 0xba5c
[SBOX2] [64] 0x55f6
[SBOX2] [65] 0x0e60
[SBOX2] [66] 0x49ba
[SBOX2] [67] 0x7204
[SBOX2] [68] 0xed4e
[SBOX2] [69] 0x0608
[SBOX2] [70] 0xa1f2
[SBOX2] [71] 0xaa6c
[SBOX2] [72] 0x8546
[SBOX2] [73] 0x7e30
[SBOX2] [74] 0x798a
[SBOX2] [75] 0x6254
[SBOX2] [76] 0x1dde
[SBOX2] [77] 0x76d8
[SBOX2] [78] 0x51c2
[SBOX2] [79] 0x9abc
[SBOX2] [80] 0x35d6
[SBOX2] [81] 0xeec0
[SBOX2] [82] 0x299a
[SBOX2] [83] 0x5264
[SBOX2] [84] 0x4d2e
[SBOX2] [85] 0xe668
[SBOX2] [86] 0x01d2
[SBOX2] [87] 0x8acc
[SBOX2] [88] 0x6526
[SBOX2] [89] 0x5e90
[SBOX2] [90] 0xd96a
[SBOX2] [91] 0x42b4
[SBOX2] [92] 0xfdbe
[SBOX2] [93] 0x5638
[SBOX2] [94] 0x31a2
[SBOX2] [95] 0x7a1c
[SBOX2] [96] 0x95b6
[SBOX2] [97] 0xce20
[SBOX2] [98] 0x897a
[SBOX2] [99] 0x32c4
[SBOX2] [100] 0x2d0e
[SBOX2] [101] 0xc6c8
[SBOX2] [102] 0xe1b2
[SBOX2] [103] 0x6a2c
[SBOX2] [104] 0xc506
[SBOX2] [105] 0x3ef0
[SBOX2] [106] 0xb94a
[SBOX2] [107] 0x2214
[SBOX2] [108] 0x5d9e
[SBOX2] [109] 0x3698
[SBOX2] [110] 0x9182
[SBOX2] [111] 0x5a7c
[SBOX2] [112] 0x7596
[SBOX2] [113] 0xae80
[SBOX2] [114] 0x695a
[SBOX2] [115] 0x1224
[SBOX2] [116] 0x8dee
[SBOX2] [117] 0xa628
[SBOX2] [118] 0x4192
[SBOX2] [119] 0x4a8c
[SBOX2] [120] 0xa5e6
[SBOX2] [121] 0x1e50
[SBOX2] [122] 0x192a
[SBOX2] [123] 0x0274
[SBOX2] [124] 0x3d7e
[SBOX2] [125] 0x16f8
[SBOX2] [126] 0x7162
[SBOX2] [127] 0x3adc
[SBOX2] [128] 0xcadb
[SBOX2] [129] 0x6b32
[SBOX2] [130] 0x6e67
[SBOX2] [131] 0xefde
[SBOX2] [132] 0x42a3
[SBOX2] [133] 0x333a
[SBOX2] [134] 0x66af
[SBOX2] [135] 0x37a6
[SBOX2] [136] 0xba6b
[SBOX2] [137] 0xfb02
[SBOX2] [138] 0x5ef7
[SBOX2] [139] 0x7f2e
[SBOX2] [140] 0x3233
[SBOX2] [141] 0xc30a
[SBOX2] [142] 0x563f
[SBOX2] [143] 0xc7b6
[SBOX2] [144] 0xaafb
[SBOX2] [145] 0x8b12
[SBOX2] [146] 0x4e07
[SBOX2] [147] 0x0f3e
[SBOX2] [148] 0x2243
[SBOX2] [149] 0x531a
[SBOX2] [150] 0x464f
[SBOX2] [151] 0x5786
[SBOX2] [152] 0x9a0b
[SBOX2] [153] 0x1b62
[SBOX2] [154] 0x3e97
[SBOX2] [155] 0x9f0e
[SBOX2] [156] 0x12d3
[SBOX2] [157] 0xe36a
[SBOX2] [158] 0x36df
[SBOX2] [159] 0xe796
[SBOX2] [160] 0x8a9b
[SBOX2] [161] 0xab72
[SBOX2] [162] 0x2e27
[SBOX2] [163] 0x2f1e
[SBOX2] [164] 0x0263
[SBOX2] [165] 0x737a
[SBOX2] [166] 0x266f
[SBOX2] [167] 0x77e6
[SBOX2] [168] 0x7a2b
[SBOX2] [169] 0x3b42
[SBOX2] [170] 0x1eb7
[SBOX2] [171] 0xbf6e
[SBOX2] [172] 0xf2f3
[SBOX2] [173] 0x034a
[SBOX2] [174] 0x16ff
[SBOX2] [175] 0x07f6
[SBOX2] [176] 0x6abb
[SBOX2] [177] 0xcb52
[SBOX2] [178] 0x0ec7
[SBOX2] [179] 0x4f7e
[SBOX2] [180] 0xe203
[SBOX2] [181] 0x935a
[SBOX2] [182] 0x060f
[SBOX2] [183] 0x97c6
[SBOX2] [184] 0x5acb
[SBOX2] [185] 0x5ba2
[SBOX2] [186] 0xfe57
[SBOX2] [187] 0xdf4e
[SBOX2] [188] 0xd293
[SBOX2] [189] 0x23aa
[SBOX2] [190] 0xf69f
[SBOX2] [191] 0x27d6
[SBOX2] [192] 0x4a5b
[SBOX2] [193] 0xebb2
[SBOX2] [194] 0xeee7
[SBOX2] [195] 0x6f5e
[SBOX2] [196] 0xc223
[SBOX2] [197] 0xb3ba
[SBOX2] [198] 0xe62f
[SBOX2] [199] 0xb726
[SBOX2] [200] 0x3aeb
[SBOX2] [201] 0x7b82
[SBOX2] [202] 0xde77
[SBOX2] [203] 0xffae
[SBOX2] [204] 0xb2b3
[SBOX2] [205] 0x438a
[SBOX2] [206] 0xd6bf
[SBOX2] [207] 0x4736
[SBOX2] [208] 0x2a7b
[SBOX2] [209] 0x0b92
[SBOX2] [210] 0xce87
[SBOX2] [211] 0x8fbe
[SBOX2] [212] 0xa2c3
[SBOX2] [213] 0xd39a
[SBOX2] [214] 0xc6cf
[SBOX2] [215] 0xd706
[SBOX2] [216] 0x1a8b
[SBOX2] [217] 0x9be2
[SBOX2] [218] 0xbe17
[SBOX2] [219] 0x1f8e
[SBOX2] [220] 0x9253
[SBOX2] [221] 0x63ea
[SBOX2] [222] 0xb65f
[SBOX2] [223] 0x6716
[SBOX2] [224] 0x0a1b
[SBOX2] [225] 0x2bf2
[SBOX2] [226] 0xaea7
[SBOX2] [227] 0xaf9e
[SBOX2] [228] 0x82e3
[SBOX2] [229] 0xf3fa
[SBOX2] [230] 0xa6ef
[SBOX2] [231] 0xf766
[SBOX2] [232] 0xfaab
[SBOX2] [233] 0xbbc2
[SBOX2] [234] 0x9e37
[SBOX2] [235] 0x3fee
[SBOX2] [236] 0x7273
[SBOX2] [237] 0x83ca
[SBOX2] [238] 0x967f
[SBOX2] [239] 0x8776
[SBOX2] [240] 0xea3b
[SBOX2] [241] 0x4bd2
[SBOX2] [242] 0x8e47
[SBOX2] [243] 0xcffe
[SBOX2] [244] 0x6283
[SBOX2] [245] 0x13da
[SBOX2] [246] 0x868f
[SBOX2] [247] 0x1746
[SBOX2] [248] 0xda4b
[SBOX2] [249] 0xdb22
[SBOX2] [250] 0x7ed7
[SBOX2] [251] 0x5fce
[SBOX2] [252] 0x5213
[SBOX2] [253] 0xa32a
[SBOX2] [254] 0x761f
[SBOX2] [255] 0xa756
[SBOX2] [256] 0x0000
[SBOX2] [257] 0x0000
[SBOX2] [258] 0x0000
[SBOX2] [259] 0x0000
[SBOX2] [260] 0x909d
[SBOX2] [261] 0x8a83
[SBOX2] [262] 0x8cd1
[SBOX2] [263] 0xf6e7
[SBOX2] [264] 0x2825
[SBOX2] [265] 0x82eb
[SBOX2] [266] 0x6499
[SBOX2] [267] 0x2e8f
[SBOX2] [268] 0x402d
[SBOX2] [269] 0xfad3
[SBOX2] [270] 0xbce1
[SBOX2] [271] 0xe6b7
[SBOX2] [272] 0xd8b5
[SBOX2] [273] 0xf23b
[SBOX2] [274] 0x94a9
[SBOX2] [275] 0x1e5f
[SBOX2] [276] 0xf0bd
[SBOX2] [277] 0x6a23
[SBOX2] [278] 0xecf1
[SBOX2] [279] 0xd687
[SBOX2] [280] 0x8845
[SBOX2] [281] 0x628b
[SBOX2] [282] 0xc4b9
[SBOX2] [283] 0x0e2f
[SBOX2] [284] 0xa04d
[SBOX2] [285] 0xda73
[SBOX2] [286] 0x1c01
[SBOX2] [287] 0xc657
[SBOX2] [288] 0x38d5
[SBOX2] [289] 0xd2db
[SBOX2] [290] 0xf4c9
[SBOX2] [291] 0xfeff
[SBOX2] [292] 0x50dd
[SBOX2] [293] 0x4ac3
[SBOX2] [294] 0x4c11
[SBOX2] [295] 0xb627
[SBOX2] [296] 0xe865
[SBOX2] [297] 0x422b
[SBOX2] [298] 0x24d9
[SBOX2] [299] 0xeecf
[SBOX2] [300] 0x006d
[SBOX2] [301] 0xba13
[SBOX2] [302] 0x7c21
[SBOX2] [303] 0xa6f7
[SBOX2] [304] 0x98f5
[SBOX2] [305] 0xb27b
[SBOX2] [306] 0x54e9
[SBOX2] [307] 0xde9f
[SBOX2] [308] 0xb0fd
[SBOX2] [309] 0x2a63
[SBOX2] [310] 0xac31
[SBOX2] [311] 0x96c7
[SBOX2] [312] 0x4885
[SBOX2] [313] 0x22cb
[SBOX2] [314] 0x84f9
[SBOX2] [315] 0xce6f
[SBOX2] [316] 0x608d
[SBOX2] [317] 0x9ab3
[SBOX2] [318] 0xdc41
[SBOX2] [319] 0x8697
[SBOX2] [320] 0xf815
[SBOX2] [321] 0x921b
[SBOX2] [322] 0xb409
[SBOX2] [323] 0xbe3f
[SBOX2] [324] 0x101d
[SBOX2] [325] 0x0a03
[SBOX2] [326] 0x0c51
[SBOX2] [327] 0x7667
[SBOX2] [328] 0xa8a5
[SBOX2] [329] 0x026b
[SBOX2] [330] 0xe419
[SBOX2] [331] 0xae0f
[SBOX2] [332] 0xc0ad
[SBOX2] [333] 0x7a53
[SBOX2] [334] 0x3c61
[SBOX2] [335] 0x6637
[SBOX2] [336] 0x5835
[SBOX2] [337] 0x72bb
[SBOX2] [338] 0x1429
[SBOX2] [339] 0x9edf
[SBOX2] [340] 0x703d
[SBOX2] [341] 0xeaa3
[SBOX2] [342] 0x6c71
[SBOX2] [343] 0x5607
[SBOX2] [344] 0x08c5
[SBOX2] [345] 0xe20b
[SBOX2] [346] 0x4439
[SBOX2] [347] 0x8eaf
[SBOX2] [348] 0x20cd
[SBOX2] [349] 0x5af3
[SBOX2] [350] 0x9c81
[SBOX2] [351] 0x46d7
[SBOX2] [352] 0xb855
[SBOX2] [353] 0x525b
[SBOX2] [354] 0x7449
[SBOX2] [355] 0x7e7f
[SBOX2] [356] 0xd05d
[SBOX2] [357] 0xca43
[SBOX2] [358] 0xcc91
[SBOX2] [359] 0x36a7
[SBOX2] [360] 0x68e5
[SBOX2] [361] 0xc2ab
[SBOX2] [362] 0xa459
[SBOX2] [363] 0x6e4f
[SBOX2] [364] 0x80ed
[SBOX2] [365] 0x3a93
[SBOX2] [366] 0xfca1
[SBOX2] [367] 0x2677
[SBOX2] [368] 0x1875
[SBOX2] [369] 0x32fb
[SBOX2] [370] 0xd469
[SBOX2] [371] 0x5e1f
[SBOX2] [372] 0x307d
[SBOX2] [373] 0xaae3
[SBOX2] [374] 0x2cb1
[SBOX2] [375] 0x1647
[SBOX2] [376] 0xc805
[SBOX2] [377] 0xa24b
[SBOX2] [378] 0x0479
[SBOX2] [379] 0x4eef
[SBOX2] [380] 0xe00d
[SBOX2] [381] 0x1a33
[SBOX2] [382] 0x5cc1
[SBOX2] [383] 0x0617
[SBOX2] [384] 0x7895
[SBOX2] [385] 0x129b
[SBOX2] [386] 0x3489
[SBOX2] [387] 0x3ebf
[SBOX2] [388] 0x4f62
[SBOX2] [389] 0x15e8
[SBOX2] [390] 0xebde
[SBOX2] [391] 0x9104
[SBOX2] [392] 0xc71a
[SBOX2] [393] 0x4de0
[SBOX2] [394] 0xe316
[SBOX2] [395] 0x497c
[SBOX2] [396] 0x3fd2
[SBOX2] [397] 0x85d8
[SBOX2] [398] 0xdb4e
[SBOX2] [399] 0x01f4
[SBOX2] [400] 0xb78a
[SBOX2] [401] 0xbdd0
[SBOX2] [402] 0xd386
[SBOX2] [403] 0xb96c
[SBOX2] [404] 0x2f42
[SBOX2] [405] 0xf5c8
[SBOX2] [406] 0xcbbe
[SBOX2] [407] 0x71e4
[SBOX2] [408] 0xa7fa
[SBOX2] [409] 0x2dc0
[SBOX2] [410] 0xc3f6
[SBOX2] [411] 0x295c
[SBOX2] [412] 0x1fb2
[SBOX2] [413] 0x65b8
[SBOX2] [414] 0xbb2e
[SBOX2] [415] 0xe1d4
[SBOX2] [416] 0x976a
[SBOX2] [417] 0x9db0
[SBOX2] [418] 0xb366
[SBOX2] [419] 0x994c
[SBOX2] [420] 0x0f22
[SBOX2] [421] 0xd5a8
[SBOX2] [422] 0xab9e
[SBOX2] [423] 0x51c4
[SBOX2] [424] 0x87da
[SBOX2] [425] 0x0da0
[SBOX2] [426] 0xa3d6
[SBOX2] [427] 0x093c
[SBOX2] [428] 0xff92
[SBOX2] [429] 0x4598
[SBOX2] [430] 0x9b0e
[SBOX2] [431] 0xc1b4
[SBOX2] [432] 0x774a
[SBOX2] [433] 0x7d90
[SBOX2] [434] 0x9346
[SBOX2] [435] 0x792c
[SBOX2] [436] 0xef02
[SBOX2] [437] 0xb588
[SBOX2] [438] 0x8b7e
[SBOX2] [439] 0x31a4
[SBOX2] [440] 0x67ba
[SBOX2] [441] 0xed80
[SBOX2] [442] 0x83b6
[SBOX2] [443] 0xe91c
[SBOX2] [444] 0xdf72
[SBOX2] [445] 0x2578
[SBOX2] [446] 0x7bee
[SBOX2] [447] 0xa194
[SBOX2] [448] 0x572a
[SBOX2] [449] 0x5d70
[SBOX2] [450] 0x7326
[SBOX2] [451] 0x590c
[SBOX2] [452] 0xcfe2
[SBOX2] [453] 0x9568
[SBOX2] [454] 0x6b5e
[SBOX2] [455] 0x1184
[SBOX2] [456] 0x479a
[SBOX2] [457] 0xcd60
[SBOX2] [458] 0x6396
[SBOX2] [459] 0xc9fc
[SBOX2] [460] 0xbf52
[SBOX2] [461] 0x0558
[SBOX2] [462] 0x5bce
[SBOX2] [463] 0x8174
[SBOX2] [464] 0x370a
[SBOX2] [465] 0x3d50
[SBOX2] [466] 0x5306
[SBOX2] [467] 0x39ec
[SBOX2] [468] 0xafc2
[SBOX2] [469] 0x7548
[SBOX2] [470] 0x4b3e
[SBOX2] [471] 0xf164
[SBOX2] [472] 0x277a
[SBOX2] [473] 0xad40
[SBOX2] [474] 0x4376
[SBOX2] [475] 0xa9dc
[SBOX2] [476] 0x9f32
[SBOX2] [477] 0xe538
[SBOX2] [478] 0x3bae
[SBOX2] [479] 0x6154
[SBOX2] [480] 0x17ea
[SBOX2] [481] 0x1d30
[SBOX2] [482] 0x33e6
[SBOX2] [483] 0x19cc
[SBOX2] [484] 0x8fa2
[SBOX2] [485] 0x5528
[SBOX2] [486] 0x2b1e
[SBOX2] [487] 0xd144
[SBOX2] [488] 0x075a
[SBOX2] [489] 0x8d20
[SBOX2] [490] 0x2356
[SBOX2] [491] 0x89bc
[SBOX2] [492] 0x7f12
[SBOX2] [493] 0xc518
[SBOX2] [494] 0x1b8e
[SBOX2] [495] 0x4134
[SBOX2] [496] 0xf7ca
[SBOX2] [497] 0xfd10
[SBOX2] [498] 0x13c6
[SBOX2] [499] 0xf9ac
[SBOX2] [500] 0x6f82
[SBOX2] [501] 0x3508
[SBOX2] [502] 0x0bfe
[SBOX2] [503] 0xb124
[SBOX2] [504] 0xe73a
[SBOX2] [505] 0x6d00
[SBOX2] [506] 0x0336
[SBOX2] [507] 0x699c
[SBOX2] [508] 0x5ff2
[SBOX2] [509] 0xa5f8
[SBOX2] [510] 0xfb6e
[SBOX2] [511] 0x2114
[*] Done!
