[*] Frida BF Key Capture v3 — 2026-03-29T19:58:08.653Z
[*] Log file: F:\Sentinel\tools\frida_capture_2026-03-29_21-58-08.log
[*] Hooked BF_set_key candidate at 0x1249c60
[*] Hooked BF_cfb64_encrypt at 0x12410f0
[*] Hooked DoReceiveShakeHand
[*] Hooked wrappers
[*] All hooks ready! Login now.

[*] ============================================
[*] LOOK FOR:
[*]   [KEY] = RAW Blowfish key (the prize!)
[*]   [CTX] = cipher context structure
[*]   [+] NEW BF_KEY CONTEXT = unique keys
[*] ============================================


[!] ===== HANDSHAKE STARTED =====
[!] Context ptr: 0x1736ff08
[!] Context first 256 bytes:
[!] Returned: 0
[!] ===== HANDSHAKE ENDED =====


[!] ===== HANDSHAKE STARTED =====
[!] Context ptr: 0x1736ff08
[!] Context first 256 bytes:
[!] Returned: 0
[!] ===== HANDSHAKE ENDED =====


[!] ===== HANDSHAKE STARTED =====
[!] Context ptr: 0x1736ff08
[!] Context first 256 bytes:

[+] ===== NEW BF_KEY CONTEXT: 0x1736e5a0 =====
[+] First seen at call #1 (DECRYPT)
[+] Memory BEFORE BF_KEY (-128 bytes):
           0  1  2  3  4  5  6  7  8  9  A  B  C  D  E  F  0123456789ABCDEF
1736e520  00 00 00 00 00 00 00 00 0a 00 00 00 10 00 00 00  ................
1736e530  f8 e5 36 17 03 00 00 00 03 00 00 00 51 02 79 5b  ..6.........Q.y[
1736e540  fc ea 36 17 31 e8 36 17 03 00 00 00 0c e6 36 17  ..6.1.6.......6.
1736e550  f8 e5 36 17 00 00 00 00 00 00 00 00 75 f2 78 5b  ..6.........u.x[
1736e560  0f 00 00 00 03 00 00 00 0c e6 36 17 7c ea 36 17  ..........6.|.6.
1736e570  9d c1 d3 ba fc ea 36 17 f8 e5 36 17 00 00 00 00  ......6...6.....
1736e580  fd ff ff ff b8 f0 36 17 70 e8 36 17 00 00 00 00  ......6.p.6.....
1736e590  01 00 00 00 00 00 00 00 00 00 00 00 9c 15 20 02  .............. .
[+] BF_KEY region (320 bytes):
           0  1  2  3  4  5  6  7  8  9  A  B  C  D  E  F  0123456789ABCDEF
1736e5a0  75 8a 29 db 1d 00 00 00 0c ff 83 3c 02 00 00 00  u.)........<....
1736e5b0  48 45 ec 0d 02 00 00 00 e0 73 c2 f8 0b 00 00 00  HE.......s......
1736e5c0  12 95 a9 38 00 00 00 00 c8 cf 7f fc 01 00 00 00  ...8............
1736e5d0  80 00 11 4e 14 00 00 00 63 3f c1 f8 10 00 00 00  ...N....c?......
1736e5e0  92 e0 23 85 12 00 00 00 87 60 49 8f 12 00 00 00  ..#......`I.....
1736e5f0  3b 97 bc 9f 14 00 00 00 7b 9a 96 22 09 00 00 00  ;.......{.."....
1736e600  fa ff 92 b8 01 00 00 00 c7 9e d1 f6 18 00 00 00  ................
1736e610  dd 3a c5 f6 02 00 00 00 6e f9 66 5a 04 00 00 00  .:......n.fZ....
1736e620  00 00 00 00 00 00 00 00 31 e8 36 17 03 00 00 00  ........1.6.....
1736e630  00 00 00 00 00 00 00 00 08 00 00 00 25 00 00 00  ............%...
1736e640  00 00 00 00 c0 ea 36 17 73 2d ed 2b 38 eb 36 17  ......6.s-.+8.6.
1736e650  08 00 00 00 07 00 00 00 00 00 00 00 00 00 00 00  ................
1736e660  f9 ff ff ff 00 00 00 00 00 00 00 00 70 e8 36 17  ............p.6.
1736e670  08 00 00 00 00 00 00 00 00 00 00 00 00 00 00 00  ................
1736e680  00 00 00 00 00 00 00 00 00 00 00 00 00 00 00 00  ................
1736e690  00 00 00 00 00 00 00 00 00 00 00 00 00 00 00 00  ................
1736e6a0  00 00 00 00 00 00 00 00 00 00 00 00 00 00 00 00  ................
1736e6b0  00 00 00 00 00 00 00 00 00 00 00 00 00 00 00 00  ................
1736e6c0  00 00 00 00 00 00 00 00 00 00 00 00 00 00 00 00  ................
1736e6d0  00 00 00 00 00 00 00 00 00 00 00 00 00 00 00 00  ................
[+] ===== END NEW CONTEXT =====

[+] #1 | DECRYPT | 15B | key=0x1736e5a0
[+] IV:
           0  1  2  3  4  5  6  7  8  9  A  B  C  D  E  F  0123456789ABCDEF
1736ee24  00 00 00 00 00 00 00 00                          ........
[+] IN (15/15):
           0  1  2  3  4  5  6  7  8  9  A  B  C  D  E  F  0123456789ABCDEF
1736f668  2a a7 34 64 2a 04 64 b7 67 28 c8 bd 80 18 fb     *.4d*.d.g(.....
[+] OUT after DECRYPT (15/15):
           0  1  2  3  4  5  6  7  8  9  A  B  C  D  E  F  0123456789ABCDEF
1736ea24  96 2d b4 81 95 b4 70 aa 7d 1c dd 52 01 00 00     .-....p.}..R...
[+] #2 | DECRYPT | 338B | key=0x1736e5a0
[+] IV:
           0  1  2  3  4  5  6  7  8  9  A  B  C  D  E  F  0123456789ABCDEF
1736ee24  67 28 c8 bd 80 18 fb 6d                          g(.....m
[+] IN (64/338):
           0  1  2  3  4  5  6  7  8  9  A  B  C  D  E  F  0123456789ABCDEF
1736f677  71 ed 58 6a 9f df be 6d 97 07 54 3d a5 a9 2f b8  q.Xj...m..T=../.
1736f687  f3 7e 27 54 79 42 f8 6c ac 91 e9 59 95 0a 60 79  .~'TyB.l...Y..`y
1736f697  70 04 2e 9f 62 3b 31 3c 68 25 ac a6 66 9d 45 2b  p...b;1<h%..f.E+
1736f6a7  a5 a3 92 6f 10 cc 11 ba 61 8b db 11 ae 8b 04 47  ...o....a......G
[+] OUT after DECRYPT (64/338):
           0  1  2  3  4  5  6  7  8  9  A  B  C  D  E  F  0123456789ABCDEF
1736ea33  1c 00 00 00 e4 89 54 8e a4 ab 4f 81 ba 44 20 ef  ......T...O..D .
1736ea43  f8 65 ad 2e 76 c8 13 77 5c 9b 83 2b 91 57 ba f6  .e..v..w\..+.W..
1736ea53  08 00 00 00 b9 d9 c4 29 ed 65 40 32 08 00 00 00  .......).e@2....
1736ea63  8a 56 c5 09 bc de 70 2a 80 00 00 00 41 33 32 30  .V....p*....A320

[+] ===== NEW BF_KEY CONTEXT: 0x1736e978 =====
[+] First seen at call #3 (ENCRYPT)
[+] Memory BEFORE BF_KEY (-128 bytes):
           0  1  2  3  4  5  6  7  8  9  A  B  C  D  E  F  0123456789ABCDEF
1736e8f8  68 74 b8 01 88 f9 1f 02 9c 15 20 02 78 e9 36 17  ht........ .x.6.
1736e908  9c 15 20 02 f0 10 24 01 88 f9 1f 02 9c 15 20 02  .. ...$....... .
1736e918  3c ee 36 17 38 e9 36 17 00 00 00 00 78 e9 36 17  <.6.8.6.....x.6.
1736e928  9c 15 20 02 fc e9 36 17 06 02 00 00 08 e0 12 23  .. ...6........#
1736e938  8a 08 e5 01 fc e9 36 17 68 ee 36 17 a9 00 00 00  ......6.h.6.....
1736e948  78 e9 36 17 30 ee 36 17 64 e9 36 17 01 00 00 00  x.6.0.6.d.6.....
1736e958  88 f9 1f 02 9c 15 20 02 00 00 00 00 00 00 00 00  ...... .........
1736e968  10 a5 cb 2d 98 45 83 31 9c 15 20 02 a2 00 00 00  ...-.E.1.. .....
[+] BF_KEY region (320 bytes):
           0  1  2  3  4  5  6  7  8  9  A  B  C  D  E  F  0123456789ABCDEF
1736e978  75 8a 29 db 1d 00 00 00 0c ff 83 3c 02 00 00 00  u.)........<....
1736e988  48 45 ec 0d 02 00 00 00 e0 73 c2 f8 0b 00 00 00  HE.......s......
1736e998  12 95 a9 38 00 00 00 00 c8 cf 7f fc 01 00 00 00  ...8............
1736e9a8  80 00 11 4e 14 00 00 00 63 3f c1 f8 10 00 00 00  ...N....c?......
1736e9b8  92 e0 23 85 12 00 00 00 87 60 49 8f 12 00 00 00  ..#......`I.....
1736e9c8  3b 97 bc 9f 14 00 00 00 7b 9a 96 22 09 00 00 00  ;.......{.."....
1736e9d8  fa ff 92 b8 01 00 00 00 c7 9e d1 f6 18 00 00 00  ................
1736e9e8  dd 3a c5 f6 02 00 00 00 6e f9 66 5a 04 00 00 00  .:......n.fZ....
1736e9f8  00 00 00 00 1d bc 8a 1f 14 36 ba a2 00 00 00 0e  .........6......
1736ea08  00 00 00 c0 05 ac 2f a1 34 c6 21 e6 cc 44 75 8e  ....../.4.!..Du.
1736ea18  4d 80 00 00 00 34 35 30 33 36 34 35 37 39 43 32  M....450364579C2
1736ea28  34 35 32 30 42 46 31 32 30 43 41 35 45 43 31 39  4520BF120CA5EC19
1736ea38  33 43 46 37 32 38 41 45 42 36 31 39 38 34 33 44  3CF728AEB619843D
1736ea48  44 45 38 41 37 39 39 41 35 34 37 46 32 43 35 39  DE8A799A547F2C59
1736ea58  41 45 31 35 46 38 31 35 46 43 30 42 45 43 32 31  AE15F815FC0BEC21
1736ea68  46 42 38 37 41 38 39 34 44 32 41 39 35 45 39 32  FB87A894D2A95E92
1736ea78  41 41 36 41 41 44 38 36 42 36 46 45 44 37 31 44  AA6AAD86B6FED71D
1736ea88  46 30 44 31 42 41 32 46 42 41 37 43 30 43 33 38  F0D1BA2FBA7C0C38
1736ea98  43 34 31 41 35 54 51 43 6c 69 65 6e 74 00 00 00  C41A5TQClient...
1736eaa8  00 00 00 00 00 00 00 00 00 00 00 00 00 00 00 00  ................
[+] ===== END NEW CONTEXT =====

[+] #3 | ENCRYPT | 169B | key=0x1736e978
[+] IV:
           0  1  2  3  4  5  6  7  8  9  A  B  C  D  E  F  0123456789ABCDEF
1736ee30  00 00 00 00 00 00 00 00                          ........
[+] IN (64/169):
           0  1  2  3  4  5  6  7  8  9  A  B  C  D  E  F  0123456789ABCDEF
1736e9fc  1d bc 8a 1f 14 36 ba a2 00 00 00 0e 00 00 00 c0  .....6..........
1736ea0c  05 ac 2f a1 34 c6 21 e6 cc 44 75 8e 4d 80 00 00  ../.4.!..Du.M...
1736ea1c  00 34 35 30 33 36 34 35 37 39 43 32 34 35 32 30  .450364579C24520
1736ea2c  42 46 31 32 30 43 41 35 45 43 31 39 33 43 46 37  BF120CA5EC193CF7
[+] OUT after ENCRYPT (64/169):
           0  1  2  3  4  5  6  7  8  9  A  B  C  D  E  F  0123456789ABCDEF
1736ee68  a1 36 0a fa ab 86 ae bf f9 f6 12 1e d0 e8 ce 2d  .6.............-
1736ee78  d0 a6 94 00 89 78 1a 0c b7 76 dd 41 44 6b 48 d8  .....x...v.ADkH.
1736ee88  ba 5c 3b 2a 7a 14 08 8d 95 47 c3 78 fd 8f 06 d7  .\;*z....G.x....
1736ee98  03 aa 5d 7b 7e 7e 9f 1c c6 b8 64 2b a8 2a f1 3a  ..]{~~....d+.*.:
[!] Returned: 3
[!] *** BLOWFISH MODE ACTIVATED ***
[!] ===== HANDSHAKE ENDED =====


[CTX] ===== ENCRYPT WRAPPER CONTEXT =====
[CTX] ptr: 0x2200990
[CTX] dump (512 bytes):
           0  1  2  3  4  5  6  7  8  9  A  B  C  D  E  F  0123456789ABCDEF
02200990  34 00 7d 09 2f b0 68 ef 70 f5 15 f8 58 af 58 82  4.}./.h.p...X.X.
022009a0  1a 82 fd 21 d7 6b 3e 6a c3 b5 20 95 46 63 d8 ba  ...!.k>j.. .Fc..
022009b0  67 ed 38 d6 e5 0d dd 38 68 68 06 8b fb 3f ef 97  g.8....8hh...?..
022009c0  da e9 3c ab 00 00 00 00 00 00 00 00 00 00 00 00  ..<.............
022009d0  00 00 00 00 00 00 00 00 00 00 00 00 00 00 00 00  ................
022009e0  00 00 00 00 00 00 00 00 00 00 00 00 00 00 00 00  ................
022009f0  00 00 00 00 00 00 00 00 00 00 00 00 00 00 00 00  ................
02200a00  00 00 00 00 00 00 00 00 00 00 00 00 00 00 00 00  ................
02200a10  00 00 00 00 00 00 00 00 00 00 00 00 00 00 00 00  ................
02200a20  00 00 00 00 00 00 00 00 00 00 00 00 00 00 00 00  ................
02200a30  00 00 00 00 00 00 00 00 00 00 00 00 00 00 00 00  ................
02200a40  00 00 00 00 00 00 00 00 00 00 00 00 00 00 00 00  ................
02200a50  00 00 00 00 00 00 00 00 00 00 00 00 00 00 00 00  ................
02200a60  00 00 00 00 00 00 00 00 00 00 00 00 00 00 00 00  ................
02200a70  00 00 00 00 00 00 00 00 00 00 00 00 00 00 00 00  ................
02200a80  00 00 00 00 00 00 00 00 00 00 00 00 00 00 00 00  ................
02200a90  00 00 00 00 00 00 00 00 00 00 00 00 00 00 00 00  ................
02200aa0  00 00 00 00 00 00 00 00 00 00 00 00 00 00 00 00  ................
02200ab0  00 00 00 00 00 00 00 00 00 00 00 00 00 00 00 00  ................
02200ac0  00 00 00 00 00 00 00 00 00 00 00 00 00 00 00 00  ................
02200ad0  00 00 00 00 00 00 00 00 00 00 00 00 00 00 00 00  ................
02200ae0  00 00 00 00 00 00 00 00 00 00 00 00 00 00 00 00  ................
02200af0  00 00 00 00 00 00 00 00 00 00 00 00 00 00 00 00  ................
02200b00  00 00 00 00 00 00 00 00 00 00 00 00 00 00 00 00  ................
02200b10  00 00 00 00 00 00 00 00 00 00 00 00 00 00 00 00  ................
02200b20  00 00 00 00 00 00 00 00 00 00 00 00 00 00 00 00  ................
02200b30  00 00 00 00 00 00 00 00 00 00 00 00 00 00 00 00  ................
02200b40  00 00 00 00 00 00 00 00 00 00 00 00 00 00 00 00  ................
02200b50  00 00 00 00 00 00 00 00 00 00 00 00 00 00 00 00  ................
02200b60  00 00 00 00 00 00 00 00 00 00 00 00 00 00 00 00  ................
02200b70  00 00 00 00 00 00 00 00 00 00 00 00 00 00 00 00  ................
02200b80  00 00 00 00 00 00 00 00 00 00 00 00 00 00 00 00  ................
[CTX] ===== END =====


[+] ===== NEW BF_KEY CONTEXT: 0x22015dc =====
[+] First seen at call #4 (ENCRYPT)
[+] Memory BEFORE BF_KEY (-128 bytes):
           0  1  2  3  4  5  6  7  8  9  A  B  C  D  E  F  0123456789ABCDEF
0220155c  00 00 00 00 00 00 00 00 00 00 00 00 00 00 00 00  ................
0220156c  00 00 00 00 00 00 00 00 00 00 00 00 00 00 00 00  ................
0220157c  00 00 00 00 00 00 00 00 00 00 00 00 00 00 00 00  ................
0220158c  00 00 00 00 02 00 00 00 00 00 00 00 b8 ac 1f 02  ................
0220159c  b8 50 ff 15 00 00 00 00 00 00 00 00 01 b9 d9 c4  .P..............
022015ac  29 ed 65 40 32 8a 56 c5 09 bc de 70 2a 52 33 58  ).e@2.V....p*R3X
022015bc  78 39 37 72 61 35 69 38 44 36 75 5a 7a 00 00 00  x97ra5i8D6uZz...
022015cc  00 00 00 00 00 00 00 00 00 00 00 00 00 00 00 00  ................
[+] BF_KEY region (320 bytes):
           0  1  2  3  4  5  6  7  8  9  A  B  C  D  E  F  0123456789ABCDEF
022015dc  b9 e6 f8 6f 18 00 00 00 83 85 5d 40 03 00 00 00  ...o......]@....
022015ec  fe 61 be 06 1a 00 00 00 09 a9 1b f5 0a 00 00 00  .a..............
022015fc  c6 62 98 06 05 00 00 00 4a 10 e7 b3 12 00 00 00  .b......J.......
0220160c  79 57 28 58 10 00 00 00 cb 6e f1 77 02 00 00 00  yW(X.....n.w....
0220161c  b1 19 b1 3e 1b 00 00 00 d1 e9 95 a5 0b 00 00 00  ...>............
0220162c  3a 96 e8 16 15 00 00 00 fe 92 1a dd 0d 00 00 00  :...............
0220163c  61 c6 fe 9a 0f 00 00 00 28 c7 43 79 01 00 00 00  a.......(.Cy....
0220164c  8b 2b e0 ea 16 00 00 00 d0 be 4f 31 0d 00 00 00  .+........O1....
0220165c  00 00 00 00 0c 00 00 00 00 00 00 00 c2 d0 e6 8e  ................
0220166c  8e cc 82 f2 7a 68 8e 86 c6 24 ea 2a 72 00 b6 fe  ....zh...$.*r...
0220167c  be fc d2 e2 ea 98 5e f6 f6 d4 3a 1a e2 b0 46 6e  ......^...:...Fn
0220168c  ae ac e2 d2 1a c8 ee 66 e6 84 4a 0a 12 e0 16 de  .......f..J.....
0220169c  5e 5c 32 c2 8a 78 be d6 96 b4 9a fa 82 10 a6 4e  ^\2..x.........N
022016ac  4e 0c 42 b2 3a a8 4e 46 86 64 aa ea 32 40 76 be  N.B.:.NF.d..2@v.
022016bc  7e 3c 92 a2 aa d8 1e b6 b6 14 fa da a2 f0 06 2e  ~<..............
022016cc  6e ec a2 92 da 08 ae 26 a6 c4 0a ca d2 20 d6 9e  n......&..... ..
022016dc  1e 9c f2 82 4a b8 7e 96 56 f4 5a ba 42 50 66 0e  ....J.~.V.Z.BPf.
022016ec  0e 4c 02 72 fa e8 0e 06 46 a4 6a aa f2 80 36 7e  .L.r....F.j...6~
022016fc  3e 7c 52 62 6a 18 de 76 76 54 ba 9a 62 30 c6 ee  >|Rbj..vvT..b0..
0220170c  2e 2c 62 52 9a 48 6e e6 66 04 ca 8a 92 60 96 5e  .,bR.Hn.f....`.^
[+] ===== END NEW CONTEXT =====

[+] #4 | ENCRYPT | 52B | key=0x22015dc
[+] IV:
           0  1  2  3  4  5  6  7  8  9  A  B  C  D  E  F  0123456789ABCDEF
022015b1  8a 56 c5 09 bc de 70 2a                          .V....p*
[+] IN (52/52):
           0  1  2  3  4  5  6  7  8  9  A  B  C  D  E  F  0123456789ABCDEF
02200990  34 00 7d 09 2f b0 68 ef 70 f5 15 f8 58 af 58 82  4.}./.h.p...X.X.
022009a0  1a 82 fd 21 d7 6b 3e 6a c3 b5 20 95 46 63 d8 ba  ...!.k>j.. .Fc..
022009b0  67 ed 38 d6 e5 0d dd 38 68 68 06 8b fb 3f ef 97  g.8....8hh...?..
022009c0  da e9 3c ab                                      ..<.
[+] OUT after ENCRYPT (52/52):
           0  1  2  3  4  5  6  7  8  9  A  B  C  D  E  F  0123456789ABCDEF
021ff990  09 6f df 50 11 c2 2f bd 74 c5 db 45 58 6f 90 cd  .o.P../.t..EXo..
021ff9a0  e3 9d 44 4f e9 9b d6 f8 ac 12 2b bc d6 0b cb 50  ..DO......+....P
021ff9b0  1f 0d 89 2b e1 20 4c 63 9a 86 96 15 fa 8e c1 43  ...+. Lc.......C
021ff9c0  0c ee d9 70                                      ...p
[+] #5 | ENCRYPT | 8B | key=0x22015dc
[+] IV:
           0  1  2  3  4  5  6  7  8  9  A  B  C  D  E  F  0123456789ABCDEF
022015b1  0c ee d9 70 35 c8 5a c7                          ...p5.Z.
[+] IN (8/8):
           0  1  2  3  4  5  6  7  8  9  A  B  C  D  E  F  0123456789ABCDEF
016f83f8  54 51 43 6c 69 65 6e 74                          TQClient
[+] OUT after ENCRYPT (8/8):
           0  1  2  3  4  5  6  7  8  9  A  B  C  D  E  F  0123456789ABCDEF
021ff990  61 99 19 ab 9b e8 97 90                          a.......

[CTX] ===== DECRYPT WRAPPER CONTEXT =====
[CTX] ptr: 0x1736fe9c
[CTX] dump (512 bytes):
[CTX] ===== END =====

[+] #6 | DECRYPT | 2B | key=0x22015dc
[+] IV:
           0  1  2  3  4  5  6  7  8  9  A  B  C  D  E  F  0123456789ABCDEF
022015a9  b9 d9 c4 29 ed 65 40 32                          ...).e@2
[+] IN (2/2):
           0  1  2  3  4  5  6  7  8  9  A  B  C  D  E  F  0123456789ABCDEF
1736fe9c  7c f4                                            |.
[+] OUT after DECRYPT (2/2):
           0  1  2  3  4  5  6  7  8  9  A  B  C  D  E  F  0123456789ABCDEF
021ff990  38 00                                            8.
[+] #7 | DECRYPT | 62B | key=0x22015dc
[+] IV:
           0  1  2  3  4  5  6  7  8  9  A  B  C  D  E  F  0123456789ABCDEF
022015a9  7c f4 71 82 e6 2f 42 66                          |.q../Bf
[+] IN (62/62):
           0  1  2  3  4  5  6  7  8  9  A  B  C  D  E  F  0123456789ABCDEF
02200192  48 8b ee d0 bd 99 e6 df 50 20 4b 7a 35 b6 bb 7f  H.......P Kz5...
022001a2  0d 11 e5 8a c5 46 00 da 0f cd 66 00 48 e0 af f6  .....F....f.H...
022001b2  8b b4 b6 54 be d8 7d 00 ec a3 db 51 8f 56 6c 3f  ...T..}....Q.Vl?
022001c2  34 9d 75 5d ae 18 1e 7a bc 04 af 0b 0c e9        4.u]...z......
[+] OUT after DECRYPT (62/62):
           0  1  2  3  4  5  6  7  8  9  A  B  C  D  E  F  0123456789ABCDEF
021ff990  39 09 08 ff ff ff 07 10 b5 10 18 00 20 ea 09 30  9........... ..0
021ff9a0  00 38 00 40 01 48 00 72 06 53 59 53 54 45 4d 72  .8.@.H.r.SYSTEMr
021ff9b0  08 41 4c 4c 55 53 45 52 53 72 00 72 09 41 4e 53  .ALLUSERSr.r.ANS
021ff9c0  57 45 52 5f 4f 4b 54 51 53 65 72 76 65 72        WER_OKTQServer
[+] #8 | DECRYPT | 2B | key=0x22015dc
[+] IV:
           0  1  2  3  4  5  6  7  8  9  A  B  C  D  E  F  0123456789ABCDEF
022015a9  1e 7a bc 04 af 0b 0c e9                          .z......
[+] IN (2/2):
           0  1  2  3  4  5  6  7  8  9  A  B  C  D  E  F  0123456789ABCDEF
1736fe9c  f5 e4                                            ..
[+] OUT after DECRYPT (2/2):
           0  1  2  3  4  5  6  7  8  9  A  B  C  D  E  F  0123456789ABCDEF
021ff990  0c 00                                            ..
[+] #9 | DECRYPT | 18B | key=0x22015dc
[+] IV:
           0  1  2  3  4  5  6  7  8  9  A  B  C  D  E  F  0123456789ABCDEF
022015a9  f5 e4 36 93 f0 dd ab 2a                          ..6....*
[+] IN (18/18):
           0  1  2  3  4  5  6  7  8  9  A  B  C  D  E  F  0123456789ABCDEF
02200192  65 9a f0 dd ab 2a 79 1f 0f d3 7e f6 0b 84 0c 84  e....*y...~.....
022001a2  ed 69                                            .i
[+] OUT after DECRYPT (18/18):
           0  1  2  3  4  5  6  7  8  9  A  B  C  D  E  F  0123456789ABCDEF
021ff990  53 09 00 00 00 00 00 00 00 00 54 51 53 65 72 76  S.........TQServ
021ff9a0  65 72                                            er
[+] #10 | DECRYPT | 2B | key=0x22015dc
[+] IV:
           0  1  2  3  4  5  6  7  8  9  A  B  C  D  E  F  0123456789ABCDEF
022015a9  0c 84 ed 69 5b 26 8e d3                          ...i[&..
[+] IN (2/2):
           0  1  2  3  4  5  6  7  8  9  A  B  C  D  E  F  0123456789ABCDEF
1736fe9c  5f 24                                            _$
[+] OUT after DECRYPT (2/2):
           0  1  2  3  4  5  6  7  8  9  A  B  C  D  E  F  0123456789ABCDEF
021ff990  04 02                                            ..
[+] #11 | DECRYPT | 522B | key=0x22015dc
[+] IV:
           0  1  2  3  4  5  6  7  8  9  A  B  C  D  E  F  0123456789ABCDEF
022015a9  0c 84 ed 69 5f 24 8e d3                          ...i_$..
[+] IN (64/522):
           0  1  2  3  4  5  6  7  8  9  A  B  C  D  E  F  0123456789ABCDEF
02200192  b0 da 71 86 8e 9d b5 ed a0 f5 55 a3 ce f0 a4 09  ..q.......U.....
022001a2  9e 8a 80 57 e1 f6 af 9a ef 7b 00 db 4e b8 3a 01  ...W.....{..N.:.
022001b2  7c f4 9e 56 6f fe 02 6a 33 51 1a 22 85 55 25 08  |..Vo..j3Q.".U%.
022001c2  7c e2 b1 b5 d3 16 2a bb 42 26 f5 e3 8a 80 e3 fb  |.....*.B&......
[+] OUT after DECRYPT (64/522):
           0  1  2  3  4  5  6  7  8  9  A  B  C  D  E  F  0123456789ABCDEF
021ff990  3e 09 00 00 00 00 00 00 00 00 00 00 00 00 00 00  >...............
021ff9a0  00 00 00 00 00 00 00 00 00 00 00 00 00 00 00 00  ................
021ff9b0  00 00 00 00 00 00 00 00 00 00 00 00 00 00 00 00  ................
021ff9c0  00 00 00 00 00 00 00 00 00 00 00 00 00 00 00 00  ................
[+] #12 | DECRYPT | 2B | key=0x22015dc
[+] IV:
           0  1  2  3  4  5  6  7  8  9  A  B  C  D  E  F  0123456789ABCDEF
022015a9  df 2e cf 1b 39 5d 94 d1                          ....9]..
[+] IN (2/2):
           0  1  2  3  4  5  6  7  8  9  A  B  C  D  E  F  0123456789ABCDEF
1736fe9c  a1 e9                                            ..
[+] OUT after DECRYPT (2/2):
           0  1  2  3  4  5  6  7  8  9  A  B  C  D  E  F  0123456789ABCDEF
021ff990  40 00                                            @.
[+] #13 | DECRYPT | 70B | key=0x22015dc
[+] IV:
           0  1  2  3  4  5  6  7  8  9  A  B  C  D  E  F  0123456789ABCDEF
022015a9  a1 e9 fe 46 74 48 83 6e                          ...FtH.n
[+] IN (64/70):
           0  1  2  3  4  5  6  7  8  9  A  B  C  D  E  F  0123456789ABCDEF
02200192  c7 4f 7c b7 7c 91 1a 94 29 f6 c7 4c 80 65 34 1b  .O|.|...)..L.e4.
022001a2  8e 90 33 ee 48 dd a9 26 6c 40 5a 00 61 0b 17 cf  ..3.H..&l@Z.a...
022001b2  95 e2 69 cb 5b 06 c0 e7 51 1f 82 52 0c f8 84 f9  ..i.[...Q..R....
022001c2  f1 41 56 93 6d c2 e2 ff 5e 2c 4b 84 87 57 8d a2  .AV.m...^,K..W..
[+] OUT after DECRYPT (64/70):
           0  1  2  3  4  5  6  7  8  9  A  B  C  D  E  F  0123456789ABCDEF
021ff990  39 09 08 ff ff ff 07 10 d0 0f 18 00 20 ea 09 30  9........... ..0
021ff9a0  00 38 00 40 01 48 00 72 06 53 59 53 54 45 4d 72  .8.@.H.r.SYSTEMr
021ff9b0  07 4c 65 70 6f 53 65 6e 72 00 72 12 53 54 52 5f  .LepoSenr.r.STR_
021ff9c0  46 45 45 54 59 50 45 5f 46 52 45 45 40 40 54 51  FEETYPE_FREE@@TQ
[+] #14 | DECRYPT | 2B | key=0x22015dc
[+] IV:
           0  1  2  3  4  5  6  7  8  9  A  B  C  D  E  F  0123456789ABCDEF
022015a9  8d a2 3b b7 84 5f 2f 8d                          ..;.._/.
[+] IN (2/2):
           0  1  2  3  4  5  6  7  8  9  A  B  C  D  E  F  0123456789ABCDEF
1736fe9c  c7 17                                            ..
[+] OUT after DECRYPT (2/2):
           0  1  2  3  4  5  6  7  8  9  A  B  C  D  E  F  0123456789ABCDEF
021ff990  41 00                                            A.
[+] #15 | DECRYPT | 71B | key=0x22015dc
[+] IV:
           0  1  2  3  4  5  6  7  8  9  A  B  C  D  E  F  0123456789ABCDEF
022015a9  c7 17 1e 1b 91 cf 16 c9                          ........
[+] IN (64/71):
           0  1  2  3  4  5  6  7  8  9  A  B  C  D  E  F  0123456789ABCDEF
02200192  27 12 99 30 e9 36 d5 d5 cc c7 65 d3 5c 1f d0 11  '..0.6....e.\...
022001a2  fa 57 ee 9f 3b 4b 10 df 97 8e 38 72 67 38 9c e3  .W..;K....8rg8..
022001b2  22 23 d1 49 d8 2f 15 67 2f 9f 81 f4 fb ac ce be  "#.I./.g/.......
022001c2  15 40 22 c5 09 c6 5e 3f e7 19 ab b9 2e f2 6c e4  .@"...^?......l.
[+] OUT after DECRYPT (64/71):
           0  1  2  3  4  5  6  7  8  9  A  B  C  D  E  F  0123456789ABCDEF
021ff990  39 09 08 ff ff ff 07 10 d0 0f 18 00 20 ea 09 30  9........... ..0
021ff9a0  00 38 00 40 01 48 00 72 06 53 59 53 54 45 4d 72  .8.@.H.r.SYSTEMr
021ff9b0  07 4c 65 70 6f 53 65 6e 72 00 72 13 53 54 52 5f  .LepoSenr.r.STR_
021ff9c0  46 45 45 54 59 50 45 5f 4b 4e 4f 57 4e 40 40 54  FEETYPE_KNOWN@@T
[+] #16 | DECRYPT | 2B | key=0x22015dc
[+] IV:
           0  1  2  3  4  5  6  7  8  9  A  B  C  D  E  F  0123456789ABCDEF
022015a9  bb 7b 63 4b dd d5 45 92                          .{cK..E.
[+] IN (2/2):
           0  1  2  3  4  5  6  7  8  9  A  B  C  D  E  F  0123456789ABCDEF
1736fe9c  67 63                                            gc
[+] OUT after DECRYPT (2/2):
           0  1  2  3  4  5  6  7  8  9  A  B  C  D  E  F  0123456789ABCDEF
021ff990  1c 00                                            ..
[+] #17 | DECRYPT | 34B | key=0x22015dc
[+] IV:
           0  1  2  3  4  5  6  7  8  9  A  B  C  D  E  F  0123456789ABCDEF
022015a9  bb 67 63 4b dd d5 45 92                          .gcK..E.
[+] IN (34/34):
           0  1  2  3  4  5  6  7  8  9  A  B  C  D  E  F  0123456789ABCDEF
02200192  f8 d5 dd 45 82 f4 1d 10 14 40 62 cc c3 bb be 2a  ...E.....@b....*
022001a2  5b ae be 46 d7 7c af d6 94 61 8d 15 b8 6e 99 0f  [..F.|...a...n..
022001b2  df b3                                            ..
[+] OUT after DECRYPT (34/34):
           0  1  2  3  4  5  6  7  8  9  A  B  C  D  E  F  0123456789ABCDEF
021ff990  b3 08 08 00 10 7e 18 02 20 57 28 1d 30 0c 38 3a  .....~.. W(.0.8:
021ff9a0  40 1e 48 f6 a4 a6 ce 06 50 00 54 51 53 65 72 76  @.H.....P.TQServ
021ff9b0  65 72                                            er
[+] #18 | DECRYPT | 2B | key=0x22015dc
[+] IV:
           0  1  2  3  4  5  6  7  8  9  A  B  C  D  E  F  0123456789ABCDEF
022015a9  6e 99 0f df b3 a9 78 4c                          n.....xL
[+] IN (2/2):
           0  1  2  3  4  5  6  7  8  9  A  B  C  D  E  F  0123456789ABCDEF
1736fe9c  e9 78                                            .x
[+] OUT after DECRYPT (2/2):
           0  1  2  3  4  5  6  7  8  9  A  B  C  D  E  F  0123456789ABCDEF
021ff990  40 00                                            @.
[+] #19 | DECRYPT | 70B | key=0x22015dc
[+] IV:
           0  1  2  3  4  5  6  7  8  9  A  B  C  D  E  F  0123456789ABCDEF
022015a9  6e 99 0f df b3 e9 78 4c                          n.....xL
[+] IN (64/70):
           0  1  2  3  4  5  6  7  8  9  A  B  C  D  E  F  0123456789ABCDEF
02200192  61 43 0e bd 88 6b 09 65 67 09 a3 50 2f 35 2b db  aC...k.eg..P/5+.
022001a2  be 4e b7 1d 7d f2 00 0a 37 93 6b 30 da d0 e4 11  .N..}...7.k0....
022001b2  02 b2 2b 6e 34 90 40 d9 b2 a8 f9 7e 8d 09 15 46  ..+n4.@....~...F
022001c2  bf 66 ae 97 40 1a 8d dd 9d 4f 73 ec 37 aa 15 c7  .f..@....Os.7...
[+] OUT after DECRYPT (64/70):
           0  1  2  3  4  5  6  7  8  9  A  B  C  D  E  F  0123456789ABCDEF
021ff990  2d 09 08 00 10 00 1a 07 08 de 80 cb 01 10 00 1a  -...............
021ff9a0  07 08 a1 d4 cb 01 10 00 1a 07 08 cd fc cb 01 10  ................
021ff9b0  00 1a 07 08 f4 83 cc 01 10 00 1a 07 08 eb 9c cc  ................
021ff9c0  01 10 00 1a 07 08 e7 b9 cc 01 10 00 30 00 54 51  ............0.TQ
[+] #20 | DECRYPT | 2B | key=0x22015dc
[+] IV:
           0  1  2  3  4  5  6  7  8  9  A  B  C  D  E  F  0123456789ABCDEF
022015a9  f0 07 af 0e 93 79 dd f5                          .....y..
[+] IN (2/2):
           0  1  2  3  4  5  6  7  8  9  A  B  C  D  E  F  0123456789ABCDEF
1736fe9c  73 dd                                            s.
[+] OUT after DECRYPT (2/2):
           0  1  2  3  4  5  6  7  8  9  A  B  C  D  E  F  0123456789ABCDEF
021ff990  0a 00                                            ..
[+] #200 | ENCRYPT | 8B | key=0x22015dc
[+] IV:
           0  1  2  3  4  5  6  7  8  9  A  B  C  D  E  F  0123456789ABCDEF
022015b1  33 29 cc 81 c4 b7 ce b4                          3)......
[+] IN (8/8):
           0  1  2  3  4  5  6  7  8  9  A  B  C  D  E  F  0123456789ABCDEF
02200990  08 00 67 08 08 00 10 00                          ..g.....
[+] OUT after ENCRYPT (8/8):
           0  1  2  3  4  5  6  7  8  9  A  B  C  D  E  F  0123456789ABCDEF
021ff990  cc b7 a9 bc 4a 71 5d 89                          ....Jq].
[+] #400 | DECRYPT | 2B | key=0x22015dc
[+] IV:
           0  1  2  3  4  5  6  7  8  9  A  B  C  D  E  F  0123456789ABCDEF
022015a9  8f 93 be ac 80 64 7a 94                          .....dz.
[+] IN (2/2):
           0  1  2  3  4  5  6  7  8  9  A  B  C  D  E  F  0123456789ABCDEF
1736fe9c  88 64                                            .d
[+] OUT after DECRYPT (2/2):
           0  1  2  3  4  5  6  7  8  9  A  B  C  D  E  F  0123456789ABCDEF
021ff990  08 00                                            ..
