[*] Frida v14 — Stage 1: BF_cfb64_encrypt observation
[*] Started: 2026-03-31T19:36:57.388Z
[*] Log file: F:\Sentinel\tools\frida_v14_stage1_2026-03-31_21-36-57.log
[*] Target: BF_cfb64_encrypt @ 0x12410f0
[*] Detailed logging for first 20 calls
---
[*] Hook installed! Login now and play for ~30 seconds.
[*] Before detaching, type: rpc.exports.summary() or just call printSummary()
[*] Or paste printSummary() in console, then Ctrl+D.

[*] Hook installed! Login now and play for ~30 seconds, then detach (Ctrl+D).
[*] Summary will print on detach.

[CALL #0] +=115ms enc=0 len=15 num=0 ivec=0000000000000000 ctx=0x2051e5a0 caller=0x1e423ab in[0:15]=59f6d94c392b8bdfbba90b128b4597 backtrace:
    [0] 0x1e423ab Conquer.exe+1a423ab
    [1] 0x12410f0 Conquer.exe+e410f0
    [2] 0xfeec33 Conquer.exe+beec33
    [3] 0xfee80d Conquer.exe+bee80d
    [4] 0xe42ecb Conquer.exe+a42ecb
    [5] 0x76c8e9eb ucrtbase.dll+7e9eb
[CALL #0] LEAVE enc=0 out[0:15]=e57c59a9869b9fc21b00c242010000
[CALL #1] +=117ms enc=0 len=322 num=7 ivec=bba90b128b4597a3 ctx=0x2051e5a0 caller=0x1e3f18f in[0:16]=afc43b9a23793ca59c0d29ca17083c46 backtrace:
    [0] 0x1e3f18f Conquer.exe+1a3f18f
    [1] 0x12410f0 Conquer.exe+e410f0
    [2] 0xfeec33 Conquer.exe+beec33
    [3] 0xfee80d Conquer.exe+bee80d
    [4] 0xe42ecb Conquer.exe+a42ecb
    [5] 0x76c8e9eb ucrtbase.dll+7e9eb
[CALL #1] LEAVE enc=0 out[0:16]=0c000000f3b875af9d7068ad910a52c9
[CALL #2] +=120ms enc=1 len=197 num=0 ivec=0000000000000000 ctx=0x2051e978 caller=0x1e5088a in[0:16]=7d5b49dae410c2be0000002a0000005c backtrace:
    [0] 0x1e5088a Conquer.exe+1a5088a
    [1] 0x12410f0 Conquer.exe+e410f0
    [2] 0xfeec65 Conquer.exe+beec65
    [3] 0xfee80d Conquer.exe+bee80d
    [4] 0xe42ecb Conquer.exe+a42ecb
    [5] 0x76c8e9eb ucrtbase.dll+7e9eb
[CALL #2] LEAVE enc=1 out[0:16]=c1d1c93f5ba0d6a3c07eb0997e83d479

=== STAGE 1 SUMMARY ===
Total BF_cfb64_encrypt calls (P0 match): 3
Unique callers: 3

  Caller: 0x1e423ab (Conquer.exe+1a423ab) — total=1 enc=1(encrypt)=0 enc=0(decrypt)=1
  Caller: 0x1e3f18f (Conquer.exe+1a3f18f) — total=1 enc=1(encrypt)=0 enc=0(decrypt)=1
  Caller: 0x1e5088a (Conquer.exe+1a5088a) — total=1 enc=1(encrypt)=1 enc=0(decrypt)=0

=== END SUMMARY ===
