[*] Frida BF Key Capture v3 — 2026-03-29T19:27:55.922Z
[*] Log file: F:\Sentinel\tools\frida_capture_2026-03-29_21-27-55.log
[*] Hooked BF_set_key candidate at 0x1249c60
[*] Hooked BF_cfb64_encrypt at 0x12410f0
[*] Hooked DoReceiveShakeHand
[*] Hooked wrappers
[*] All hooks ready! Login now.

[*] ============================================
[*] LOOK FOR:
[*]   [KEY] = RAW Blowfish key (the prize!)
[*]   [CTX] = cipher context structure
[*]   [+] NEW BF_KEY CONTEXT = unique keys
[*] ============================================


[!] ===== HANDSHAKE STARTED =====
[!] Context ptr: 0x1786ff08
[!] Context first 256 bytes:
[!] Returned: 0
[!] ===== HANDSHAKE ENDED =====


[!] ===== HANDSHAKE STARTED =====
[!] Context ptr: 0x1786ff08
[!] Context first 256 bytes:
[!] Returned: 0
[!] ===== HANDSHAKE ENDED =====


[!] ===== HANDSHAKE STARTED =====
[!] Context ptr: 0x1786ff08
[!] Context first 256 bytes:

[+] ===== NEW BF_KEY CONTEXT: 0x1786e5a0 =====
[+] First seen at call #1 (DECRYPT)
[+] Memory BEFORE BF_KEY (-128 bytes):
           0  1  2  3  4  5  6  7  8  9  A  B  C  D  E  F  0123456789ABCDEF
1786e520  00 00 00 00 00 00 00 00 0a 00 00 00 10 00 00 00  ................
1786e530  f8 e5 86 17 03 00 00 00 03 00 00 00 51 02 df 56  ............Q..V
1786e540  fc ea 86 17 31 e8 86 17 03 00 00 00 0c e6 86 17  ....1...........
1786e550  f8 e5 86 17 00 00 00 00 00 00 00 00 75 f2 de 56  ............u..V
1786e560  0f 00 00 00 03 00 00 00 0c e6 86 17 7c ea 86 17  ............|...
1786e570  f9 14 a4 27 fc ea 86 17 f8 e5 86 17 00 00 00 00  ...'............
1786e580  fd ff ff ff b8 f0 86 17 70 e8 86 17 00 00 00 00  ........p.......
1786e590  01 00 00 00 00 00 00 00 00 00 00 00 b4 ea 2e 02  ................
[+] BF_KEY region (320 bytes):
           0  1  2  3  4  5  6  7  8  9  A  B  C  D  E  F  0123456789ABCDEF
1786e5a0  75 8a 29 db 1d 00 00 00 0c ff 83 3c 02 00 00 00  u.)........<....
1786e5b0  48 45 ec 0d 02 00 00 00 e0 73 c2 f8 0b 00 00 00  HE.......s......
1786e5c0  12 95 a9 38 00 00 00 00 c8 cf 7f fc 01 00 00 00  ...8............
1786e5d0  80 00 11 4e 14 00 00 00 63 3f c1 f8 10 00 00 00  ...N....c?......
1786e5e0  92 e0 23 85 12 00 00 00 87 60 49 8f 12 00 00 00  ..#......`I.....
1786e5f0  3b 97 bc 9f 14 00 00 00 7b 9a 96 22 09 00 00 00  ;.......{.."....
1786e600  fa ff 92 b8 01 00 00 00 c7 9e d1 f6 18 00 00 00  ................
1786e610  dd 3a c5 f6 02 00 00 00 6e f9 66 5a 04 00 00 00  .:......n.fZ....
1786e620  00 00 00 00 00 00 00 00 31 e8 86 17 03 00 00 00  ........1.......
1786e630  00 00 00 00 00 00 00 00 08 00 00 00 25 00 00 00  ............%...
1786e640  00 00 00 00 c0 ea 86 17 eb 8a 65 17 38 eb 86 17  ..........e.8...
1786e650  08 00 00 00 07 00 00 00 00 00 00 00 00 00 00 00  ................
1786e660  f9 ff ff ff 00 00 00 00 00 00 00 00 70 e8 86 17  ............p...
1786e670  08 00 00 00 00 00 00 00 00 00 00 00 00 00 00 00  ................
1786e680  00 00 00 00 00 00 00 00 00 00 00 00 00 00 00 00  ................
1786e690  00 00 00 00 00 00 00 00 00 00 00 00 00 00 00 00  ................
1786e6a0  00 00 00 00 00 00 00 00 00 00 00 00 00 00 00 00  ................
1786e6b0  00 00 00 00 00 00 00 00 00 00 00 00 00 00 00 00  ................
1786e6c0  00 00 00 00 00 00 00 00 00 00 00 00 00 00 00 00  ................
1786e6d0  00 00 00 00 00 00 00 00 00 00 00 00 00 00 00 00  ................
[+] ===== END NEW CONTEXT =====

[+] #1 | DECRYPT | 15B | key=0x1786e5a0
[+] IV:
           0  1  2  3  4  5  6  7  8  9  A  B  C  D  E  F  0123456789ABCDEF
1786ee24  00 00 00 00 00 00 00 00                          ........
[+] IN (15/15):
           0  1  2  3  4  5  6  7  8  9  A  B  C  D  E  F  0123456789ABCDEF
1786f668  42 cd 7b 55 37 bc 03 d5 e3 0f 94 89 cf 6c 81     B.{U7........l.
[+] OUT after DECRYPT (15/15):
           0  1  2  3  4  5  6  7  8  9  A  B  C  D  E  F  0123456789ABCDEF
1786ea24  fe 47 fb b0 88 0c 17 c8 db dc f8 5a 01 00 00     .G.........Z...
[+] #2 | DECRYPT | 346B | key=0x1786e5a0
[+] IV:
           0  1  2  3  4  5  6  7  8  9  A  B  C  D  E  F  0123456789ABCDEF
1786ee24  e3 0f 94 89 cf 6c 81 a2                          .....l..
[+] IN (64/346):
           0  1  2  3  4  5  6  7  8  9  A  B  C  D  E  F  0123456789ABCDEF
1786f677  86 6a 9b d2 dc a1 cc ba 56 0d 96 d8 02 7c c5 64  .j......V....|.d
1786f687  8a 04 ca f2 a4 9b eb 2a d3 ad 69 42 1e fe 79 8b  .......*..iB..y.
1786f697  c8 e5 ba 87 c6 1d 9c ae bb 86 10 aa d8 1a 8a f7  ................
1786f6a7  68 62 c1 a0 75 44 82 59 f5 e4 83 20 8c 0e 2b 94  hb..uD.Y... ..+.
[+] OUT after DECRYPT (64/346):
           0  1  2  3  4  5  6  7  8  9  A  B  C  D  E  F  0123456789ABCDEF
1786ea33  24 00 00 00 25 de 9b f3 76 ef 14 0b 41 e4 c1 82  $...%...v...A...
1786ea43  80 05 66 da 91 0a 9e ff 3f 1a dd 26 3f 6d 0d ec  ..f.....?..&?m..
1786ea53  b3 4e 65 19 06 73 12 ad 08 00 00 00 ca c1 e5 f7  .Ne..s..........
1786ea63  d9 f0 fb 95 08 00 00 00 95 01 a9 b6 9c 3e 92 2d  .............>.-

[+] ===== NEW BF_KEY CONTEXT: 0x1786e978 =====
[+] First seen at call #3 (ENCRYPT)
[+] Memory BEFORE BF_KEY (-128 bytes):
           0  1  2  3  4  5  6  7  8  9  A  B  C  D  E  F  0123456789ABCDEF
1786e8f8  68 74 b8 01 a0 ce 2e 02 b4 ea 2e 02 78 e9 86 17  ht..........x...
1786e908  b4 ea 2e 02 f0 10 24 01 a0 ce 2e 02 b4 ea 2e 02  ......$.........
1786e918  3c ee 86 17 38 e9 86 17 00 00 00 00 78 e9 86 17  <...8.......x...
1786e928  b4 ea 2e 02 fc e9 86 17 02 02 00 00 28 dc 4a 17  ............(.J.
1786e938  8a 08 e5 01 fc e9 86 17 68 ee 86 17 ad 00 00 00  ........h.......
1786e948  78 e9 86 17 30 ee 86 17 64 e9 86 17 01 00 00 00  x...0...d.......
1786e958  a0 ce 2e 02 b4 ea 2e 02 00 00 00 00 00 00 00 00  ................
1786e968  20 92 6a 2d b0 6d d4 30 b4 ea 2e 02 a6 00 00 00   .j-.m.0........
[+] BF_KEY region (320 bytes):
           0  1  2  3  4  5  6  7  8  9  A  B  C  D  E  F  0123456789ABCDEF
1786e978  75 8a 29 db 1d 00 00 00 0c ff 83 3c 02 00 00 00  u.)........<....
1786e988  48 45 ec 0d 02 00 00 00 e0 73 c2 f8 0b 00 00 00  HE.......s......
1786e998  12 95 a9 38 00 00 00 00 c8 cf 7f fc 01 00 00 00  ...8............
1786e9a8  80 00 11 4e 14 00 00 00 63 3f c1 f8 10 00 00 00  ...N....c?......
1786e9b8  92 e0 23 85 12 00 00 00 87 60 49 8f 12 00 00 00  ..#......`I.....
1786e9c8  3b 97 bc 9f 14 00 00 00 7b 9a 96 22 09 00 00 00  ;.......{.."....
1786e9d8  fa ff 92 b8 01 00 00 00 c7 9e d1 f6 18 00 00 00  ................
1786e9e8  dd 3a c5 f6 02 00 00 00 6e f9 66 5a 04 00 00 00  .:......n.fZ....
1786e9f8  00 00 00 00 0d 9b 7f be 42 2c 01 a6 00 00 00 12  ........B,......
1786ea08  00 00 00 3a 75 e9 ed b7 06 37 0c d2 fa e5 dd d8  ...:u....7......
1786ea18  09 7a fb f2 50 80 00 00 00 36 45 35 43 31 39 46  .z..P....6E5C19F
1786ea28  31 31 32 35 30 33 38 42 32 37 38 46 38 32 34 32  1125038B278F8242
1786ea38  44 33 31 36 34 36 42 38 39 35 30 45 36 36 31 30  D31646B8950E6610
1786ea48  36 37 35 42 33 46 34 46 45 44 34 45 39 31 46 36  675B3F4FED4E91F6
1786ea58  38 31 38 43 39 36 38 31 32 43 32 30 38 30 45 37  818C96812C2080E7
1786ea68  42 39 31 45 36 44 43 45 44 41 34 39 36 44 31 38  B91E6DCEDA496D18
1786ea78  36 42 46 45 34 35 45 41 31 34 33 36 38 33 37 42  6BFE45EA1436837B
1786ea88  38 30 39 36 43 35 42 37 33 33 43 34 33 34 34 42  8096C5B733C4344B
1786ea98  41 36 38 46 45 37 30 32 32 54 51 43 6c 69 65 6e  A68FE7022TQClien
1786eaa8  74 00 00 00 00 00 00 00 00 00 00 00 00 00 00 00  t...............
[+] ===== END NEW CONTEXT =====

[+] #3 | ENCRYPT | 173B | key=0x1786e978
[+] IV:
           0  1  2  3  4  5  6  7  8  9  A  B  C  D  E  F  0123456789ABCDEF
1786ee30  00 00 00 00 00 00 00 00                          ........
[+] IN (64/173):
           0  1  2  3  4  5  6  7  8  9  A  B  C  D  E  F  0123456789ABCDEF
1786e9fc  0d 9b 7f be 42 2c 01 a6 00 00 00 12 00 00 00 3a  ....B,.........:
1786ea0c  75 e9 ed b7 06 37 0c d2 fa e5 dd d8 09 7a fb f2  u....7.......z..
1786ea1c  50 80 00 00 00 36 45 35 43 31 39 46 31 31 32 35  P....6E5C19F1125
1786ea2c  30 33 38 42 32 37 38 46 38 32 34 32 44 33 31 36  038B278F8242D316
[+] OUT after ENCRYPT (64/173):
           0  1  2  3  4  5  6  7  8  9  A  B  C  D  E  F  0123456789ABCDEF
1786ee68  b1 11 ff 5b fd 9c 15 bb 65 df 80 5b 6a bb 3a 5e  ...[....e..[j.:^
1786ee78  15 71 c9 46 fa 03 1a 72 fb ae 05 7a 28 7e c5 39  .q.F...r...z(~.9
1786ee88  6c 40 2a 16 ab 11 f8 ef 80 aa 51 67 db e2 36 96  l@*.......Qg..6.
1786ee98  15 bc b6 52 8c 77 cd b6 2d 66 38 27 4e 12 5d 46  ...R.w..-f8'N.]F
[!] Returned: 3
[!] *** BLOWFISH MODE ACTIVATED ***
[!] ===== HANDSHAKE ENDED =====


[CTX] ===== ENCRYPT WRAPPER CONTEXT =====
[CTX] ptr: 0x22edea8
[CTX] dump (512 bytes):
           0  1  2  3  4  5  6  7  8  9  A  B  C  D  E  F  0123456789ABCDEF
022edea8  34 00 7d 09 71 65 81 d8 d3 04 44 bc 27 81 36 de  4.}.qe....D.'.6.
022edeb8  1a 82 fd 21 d7 6b 3e 6a c3 b5 20 95 46 63 d8 ba  ...!.k>j.. .Fc..
022edec8  67 ed 38 d6 e5 0d dd 38 68 68 06 8b fb 3f ef 97  g.8....8hh...?..
022eded8  da e9 3c ab 00 00 00 00 00 00 00 00 00 00 00 00  ..<.............
022edee8  00 00 00 00 00 00 00 00 00 00 00 00 00 00 00 00  ................
022edef8  00 00 00 00 00 00 00 00 00 00 00 00 00 00 00 00  ................
022edf08  00 00 00 00 00 00 00 00 00 00 00 00 00 00 00 00  ................
022edf18  00 00 00 00 00 00 00 00 00 00 00 00 00 00 00 00  ................
022edf28  00 00 00 00 00 00 00 00 00 00 00 00 00 00 00 00  ................
022edf38  00 00 00 00 00 00 00 00 00 00 00 00 00 00 00 00  ................
022edf48  00 00 00 00 00 00 00 00 00 00 00 00 00 00 00 00  ................
022edf58  00 00 00 00 00 00 00 00 00 00 00 00 00 00 00 00  ................
022edf68  00 00 00 00 00 00 00 00 00 00 00 00 00 00 00 00  ................
022edf78  00 00 00 00 00 00 00 00 00 00 00 00 00 00 00 00  ................
022edf88  00 00 00 00 00 00 00 00 00 00 00 00 00 00 00 00  ................
022edf98  00 00 00 00 00 00 00 00 00 00 00 00 00 00 00 00  ................
022edfa8  00 00 00 00 00 00 00 00 00 00 00 00 00 00 00 00  ................
022edfb8  00 00 00 00 00 00 00 00 00 00 00 00 00 00 00 00  ................
022edfc8  00 00 00 00 00 00 00 00 00 00 00 00 00 00 00 00  ................
022edfd8  00 00 00 00 00 00 00 00 00 00 00 00 00 00 00 00  ................
022edfe8  00 00 00 00 00 00 00 00 00 00 00 00 00 00 00 00  ................
022edff8  00 00 00 00 00 00 00 00 00 00 00 00 00 00 00 00  ................
022ee008  00 00 00 00 00 00 00 00 00 00 00 00 00 00 00 00  ................
022ee018  00 00 00 00 00 00 00 00 00 00 00 00 00 00 00 00  ................
022ee028  00 00 00 00 00 00 00 00 00 00 00 00 00 00 00 00  ................
022ee038  00 00 00 00 00 00 00 00 00 00 00 00 00 00 00 00  ................
022ee048  00 00 00 00 00 00 00 00 00 00 00 00 00 00 00 00  ................
022ee058  00 00 00 00 00 00 00 00 00 00 00 00 00 00 00 00  ................
022ee068  00 00 00 00 00 00 00 00 00 00 00 00 00 00 00 00  ................
022ee078  00 00 00 00 00 00 00 00 00 00 00 00 00 00 00 00  ................
022ee088  00 00 00 00 00 00 00 00 00 00 00 00 00 00 00 00  ................
022ee098  00 00 00 00 00 00 00 00 00 00 00 00 00 00 00 00  ................
[CTX] ===== END =====


[+] ===== NEW BF_KEY CONTEXT: 0x22eeaf4 =====
[+] First seen at call #4 (ENCRYPT)
[+] Memory BEFORE BF_KEY (-128 bytes):
           0  1  2  3  4  5  6  7  8  9  A  B  C  D  E  F  0123456789ABCDEF
022eea74  00 00 00 00 00 00 00 00 00 00 00 00 00 00 00 00  ................
022eea84  00 00 00 00 00 00 00 00 00 00 00 00 00 00 00 00  ................
022eea94  00 00 00 00 00 00 00 00 00 00 00 00 00 00 00 00  ................
022eeaa4  00 00 00 00 02 00 00 00 00 00 00 00 08 c9 2e 02  ................
022eeab4  20 d0 d6 30 00 00 00 00 00 00 00 00 01 ca c1 e5   ..0............
022eeac4  f7 d9 f0 fb 95 95 01 a9 b6 9c 3e 92 2d 52 33 58  ..........>.-R3X
022eead4  78 39 37 72 61 35 69 38 44 36 75 5a 7a 00 00 00  x97ra5i8D6uZz...
022eeae4  00 00 00 00 00 00 00 00 00 00 00 00 00 00 00 00  ................
[+] BF_KEY region (320 bytes):
           0  1  2  3  4  5  6  7  8  9  A  B  C  D  E  F  0123456789ABCDEF
022eeaf4  be 3a d3 c5 09 00 00 00 d8 9c fa f3 00 00 00 00  .:..............
022eeb04  5a 0a 0d ff 15 00 00 00 ca e9 f0 b0 05 00 00 00  Z...............
022eeb14  65 fa bf 8e 13 00 00 00 5a 35 7f 3b 13 00 00 00  e.......Z5.;....
022eeb24  af 51 6c 7f 13 00 00 00 f8 93 1c 67 00 00 00 00  .Ql........g....
022eeb34  27 fd b0 21 1b 00 00 00 f2 07 a4 ab 1e 00 00 00  '..!............
022eeb44  74 c0 67 52 1d 00 00 00 50 96 fa d3 17 00 00 00  t.gR....P.......
022eeb54  c0 79 2e 47 01 00 00 00 bf fd ce 39 0e 00 00 00  .y.G.......9....
022eeb64  b2 ed 7d 1d 01 00 00 00 39 54 b2 93 1c 00 00 00  ..}.....9T......
022eeb74  00 00 00 00 0c 00 00 00 00 00 00 00 ea d2 be 8e  ................
022eeb84  a6 ce da f2 52 6a d6 86 ee 26 b2 2a 5a 02 ee fe  ....Rj...&.*Z...
022eeb94  96 fe 8a e2 c2 9a 06 f6 de d6 62 1a ca b2 1e 6e  ..........b....n
022eeba4  86 ae ba d2 32 ca b6 66 ce 86 12 0a 3a e2 4e de  ....2..f....:.N.
022eebb4  76 5e 6a c2 a2 7a e6 d6 be b6 c2 fa aa 12 fe 4e  v^j..z.........N
022eebc4  66 0e 1a b2 12 aa 16 46 ae 66 f2 ea 1a 42 2e be  f......F.f...B..
022eebd4  56 3e ca a2 82 da 46 b6 9e 16 a2 da 8a f2 5e 2e  V>....F.......^.
022eebe4  46 ee fa 92 f2 0a f6 26 8e c6 52 ca fa 22 8e 9e  F......&..R.."..
022eebf4  36 9e aa 82 62 ba 26 96 7e f6 02 ba 6a 52 3e 0e  6...b.&.~...jR>.
022eec04  26 4e 5a 72 d2 ea 56 06 6e a6 32 aa da 82 6e 7e  &NZr..V.n.2...n~
022eec14  16 7e 0a 62 42 1a 86 76 5e 56 e2 9a 4a 32 9e ee  .~.bB..v^V..J2..
022eec24  06 2e 3a 52 b2 4a 36 e6 4e 06 92 8a ba 62 ce 5e  ..:R.J6.N....b.^
[+] ===== END NEW CONTEXT =====

[+] #4 | ENCRYPT | 52B | key=0x22eeaf4
[+] IV:
           0  1  2  3  4  5  6  7  8  9  A  B  C  D  E  F  0123456789ABCDEF
022eeac9  95 01 a9 b6 9c 3e 92 2d                          .....>.-
[+] IN (52/52):
           0  1  2  3  4  5  6  7  8  9  A  B  C  D  E  F  0123456789ABCDEF
022edea8  34 00 7d 09 71 65 81 d8 d3 04 44 bc 27 81 36 de  4.}.qe....D.'.6.
022edeb8  1a 82 fd 21 d7 6b 3e 6a c3 b5 20 95 46 63 d8 ba  ...!.k>j.. .Fc..
022edec8  67 ed 38 d6 e5 0d dd 38 68 68 06 8b fb 3f ef 97  g.8....8hh...?..
022eded8  da e9 3c ab                                      ..<.
[+] OUT after ENCRYPT (52/52):
           0  1  2  3  4  5  6  7  8  9  A  B  C  D  E  F  0123456789ABCDEF
022ecea8  89 6d 50 af b6 55 86 aa ed 9f d1 ca b0 04 3c 03  .mP..U........<.
022eceb8  29 9c f8 f3 bb 60 7a 48 54 e2 55 69 a8 45 cb ed  )....`zHT.Ui.E..
022ecec8  01 e1 d3 58 fa 99 ed 46 c1 5d 98 46 5f 9e 30 6c  ...X...F.].F_.0l
022eced8  3a 02 a2 0a                                      :...
[+] #5 | ENCRYPT | 8B | key=0x22eeaf4
[+] IV:
           0  1  2  3  4  5  6  7  8  9  A  B  C  D  E  F  0123456789ABCDEF
022eeac9  3a 02 a2 0a ae cc b5 7f                          :.......
[+] IN (8/8):
           0  1  2  3  4  5  6  7  8  9  A  B  C  D  E  F  0123456789ABCDEF
016f83f8  54 51 43 6c 69 65 6e 74                          TQClient
[+] OUT after ENCRYPT (8/8):
           0  1  2  3  4  5  6  7  8  9  A  B  C  D  E  F  0123456789ABCDEF
022ecea8  fa 9d f6 13 af ef d7 83                          ........

[CTX] ===== DECRYPT WRAPPER CONTEXT =====
[CTX] ptr: 0x1786fe9c
[CTX] dump (512 bytes):
[CTX] ===== END =====

[+] #6 | DECRYPT | 2B | key=0x22eeaf4
[+] IV:
           0  1  2  3  4  5  6  7  8  9  A  B  C  D  E  F  0123456789ABCDEF
022eeac1  ca c1 e5 f7 d9 f0 fb 95                          ........
[+] IN (2/2):
           0  1  2  3  4  5  6  7  8  9  A  B  C  D  E  F  0123456789ABCDEF
1786fe9c  d2 5a                                            .Z
[+] OUT after DECRYPT (2/2):
           0  1  2  3  4  5  6  7  8  9  A  B  C  D  E  F  0123456789ABCDEF
022ecea8  38 00                                            8.
[+] #7 | DECRYPT | 62B | key=0x22eeaf4
[+] IV:
           0  1  2  3  4  5  6  7  8  9  A  B  C  D  E  F  0123456789ABCDEF
022eeac1  d2 5a 8e 04 7e 73 27 fa                          .Z..~s'.
[+] IN (62/62):
           0  1  2  3  4  5  6  7  8  9  A  B  C  D  E  F  0123456789ABCDEF
022ed6aa  b7 0d 76 8c d8 05 ff b8 0e bf a9 6f 76 1d 26 51  ..v........ov.&Q
022ed6ba  95 79 38 44 58 d0 08 15 2f b7 59 a8 5b a2 c1 05  .y8DX.../.Y.[...
022ed6ca  33 4e 2c 91 9a ed 87 6e 48 d3 be 25 c3 42 c1 fa  3N,....nH..%.B..
022ed6da  b8 dc 05 ba 6e ff f8 49 bc 34 11 87 2d 12        ....n..I.4..-.
[+] OUT after DECRYPT (62/62):
           0  1  2  3  4  5  6  7  8  9  A  B  C  D  E  F  0123456789ABCDEF
022ecea8  39 09 08 ff ff ff 07 10 b5 10 18 00 20 cc 09 30  9........... ..0
022eceb8  00 38 00 40 01 48 00 72 06 53 59 53 54 45 4d 72  .8.@.H.r.SYSTEMr
022ecec8  08 41 4c 4c 55 53 45 52 53 72 00 72 09 41 4e 53  .ALLUSERSr.r.ANS
022eced8  57 45 52 5f 4f 4b 54 51 53 65 72 76 65 72        WER_OKTQServer
[+] #8 | DECRYPT | 2B | key=0x22eeaf4
[+] IV:
           0  1  2  3  4  5  6  7  8  9  A  B  C  D  E  F  0123456789ABCDEF
022eeac1  f8 49 bc 34 11 87 2d 12                          .I.4..-.
[+] IN (2/2):
           0  1  2  3  4  5  6  7  8  9  A  B  C  D  E  F  0123456789ABCDEF
1786fe9c  1b 10                                            ..
[+] OUT after DECRYPT (2/2):
           0  1  2  3  4  5  6  7  8  9  A  B  C  D  E  F  0123456789ABCDEF
022ecea8  0c 00                                            ..
[+] #9 | DECRYPT | 18B | key=0x22eeaf4
[+] IV:
           0  1  2  3  4  5  6  7  8  9  A  B  C  D  E  F  0123456789ABCDEF
022eeac1  1b 10 fb b4 2a 0a 11 f1                          ....*...
[+] IN (18/18):
           0  1  2  3  4  5  6  7  8  9  A  B  C  D  E  F  0123456789ABCDEF
022ed6aa  a8 bd 2a 0a 11 f1 8a c1 14 83 87 2a e9 da 80 11  ..*........*....
022ed6ba  e0 4d                                            .M
[+] OUT after DECRYPT (18/18):
           0  1  2  3  4  5  6  7  8  9  A  B  C  D  E  F  0123456789ABCDEF
022ecea8  53 09 00 00 00 00 00 00 00 00 54 51 53 65 72 76  S.........TQServ
022eceb8  65 72                                            er
[+] #10 | DECRYPT | 2B | key=0x22eeaf4
[+] IV:
           0  1  2  3  4  5  6  7  8  9  A  B  C  D  E  F  0123456789ABCDEF
022eeac1  80 11 e0 4d 3a 92 d6 ef                          ...M:...
[+] IN (2/2):
           0  1  2  3  4  5  6  7  8  9  A  B  C  D  E  F  0123456789ABCDEF
1786fe9c  3e 90                                            >.
[+] OUT after DECRYPT (2/2):
           0  1  2  3  4  5  6  7  8  9  A  B  C  D  E  F  0123456789ABCDEF
022ecea8  04 02                                            ..
[+] #11 | DECRYPT | 522B | key=0x22eeaf4
[+] IV:
           0  1  2  3  4  5  6  7  8  9  A  B  C  D  E  F  0123456789ABCDEF
022eeac1  80 11 e0 4d 3e 90 d6 ef                          ...M>...
[+] IN (64/522):
           0  1  2  3  4  5  6  7  8  9  A  B  C  D  E  F  0123456789ABCDEF
022ed6aa  e8 e6 e1 52 3e b4 e4 df 67 84 3f ce f8 16 fd 2e  ...R>...g.?.....
022ed6ba  2b b6 c6 2e b7 0c 9b e3 e4 ae a4 c2 73 1f 7e be  +...........s.~.
022ed6ca  bd 2d a0 70 51 52 c1 d2 ba 3a b7 9a 21 bb a9 3c  .-.pQR...:..!..<
022ed6da  db 99 5c ec 36 02 ae 81 5c 9b 5b f9 f5 6a 79 83  ..\.6...\.[..jy.
[+] OUT after DECRYPT (64/522):
           0  1  2  3  4  5  6  7  8  9  A  B  C  D  E  F  0123456789ABCDEF
022ecea8  3e 09 00 00 00 00 00 00 00 00 00 00 00 00 00 00  >...............
022eceb8  00 00 00 00 00 00 00 00 00 00 00 00 00 00 00 00  ................
022ecec8  00 00 00 00 00 00 00 00 00 00 00 00 00 00 00 00  ................
022eced8  00 00 00 00 00 00 00 00 00 00 00 00 00 00 00 00  ................
[+] #12 | DECRYPT | 2B | key=0x22eeaf4
[+] IV:
           0  1  2  3  4  5  6  7  8  9  A  B  C  D  E  F  0123456789ABCDEF
022eeac1  a2 03 a9 03 9f a2 48 ee                          ......H.
[+] IN (2/2):
           0  1  2  3  4  5  6  7  8  9  A  B  C  D  E  F  0123456789ABCDEF
1786fe9c  60 e3                                            `.
[+] OUT after DECRYPT (2/2):
           0  1  2  3  4  5  6  7  8  9  A  B  C  D  E  F  0123456789ABCDEF
022ecea8  40 00                                            @.
[+] #13 | DECRYPT | 70B | key=0x22eeaf4
[+] IV:
           0  1  2  3  4  5  6  7  8  9  A  B  C  D  E  F  0123456789ABCDEF
022eeac1  60 e3 54 ce c9 fb 82 7f                          `.T.....
[+] IN (64/70):
           0  1  2  3  4  5  6  7  8  9  A  B  C  D  E  F  0123456789ABCDEF
022ed6aa  6d c7 c1 04 7d 80 5b ff f6 0d ec b8 cf 9d f7 6a  m...}.[........j
022ed6ba  70 cf 71 91 f3 bd 5e c4 ee 00 8f ba 07 56 81 b7  p.q...^......V..
022ed6ca  e0 b1 6b e8 fa 32 f7 7d 22 3c cc 1d 42 61 ac c1  ..k..2.}"<..Ba..
022ed6da  3b 56 7f 96 6a f4 a9 6d a4 e5 bd 99 f5 86 b3 f8  ;V..j..m........
[+] OUT after DECRYPT (64/70):
           0  1  2  3  4  5  6  7  8  9  A  B  C  D  E  F  0123456789ABCDEF
022ecea8  39 09 08 ff ff ff 07 10 d0 0f 18 00 20 cc 09 30  9........... ..0
022eceb8  00 38 00 40 01 48 00 72 06 53 59 53 54 45 4d 72  .8.@.H.r.SYSTEMr
022ecec8  07 4c 65 70 6f 53 65 6e 72 00 72 12 53 54 52 5f  .LepoSenr.r.STR_
022eced8  46 45 45 54 59 50 45 5f 46 52 45 45 40 40 54 51  FEETYPE_FREE@@TQ
[+] #14 | DECRYPT | 2B | key=0x22eeaf4
[+] IV:
           0  1  2  3  4  5  6  7  8  9  A  B  C  D  E  F  0123456789ABCDEF
022eeac1  b3 f8 df 10 d5 3e 80 ae                          .....>..
[+] IN (2/2):
           0  1  2  3  4  5  6  7  8  9  A  B  C  D  E  F  0123456789ABCDEF
1786fe9c  01 d0                                            ..
[+] OUT after DECRYPT (2/2):
           0  1  2  3  4  5  6  7  8  9  A  B  C  D  E  F  0123456789ABCDEF
022ecea8  41 00                                            A.
[+] #15 | DECRYPT | 71B | key=0x22eeaf4
[+] IV:
           0  1  2  3  4  5  6  7  8  9  A  B  C  D  E  F  0123456789ABCDEF
022eeac1  01 d0 2b 1d ec 96 f7 ee                          ..+.....
[+] IN (64/71):
           0  1  2  3  4  5  6  7  8  9  A  B  C  D  E  F  0123456789ABCDEF
022ed6aa  12 14 e4 69 08 11 18 06 6c 1e 07 41 fa 5a 2d af  ...i....l..A.Z-.
022ed6ba  82 e9 ee fd b6 d5 fc ac a8 a7 77 1c 35 d4 01 a1  ..........w.5...
022ed6ca  cb fa c9 60 87 9c 07 8b 31 29 83 4a 10 00 ae c1  ...`....1).J....
022ed6da  0e bd 16 aa bf 97 85 fc ed 16 f3 92 f8 46 4f 0f  .............FO.
[+] OUT after DECRYPT (64/71):
           0  1  2  3  4  5  6  7  8  9  A  B  C  D  E  F  0123456789ABCDEF
022ecea8  39 09 08 ff ff ff 07 10 d0 0f 18 00 20 cc 09 30  9........... ..0
022eceb8  00 38 00 40 01 48 00 72 06 53 59 53 54 45 4d 72  .8.@.H.r.SYSTEMr
022ecec8  07 4c 65 70 6f 53 65 6e 72 00 72 13 53 54 52 5f  .LepoSenr.r.STR_
022eced8  46 45 45 54 59 50 45 5f 4b 4e 4f 57 4e 40 40 54  FEETYPE_KNOWN@@T
[+] #16 | ENCRYPT | 10B | key=0x22eeaf4
[+] IV:
           0  1  2  3  4  5  6  7  8  9  A  B  C  D  E  F  0123456789ABCDEF
022eeac9  af ef d7 83 96 c5 48 1a                          ......H.
[+] IN (10/10):
           0  1  2  3  4  5  6  7  8  9  A  B  C  D  E  F  0123456789ABCDEF
022edea8  0a 00 f9 09 08 04 48 01 50 04                    ......H.P.
[+] OUT after ENCRYPT (10/10):
           0  1  2  3  4  5  6  7  8  9  A  B  C  D  E  F  0123456789ABCDEF
022ecea8  9c c5 b1 13 08 86 2c 87 b4 28                    ......,..(
[+] #17 | ENCRYPT | 8B | key=0x22eeaf4
[+] IV:
           0  1  2  3  4  5  6  7  8  9  A  B  C  D  E  F  0123456789ABCDEF
022eeac9  08 86 2c 87 b4 28 b2 88                          ..,..(..
[+] IN (8/8):
           0  1  2  3  4  5  6  7  8  9  A  B  C  D  E  F  0123456789ABCDEF
016f83f8  54 51 43 6c 69 65 6e 74                          TQClient
[+] OUT after ENCRYPT (8/8):
           0  1  2  3  4  5  6  7  8  9  A  B  C  D  E  F  0123456789ABCDEF
022ecea8  e6 d9 8e e4 5a 49 47 62                          ....ZIGb
[+] #18 | DECRYPT | 2B | key=0x22eeaf4
[+] IV:
           0  1  2  3  4  5  6  7  8  9  A  B  C  D  E  F  0123456789ABCDEF
022eeac1  a0 c5 49 2f e2 e9 ed 72                          ..I/...r
[+] IN (2/2):
           0  1  2  3  4  5  6  7  8  9  A  B  C  D  E  F  0123456789ABCDEF
1786fe9c  d9 49                                            .I
[+] OUT after DECRYPT (2/2):
           0  1  2  3  4  5  6  7  8  9  A  B  C  D  E  F  0123456789ABCDEF
022ecea8  1c 00                                            ..
[+] #19 | DECRYPT | 34B | key=0x22eeaf4
[+] IV:
           0  1  2  3  4  5  6  7  8  9  A  B  C  D  E  F  0123456789ABCDEF
022eeac1  a0 d9 49 2f e2 e9 ed 72                          ..I/...r
[+] IN (34/34):
           0  1  2  3  4  5  6  7  8  9  A  B  C  D  E  F  0123456789ABCDEF
022ed6aa  9c ea e1 ed 62 8e d9 08 fc 51 08 91 f0 14 73 9e  ....b....Q....s.
022ed6ba  37 22 d7 4e 2d c7 36 e3 29 1d 93 71 e7 ce 87 f2  7".N-.6.)..q....
022ed6ca  17 fd                                            ..
[+] OUT after DECRYPT (34/34):
           0  1  2  3  4  5  6  7  8  9  A  B  C  D  E  F  0123456789ABCDEF
022ecea8  b3 08 08 00 10 7e 18 02 20 57 28 1d 30 0c 38 1c  .....~.. W(.0.8.
022eceb8  40 07 48 d7 96 a6 ce 06 50 00 54 51 53 65 72 76  @.H.....P.TQServ
022ecec8  65 72                                            er
[+] #20 | DECRYPT | 2B | key=0x22eeaf4
[+] IV:
           0  1  2  3  4  5  6  7  8  9  A  B  C  D  E  F  0123456789ABCDEF
022eeac1  ce 87 f2 17 fd 46 88 46                          .....F.F
[+] IN (2/2):
           0  1  2  3  4  5  6  7  8  9  A  B  C  D  E  F  0123456789ABCDEF
1786fe9c  06 88                                            ..
[+] OUT after DECRYPT (2/2):
           0  1  2  3  4  5  6  7  8  9  A  B  C  D  E  F  0123456789ABCDEF
022ecea8  40 00                                            @.
[+] #200 | ENCRYPT | 9B | key=0x22eeaf4
[+] IV:
           0  1  2  3  4  5  6  7  8  9  A  B  C  D  E  F  0123456789ABCDEF
022eeac9  7c b0 19 fe 37 78 39 12                          |...7x9.
[+] IN (9/9):
           0  1  2  3  4  5  6  7  8  9  A  B  C  D  E  F  0123456789ABCDEF
022edea8  09 00 67 08 08 00 10 8f 02                       ..g......
[+] OUT after ENCRYPT (9/9):
           0  1  2  3  4  5  6  7  8  9  A  B  C  D  E  F  0123456789ABCDEF
022ecea8  b9 19 99 3f 70 39 02 46 fe                       ...?p9.F.
[+] #400 | DECRYPT | 2B | key=0x22eeaf4
[+] IV:
           0  1  2  3  4  5  6  7  8  9  A  B  C  D  E  F  0123456789ABCDEF
022eeac1  d1 25 88 e7 cf cc 06 06                          .%......
[+] IN (2/2):
           0  1  2  3  4  5  6  7  8  9  A  B  C  D  E  F  0123456789ABCDEF
1786fe9c  aa e7                                            ..
[+] OUT after DECRYPT (2/2):
           0  1  2  3  4  5  6  7  8  9  A  B  C  D  E  F  0123456789ABCDEF
022ecea8  22 00                                            ".
