[*] Frida v8 — S-box Extraction — 2026-03-29T22:14:17.053Z
[*] Hooked BF_cfb64_encrypt
[*] Ready! Login now.

[HS] Handshake called
[HS] Returned: 0
[HS] Handshake called
[HS] Returned: 0
[HS] Handshake called
[*] Handshake context found. ECX=0x2240a5c BF_KEY=0x1705e5a0
[*] Dumping cipher object (8192 bytes)...
[DUMP] CIPHER_OBJECT_START ECX=0x2240a5c
[HEX] 0000 a88e0e160000000000000000010000000000000000000000000000000052335878393772613569384436755a7a00000000000000000000000000000000000000
[HEX] 0040 00000000000000000000000000000000000000000000000000000000000000000000000000000000000000000000000000000000000000000000000000000000
[HEX] 0080 00000000000000000000000000000000000000000000000000000000000000000000000000000000000000000000000000000000000000000000000000000000
[HEX] 00c0 000000000c00000000000000f6d2ac96bacec8ea4e6ac49ef226a0324602fce68afe98fade9a14eec2d67002d6b20c769aaea8ca2ecaa47ed286001226e25cc6
[HEX] 0100 6a5e78dabe7af4cea2b6d0e2b612ec567a0e08aa0eaa045eb266e0f206423ca64a3ed8ba9eda54ae8216b0c296f24c365aeee88aee0ae43e92c640d2e6229c86
[HEX] 0140 2a9eb89a7eba348e62f610a276522c163a4e486aceea441e72a620b2c6827c660a7e187a5e1a946e4256f08256328cf61a2e284aae4a24fe52068092a662dc46
[HEX] 0180 eadef85a3efa744e2236506236926cd6fa8e882a8e2a84de32e6607286c2bc26cabe583a1e5ad42e029630421672ccb6da6e680a6e8a64be1246c05266a21c06
[HEX] 01c0 aa1e381afe3ab40ee2769022db176dc967b3814da39f6591afbbf9956b675d59f78371dd33ef55613f8be965fb774d29079361ad43ff45f14f9bd9f50b473db9
[HEX] 0200 97e3513dd3cf3541dfebc9459b572d0927f3418d63df25d16ffbb9d52ba71d99b7c3311df32f15a1ffcba9a5bbb70d69c7d321ed033f05310fdb9935cb87fdf9
[HEX] 0240 5723117d930ff5819f2b89855b97ed49e73301cd231fe5112f3b7915ebe7ddd97703f15db36fd5e1bf0b69e57bf7cda98713e12dc37fc571cf1b59758bc7bd39
[HEX] 0280 1763d1bd534fb5c15f6b49c51bd7ad89a773c10de35fa551ef7b3955ab279d193743b19d73af95217f4b29253b378de94753a16d83bf85b18f5b19b54b077d79
[HEX] 02c0 d7a391fd138f75011fab090500000000000000009d90838ad18ce7f62528eb8299648f2e2d40d3fae1bcb7e6b5d83bf2a9945f1ebdf0236af1ec87d645888b62
[HEX] 0300 b9c42f0e4da073da011c57c6d538dbd2c9f4fffedd50c34a114c27b665e82b42d924cfee6d0013ba217cf7a6f5987bb2e9549fdefdb0632a31acc7968548cb22
[HEX] 0340 f9846fce8d60b39a41dc978615f81b9209b43fbe1d10030a510c6776a5a86b0219e40faeadc0537a613c37663558bb722914df9e3d70a3ea716c0756c5080be2
[HEX] 0380 3944af8ecd20f35a819cd74655b85b5249747f7e5dd043ca91cca736e568abc259a44f6eed80933aa1fc77267518fb3269d41f5e7d30e3aab12c471605c84ba2
[HEX] 03c0 7904ef4e0de0331ac15c170695789b128934bf3e624fe815deeb04911ac7e04d16e37c49d23fd8854edbf4018ab7d0bd86d36cb9422fc8f5becbe471faa7c02d
[HEX] 0400 f6c35c29b21fb8652ebbd4e16a97b09d66b34c99220fa8d59eabc451da87a00dd6a33c0992ff98450e9bb4c14a77907d46932c7902ef88b57e8ba431ba6780ed
[HEX] 0440 b6831ce972df7825ee7b94a12a57705d26730c59e2cf68955e6b84119a4760cd9663fcc952bf5805ce5b74810a37503d0653ec39c2af48753e4b64f17a2740ad
[HEX] 0480 7643dca9329f38e5ae3b5461ea17301de633cc19a28f28551e2b44d15a07208d5623bc89127f18c58e1b3441caf710fdc613acf9826f0835fe0b24b13ae7006d
[HEX] 04c0 36039c69f25ff8a56efb1421aad7f0dda6f38cd99616f64191620008a0d56b0100192702000000000000000000000000000000000f0000000000000000000000
[HEX] 0500 00000000000000000000000000000000000000000000000000000000000000000000000000000000000000000000000000000000000000000000000000000000
[HEX] 0540 00000000000000000000000000000000000000000000000000000000000000000000000000000000000000000000000000000000000000000000000000000000
[HEX] 0580 00000000000000000000000000000000000000000000000000000000000000000000000000000000000000000000000000000000000000000000000000000000
[HEX] 05c0 00000000888a23020000000000000000888a2302888a230200000000000000000000000000000000000000000000000000000000a616f671ab66000ce8db6c01
[HEX] 0600 00b71b025740da002540da004640da00000000000f0000000000000000000000000000000000000000000000000000000000000000000000888a230200000000
[HEX] 0640 00000000000000000000000000000000000000000000000000000000000000000000000000000000000000000000000000000000000000000000000000000000
[HEX] 0680 00000000000000000000000000c1e200cec1e200ae16f6799b66000c0cdf6c0100b71b0274c2e20085c2e200a6c2e200000000000f0000000000000000000000
[HEX] 06c0 000000000000000000000000000000000000000000000000983c240218422402584024020000000000000000000000000000000070ed23020000000000000000
[HEX] 0700 00000000000000000000000000000000000000000000000000000000000000000000000000000000c88d27020000000000000000000000000000000000000000
[HEX] 0740 000000000000000000000000000000000000000000000000000000000000000000000000000000000000000010f121021d39f400b314fe6e93660008402e2702
[HEX] 0780 e01927020c000000c0d0e0f07dd0aed127000000f4112402ffffffffffffffff00000000cd43bad30000008840cd6f0100000000000000000000000000000000
[HEX] 07c0 000000000f0000000000000000000000000000000000000000000000000000000000000000000000000000000000000000000000000000000000000000000000
[HEX] 0800 000000000000000000000000c043add3000100884f00700065006e007e00690074007e0074006f007e006700650074007e00360030003000300030007e005300
[HEX] 0840 65006e0069006f0072007e00540072006500610073007500720065007e0054006f006b0065006e0073002e000000000000000000d743a0d3000200884f007000
[HEX] 0880 65006e007e00690074007e0074006f007e006700650074007e00380035003000300030007e00530065006e0069006f0072007e00540072006500610073007500
[HEX] 08c0 720065007e0054006f006b0065006e0073002e000000000000000000ea4393d3000300884f00700065006e007e00690074007e0074006f007e00670065007400
[HEX] 0900 7e0031007e00330030002d006400610079007e00310025007e0042006c00650073007300650064007e00460061006c006c0065006e007e004c006f0076006500
[HEX] 0940 2e000000f94386d30004008898526c0100000000000000000000000000000000000000000f000000000000000000000000000000000000000000000000000000
[HEX] 0980 00000000000000000000000000000000888a230200000000000000000000000000000000888a2302000000000c43f9d300050088002fdc0f6500610045000000
[HEX] 09c0 574c536f782fdc0f72655665450000006e003d00902bdc0f50726f6a45000000616d6500302cdc0f574c50724500000074696f6e402bdc0f54696d6545000000
[HEX] 0a00 72006900202ddc0f7500670045000000390020000343ecd30006008c68416f0100000000000000000000000000000000000000000f0000000000000000000000
[HEX] 0a40 00000000000000000000000000000000000000000000000000000000000000000000000000000000000000000000000000000000a08e2402000000001643dfd3
[HEX] 0a80 000700884f00700065006e007e00690074007e0074006f007e006700650074007e0031007e00330030002d006400610079007e004d006f006e00650079007e00
[HEX] 0ac0 48006f007200730065007e002800420029002e000000470065006d0073002e00000000002543d2d3000800884f00700065006e007e00690074007e0074006f00
[HEX] 0b00 7e006700650074007e0032007e005400680075006e006400650072007e00470065006d0073007e006f0072007e0032007e0047006c006f00720079007e004700
[HEX] 0b40 65006d0073002e00000000003843c5d3000900884f00700065006e007e0074006f007e0072006500630065006900760065007e00330030007e0053006d006100
[HEX] 0b80 6c006c007e004c006f00740074006500720079007e005400690063006b006500740073002e00000074002e0000000000000000004f4338d3000a00884f007000
[HEX] 0bc0 65006e007e00690074007e0074006f007e006700650074007e0031007e00330030002d006400610079007e0053006f0075006c007e0043006800610072006900
[HEX] 0c00 6f0074007e002800420029002e00000000000000bc0000000000000042432bd3000b00884f00700065006e007e00690074007e0074006f007e00670065007400
[HEX] 0c40 7e0031007e0070006100690072007e006f0066007e00330030002d006400610079007e0043007500740065007e004300610074007e0045006100720073002e00
[HEX] 0c80 00002e0051431ed3000c0088641d700100000000000000000000000000000000000000000f000000000000000000000000000000000000000000000000000000
[HEX] 0cc0 0000000000000000000000000000000000000000000000000000000000000000000000000000000000000000644311d3000d00884f00700065006e007e007400
[HEX] 0d00 6f007e0072006500630065006900760065007e00310030007e0050006f007700650072007e004500580050007e00530070006c0069006e007400650072007300
[HEX] 0d40 7e002800420029002e0000006e0074002e0000007b4304d3000e00884f00700065006e007e0074006f007e00720061006e0064006f006d006c0079007e006700
[HEX] 0d80 650074007e0061007e00500037007e0044007200610067006f006e007e0053006f0075006c007e002800420029002e0000006f6e65737e2842292e008e4277d3
[HEX] 0dc0 000f0088a0d56f0100000000000000000000000000000000000000000f0000000000000000000000888a2302888a230200000000000000000000000000000000
[HEX] 0e00 0000000000000000000000000000000000000000000000000000000000000000000000009d426ad3001000884f00700065006e007e0074006f007e0067006500
[HEX] 0e40 74007e0031007e00330030002d006400610079007e004300680072006900730074006d00610073007e004800610072006d006f006e0079007e00470061007200
[HEX] 0e80 6d0065006e0074002e00000090425dd3001100884f00700065006e007e00690074007e0074006f007e006700650074007e0031007e00330030002d0064006100
[HEX] 0ec0 79007e00310025007e0042006c00650073007300650064007e004c006f00760065007e004800610074002e000000000000000000a74250d3001200884f007000
[HEX] 0f00 65006e007e0074006f007e00720061006e0064006f006d006c0079007e006700650074007e0032007e0074006f007e0035007e002b0034007e00530074006f00
[HEX] 0f40 6e00650073007e002800420029002e0000007e5061636b2e00000000ba4243d3001300884f00700065006e007e00690074007e0074006f007e00670065007400
[HEX] 0f80 7e0031007e00330030002d006400610079007e00310025007e0042006c00650073007300650064007e004d0061006700690063007e0046006100740065002e00
[HEX] 0fc0 00000000c942b6d2001400884f00700065006e007e0074006f007e006700650074007e0061007e00720061006e0064006f006d007e0053006e006f0077006d00
[HEX] 1000 61006e007e00660072006f006d007e004a002c007e004f007e0061006e0064007e0059002e0000002e000000dc42a9d2001500884f00700065006e007e006900
[HEX] 1040 74007e0074006f007e006700650074007e0031007e0055007000670072006100640065007e0043006500720074002e007e00280043006c006100730073003300
[HEX] 1080 29007e0042006f0078002e0000002e002e000000d3429cd2001600884f00700065006e007e0074006f007e00720061006e0064006f006d006c0079007e006700
[HEX] 10c0 650074007e0032007e0074006f007e0035007e002b0035007e00530074006f006e00650073007e002800420029002e00000000000000000000000000e6428fd2
[HEX] 1100 001700884f00700065006e007e0074006f007e006700650074007e003100300030007e004600610076006f007200650064007e0054007200610069006e006900
[HEX] 1140 6e0067007e00500069006c006c0073007e002800420029002e0000006e657e2842292e00f54282d2001800884f00700065006e007e0074006f007e0067006500
[HEX] 1180 74007e00320030007e00590065006c006c006f0077007e00520075006e0065007e0046007200610067006d0065006e00740073007e002800420029002e000000
[HEX] 11c0 506f696e74732e00000000000842f5d2001900884f00700065006e007e00690074007e0074006f007e006700650074007e0061007e00310025007e0042006c00
[HEX] 1200 650073007300650064007e00460069006500720079007e004c0069006f006e007e002800420029002e0000002e000000000000001f42e8d2001a00884f006e00
[HEX] 1240 6c0069006e006500200043006f006e0074007200690062007500740069006f006e002000520061006e006b0069006e00670020006f0066002000540068006900
[HEX] 1280 73002000540069006d006500000068003a0020000a000000000000001242dbd2001b00883cc86e0100000000000000000000000000000000000000000f000000
[HEX] 12c0 000000000000000000000000000000000000000000000000888a2302888a23020000000000000000888a2302888a230200000000000000000000000000000000
[HEX] 1300 000000002142ced2001c00884f00700065006e007e00690074007e0074006f007e006700650074007e00360035003000300030007e00530065006e0069006f00
[HEX] 1340 72007e00540072006500610073007500720065007e0054006f006b0065006e0073002e0000000000000000003442c1d2001d008804876e010000000000000000
[HEX] 1380 0000000000000000000000000f000000000000000000000000000000000000000000000000000000000000000000000000000000000000000000000000000000
[HEX] 13c0 00000000000000000000000000000000000000004b4234d2001e0088b8086d0100000000000000000000000000000000000000000f0000000000000000000000
[HEX] 1400 0000000000000000000000000000000000000000000000000000000000000000000000000000000000000000000000000000000000000000000000005e4227d2
[HEX] 1440 001f0088c8d26c0100000000000000000000000000000000000000000f0000000000000000000000000000000000000000000000000000000000000000000000
[HEX] 1480 0000000000000000000000000000000000000000000000000000000000000000000000006d421ad2002000884f00700065006e007e0074006f007e0067006500
[HEX] 14c0 74007e0031007e00330030002d006400610079007e0046006c0061006d0065007e00440061006e00630065007e002800420029007e005000610063006b002e00
[HEX] 1500 00002e00000000000000000060420dd2002100884f00700065006e007e0074006f007e006700650074007e0031007e00620069006c006c0069006f006e007e00
[HEX] 1540 43006f006e0074007200690062007500740069006f006e007e0050006f0069006e00740073002e00000067002e00000000000000774200d2002200884f007000
[HEX] 1580 65006e007e0074006f007e006700650074007e00320030007e00590065006c006c006f0077007e00520075006e0065007e0046007200610067006d0065006e00
[HEX] 15c0 740073007e002800420029002e00000053746f6e65737e2842292e008a4573d2002300884f00700065006e007e00690074007e0074006f007e00670065007400
[HEX] 1600 7e0031007e0055007000670072006100640065007e0043006500720074002e007e00280043006c00610073007300340029007e0042006f0078002e000000652e
[HEX] 1640 00000000994566d2002400884f00700065006e007e0074006f007e006700650074007e0031007e00530075007000650072007e00460061006e00740061007300
[HEX] 1680 79007e004300720079007300740061006c007e002800420029002e0000006f0078002e0000002e0000000000ac4559d2002500884f00700065006e007e006900
[HEX] 16c0 74007e0074006f007e006700650074007e0031007e0055007000670072006100640065007e0043006500720074002e007e00280043006c006100730073003500
[HEX] 1700 29007e0042006f0078002e000000000021000000a3454cd2002600884f00700065006e007e0074006f007e006700650074007e0035007e0035002d0073007400
[HEX] 1740 610072007e004700610072006d0065006e0074007e0046007200610067006d0065006e00740073007e002800420029002e0000006d69742e000000009716f640
[HEX] 1780 8e64000868e6ad13a88e561888d9b9180101da004640da007840da009940da005341da006441da007541da00b741da00c841da00e941da000a42da009641da00
[HEX] 17c0 3b42da00d380de005481de007581de003582de007682de008782de00a882de001b83de006d83de00b781de009681de00c982de00ea82de00f480de003c83de00
[HEX] 1800 49c1e2006ac1e20042c2e2008bc1e2009cc1e200bdc1e200cec1e200ffc1e20020c2e20031c2e20063c2e20074c2e20085c2e200a6c2e200c7c2e2007db4e600
[HEX] 1840 9eb4e600afb4e60021b5e60032b5e60053b5e60094b5e600c5b5e600e6b5e60046b6e60057b6e60078b6e60089b6e600e0b4e600d313eb000414eb00fc14eb00
[HEX] 1880 1d15eb002e15eb008015eb009115eb00b215eb00d315eb00f415eb000516eb001616eb00a716f670aa660008e8a29b1378be9b1318d69b130101ef009d44ef00
[HEX] 18c0 ae44ef00bf44ef00e044ef005445ef000145ef002245ef009645ef00b745ef00c845ef00e945ef008545ef004345ef001a44ef002b44ef001d39f400663af400
[HEX] 1900 983af400b93af400da3af400eb3af4002d3bf4005e3bf400f33bf4006f3bf400903bf400d23bf4000c3bf4003e39f400773af4007f39f400b13bf400a5cef700
[HEX] 1940 b6cef700d7cef70008cff700bc16f76a9a660000f0a027026090dc0f9ecff700bfcff700e0cff70001d0f70012d0f70019cff70036d7fd00b7d7fd00e9d7fd00
[HEX] 1980 0ad8fd00d8d7fd0088d8fd00aad8fd00bbd8fd00ccd8fd000ed9fd005fd9fd0099d8fd0057d7fd00fdd8fd0067d90101a9d90101cad9010100000000b314fe6e
[HEX] 19c0 81660008682e2702581024020c000000c0d0e0f085e58ed1380000003c242402ffffffffffffffff000000000445bad300000088e07e6f010000000000000000
[HEX] 1a00 0000000000000000000000000f0000000000000000000000000000000000000000000000000000000000000000000000000000001f45b1d30001008814c46d01
[HEX] 1a40 00000000000000000000000000000000000000000f0000000000000000000000000000000000000000000000000000000000000000000000000000001645a8d3
[HEX] 1a80 00020088e0242402e0242402e0242402010100000000000000000000000000000000000000000000000000000000000000000000000000000000000000000000
[HEX] 1ac0 0000000029459fd30003008c08c86d0100000000000000000000000000000000000000000f00000000000000000000000000000000000000888a230200000000
[HEX] 1b00 000000000000000000000000204596d30004008860b26e0100000000000000000000000000000000000000000f0000000000000000000000888a230200000000
[HEX] 1b40 00000000000000000000000000000000000000003b458dd30005008c14816e0100000000000000000000000000000000000000000f0000000000000000000000
[HEX] 1b80 00000000000000000000000000000000000000000000000000000000324584d30006008800262402002624020026240201010000000000000000000000000000
[HEX] 1bc0 0000000000000000000000000000000000000000000000000000000000000000000000004545fbd300070088bccc6e0100000000000000000000000000000000
[HEX] 1c00 000000000f0000000000000000000000000000000000000000000000000000000000000000000000000000005c45f2d300080088acc36d010000000000000000
[HEX] 1c40 0000000000000000000000000f0000000000000000000000000000000000000000000000000000000000000000000000000000005745e9d30009008858156e01
[HEX] 1c80 00000000000000000000000000000000000000000f0000000000000000000000000000000000000000000000000000000000000000000000000000006e45e0d3
[HEX] 1cc0 000a008864446f0100000000000000000000000000000000000000000f0000000000000000000000000000000000000000000000000000000000000000000000
[HEX] 1d00 000000006145d7d3000b008c58fa6d0100000000000000000000000000000000000000000f000000000000000000000000000000000000000000000000000000
[HEX] 1d40 0000000000000000000000007845ced3000c0088c4106e0100000000000000000000000000000000000000000f00000000000000000000000000000000000000
[HEX] 1d80 00000000000000000000000000000000888a23027345c5d3000d008c70c86e0100000000000000000000000000000000000000000f0000000000000000000000
[HEX] 1dc0 000000000000000000000000000000000000000000000000000000008a443cd3000e0088d8cd6e0100000000000000000000000000000000000000000f000000
[HEX] 1e00 0000000000000000000000000000000000000000000000000000000000000000000000009d4433d3000f0088100e6e0100000000000000000000000000000000
[HEX] 1e40 000000000f00000000000000000000000000000000000000000000000000000000000000000000000000000094442ad300100088d0282402d0282402d0282402
[HEX] 1e80 01010000000000000000000000000000000000000000000000000000000000000000000000000000000000000000000000000000af4421d30011008c2c886e01
[HEX] 1ec0 00000000000000000000000000000000000000000f000000000000000000000000000000000000000000000000000000000000000000000000000000a64418d3
[HEX] 1f00 00120088250064002000250075002000250075002000250073002000250075002000250075002000250049003600340075002000250064002000250064000000
[HEX] 1f40 00000000b9440fd30013008c24506f0100000000000000000000000000000000000000000f000000000000000000000000000000000000000000000000000000
[HEX] 1f80 000000000000000000000000b04406d30014008cd8776e0100000000000000000000000000000000000000000f00000000000000000000000000000000000000
[HEX] 1fc0 0000000000000000000000000000000000000000cb447dd30015008888596f0100000000000000000000000000000000000000000f0000000000000000000000
[DUMP] CIPHER_OBJECT_END
[*] Dumping BF_KEY region (4096 bytes)...
[DUMP] BF_KEY_START ptr=0x1705e5a0
[HEX] 0000 758a29db1d0000000cff833c020000004845ec0d02000000e073c2f80b0000001295a93800000000c8cf7ffc010000008000114e14000000633fc1f810000000
[HEX] 0040 92e02385120000008760498f120000003b97bc9f140000007b9a962209000000faff92b801000000c79ed1f618000000dd3ac5f6020000006ef9665a04000000
[HEX] 0080 00000000000000000000000000000000000000000000000000000000000000000000000000000000000000000000000000000000000000000000000000000000
[HEX] 00c0 00000000000000000000000000000000000000000000000000000000000000000000000000000000000000000000000000000000000000000000000000000000
[HEX] 0100 00000000000000000000000000000000000000000000000000000000000000000000000000000000000000000000000000000000000000000000000000000000
[HEX] 0140 00000000000000000000000000000000000000000000000000000000000000000000000000000000000000000000000000000000000000000000000000000000
[HEX] 0180 00000000000000000000000000000000000000000000000000000000000000000000000000000000000000000000000000000000000000000000000000000000
[HEX] 01c0 00000000000000000000000000000000000000000000000000000000000000000000000000000000000000000000000000000000000000000000000000000000
[HEX] 0200 00000000000000000000000000000000000000000000000000000000000000000000000000000000000000000000000000000000000000000000000000000000
[HEX] 0240 00000000000000000000000000000000000000000000000000000000000000000000000000000000000000000000000000000000000000000000000000000000
[HEX] 0280 00000000000000000000000000000000000000000000000000000000000000000000000000000000000000000000000000000000000000000000000000000000
[HEX] 02c0 00000000000000000000000000000000000000000000000000000000000000000000000000000000000000000000000000000000000000000000000000000000
[HEX] 0300 00000000000000000000000000000000000000000000000000000000000000000000000000000000000000000000000000000000000000000000000000000000
[HEX] 0340 00000000000000000000000000000000000000000000000000000000000000000000000000000000000000000000000000000000000000000000000000000000
[HEX] 0380 00000000000000000000000000000000000000000000000000000000000000000000000000000000000000000000000000000000000000000000000000000000
[HEX] 03c0 00000000000000000000000000000000000000000000000000000000000000000000000000000000000000000000000000000000000000000000000000000000
[HEX] 0400 00000000000000000000000000000000000000000000000000000000000000000000000000000000000000000000000000000000000000000000000000000000
[HEX] 0440 00000000000000000000000000000000000000000000000000000000000000000000000000000000000000000000000000000000000000000000000000000000
[HEX] 0480 00000000000000000000000000000000000000000000000000000000000000000000000000000000000000000000000000000000000000000000000000000000
[HEX] 04c0 00000000000000000000000000000000000000000000000000000000000000000000000000000000000000000000000000000000000000000000000000000000
[HEX] 0500 00000000000000000000000000000000000000000000000000000000dcea0517780e357703000000500e357788e5933100000000000000000000000008eb0517
[HEX] 0540 28a63577fcea051700eb05170400000000a6357788e5933118eb0517602a1b0290a1d0150000000068eb05179c91a57705d5c0748c0e00000100000000000000
[HEX] 0580 88e5933110ec05170000000000000000000000000000000000000000000000000000000000000000800e0000cf41c174000000008c0e00006079feffffffffff
[HEX] 05c0 000000000000000070ec0517f341c174010000005942c174650b6845e88ea931803dc174800e0000000000001c0000001c000000c4eb05173d79a477c0eb0517
[HEX] 0600 000000001c0000000000000000000000010000000000000030ed05170000000028ed0517d8eb0517ecec05172d00000070f00517000000002cec051701000000
[HEX] 0640 2d00000001000000010000000000000000000000f742a6776cf0051730ed05176c00000010ec0517800e000001000000a01ce9ffffffffff0100000000000000
[HEX] 0680 800e00000100000000000000010000000000000028f10517ffffffff200000001b00000028f1051790f005170100000000000000650b684578eb051720000000
[HEX] 06c0 f8ec051720e2c0742df8ae26feffffff08ed0517aea53577810e000030ed0517000000000000000028ed0517ecec0517cdbfa6e948ee230248ee230200000000
[HEX] 0700 000000000000000000000000602a1b0290a1d01500000000000000000000000000000000000000000000000001000000800e0000000000000000000000000000
[HEX] 0740 0000000000000000000000000000000090ec0517000000006cfe051700bf35773da59489feffffff38ee0517536e1301810e000030ed05170000000000000000
[HEX] 0780 28ed05175e6e130100000000f049020001000000800e000001000000000000001c00010001000000a3dea6776ced05178179a477c068b177cc91a5778af8c174
[HEX] 07c0 800e00008c0e00000000000000000000a8ed05171720010098ed0517100000000000000000000000f90a6845e88ea93190f6c1740000000020ee051701000000
[HEX] 0800 0000000020000000000000004b01000024f20517000000000000000088e593318c0e000000000000a8ed051700000000f4ed051788ed05176c0000006cfe0517
[HEX] 0840 20e2c07415c0ae26feffffff34ee051714643577800e000020ee05170100000028ee051748ee0517000000000000000098a1d01530ee051748ee230200080000
[HEX] 0880 000800000000000000000000330569fb6cfe0517d91e4a01ffffffff78fe051733ecfe0068f605174b010000771569fb48ee230208db933108ff051708ff0517
[HEX] 08c0 02000000d4f50517b4f0051700000000bcf00517ffffffff010000000000000002000000f4f5051702000000fcf5051700000000000000000000000000000000
[HEX] 0900 00000000000000000000000000000000000000000000000000000000000000000000000000000000000000000000000000000000000000000000000000000000
[HEX] 0940 00000000000000000000000000000000000000000000000000000000000000000000000000000000000000000000000000000000000000000000000000000000
[HEX] 0980 0000000000000000000000000000000000000000000000000000000000000000000000000000000000000000000000000000000000000000fcef051700080000
[HEX] 09c0 00000000000000000000000001000000a3dea67794ef0517f15ea477c068b17740f2051706000000b4ef0517ccef051702000000b8ef05178365a67740f20517
[HEX] 0a00 06000000b4ef0517ccef05170200000038ecc65ea23dd95a0054ff22b85ed422ffffffff010000000054ff2268f00517b85ed4220000080000000800167cd75a
[HEX] 0a40 0054ff22d017052300000b00b85ed42200000800e754da5a0054ff22b85ed4220000080001000000d0f105170054ff22f8aed3220054ff222cf20517b85ed422
[HEX] 0a80 a0e9042300000800d0f105170054ff22f8aed3220054ff224cf20517010000000000000000000800f0f1051700000000aee7a577f8aed3220000040001000000
[HEX] 0ac0 d0f105170054ff2284f10517482c05230800da2014000000d8fd0423482c05230000000000000000b9b1c05a0800da2008000000482c0523d8fd042314000000
[HEX] 0b00 0054ff221800000014f1051700320523aea4c05a0800da202000000018000000c143c15ad8fd042318000000778ed95a0054ff229017052300000b000054ff22
[HEX] 0b40 9cf1051700000b0014f105170032052303000000003205232eead95a1008482c0800da204c000000e86cbe2b1008482c0000000000000000b9b1c05a0800da20
[HEX] 0b80 000400001008482ce86cbe2b4c0000000054ff2263000000a8f1051746000000aea4c05a0800da206800000063000000c143c15ae86cbe2b630000004451db5a
[HEX] 0bc0 08afd32200000000300000000054ff220054ff22c01cbf2b70f30517bcf10517c01cbf2bf8aed322f8aed322fe97c05a02d4db5a68d4db5a0054ff2200000000
[HEX] 0c00 300000000054ff229061d3229061d322f8aed322c01cbf2b000000009061d3228cf205175662d95a0054ff229061d32200000000000001000040000000320523
[HEX] 0c40 003205230000000003000000f8aed322f8aed322fe97c05af8aed322003205230000000018320523f8aed322000008005817052354f20517901cbf2bf8aed322
[HEX] 0c80 f8aed322fe97c05a0800da20004000009061d3229061d3220000000000000000f8aed322f8aed322fe97c05af8aed3229061d32200000000a861d322f8aed322
[HEX] 0cc0 f8aed322fe97c05a0800da20000400008c7cd95a0054ff221008482c00000b0000000b001008482cc4f205176026ca5b2808482cc04d815b1ffbcf5a49000000
[HEX] 0d00 a0a4d05a6026ca5b8895d05a081cff22c0f305172808482cc04d815bacf305176026ca5ba096da20c80000001ffbcf5a49000000a0a4d05a6026ca5b8895d05a
[HEX] 0d40 101cff2200000000a096da20c800000000000000001cff22081cff224b0cd15a0c000000a096da20f72bd05a000000006026ca5b00000400080000001ffbcf5a
[HEX] 0d80 49000000a0a4d05a6026ca5b08000000d997d05a00000000000004006026ca5b080000000400000000000000001cff22b858d3226026ca5bb8f00423dcf30517
[HEX] 0dc0 1ffbcf5a49000000a0a4d05a6026ca5b8895d05a181cff228cf30517a01d7b5b78b6032016000000a4f3051702ae7a5b03000000a8000000bf27feccf0f30517
[HEX] 0e00 16b47a5bc0f3051703000000ce30ca12160000000300000000000000fffffffffeffffff00000000ecf30517cb45a77760e0131b0933a3770300000000000000
[HEX] 0e40 1600000016000000b830ca12f8f30517503e795b60e0131b3cf40517a9b27a5b030000008bb27a5b1f20fecc1600000084b60320b830ca12a800000000000000
[HEX] 0e80 1600000008f405172082785bccf405172082785b838b3280feffffff64f405170111795b03000000b830ca12160000007cf4051778b6032078b6032000000000
[HEX] 0ec0 c0180523a4f40517feffffff6026ca5b00000400080000001ffbcf5a49000000a0a4d05a6026ca5b08000000d997d05a00000000000004003cf5051714f50517
[HEX] 0f00 3cf5051714f505173cf505170000000008000000e0e3d05a08000000001cff2204000000fce3d05a000000000000000061dad05a000000007798c25a00000000
[HEX] 0f40 61dad05a00000000b51dd15a00000000f49cc05a00000000000004003cf50517c01805230054ff228154c35a14f505170054ff220054ff220000000010f70517
[HEX] 0f80 0880bf2b0000000000000000000000000000000000000000d8add322b4f50517e754da5a0054ff22c0180523000008000000000010f705170054ff22f8aed322
[HEX] 0fc0 9889d32234f70517f8aed32218ee04230000080010f7051778a9d95af8aed322c8f505170054ff220000000000000000f8aed3225817052300000000e0f60517
[DUMP] BF_KEY_END
[*] BF_KEY is at ECX+350346052 (0x14e1db44)
[*] Scanning for S-box regions...
[SBOX] Non-zero region: offset=0xc4 len=1076 bytes (269 uint32s) first: 0x0000000c, 0x00000000, 0x96acd2f6, 0xeac8ceba
[SBOX] Non-zero region: offset=0x80c len=324 bytes (81 uint32s) first: 0xd3ad43c0, 0x88000100, 0x0070004f, 0x006e0065
[SBOX] Non-zero region: offset=0x990 len=144 bytes (36 uint32s) first: 0x02238a88, 0x00000000, 0x00000000, 0x00000000
[SBOX] Non-zero region: offset=0xa74 len=540 bytes (135 uint32s) first: 0x02248ea0, 0x00000000, 0xd3df4316, 0x88000700
[SBOX] Non-zero region: offset=0xcec len=220 bytes (55 uint32s) first: 0xd3114364, 0x88000d00, 0x0070004f, 0x006e0065
[SBOX] Non-zero region: offset=0xe24 len=1156 bytes (289 uint32s) first: 0xd36a429d, 0x88001000, 0x0070004f, 0x006e0065
[SBOX] Non-zero region: offset=0x14a4 len=1364 bytes (341 uint32s) first: 0xd21a426d, 0x88002000, 0x0070004f, 0x006e0065
[*] Checking pointers in object header...
[PTR] ECX+28 = 0x58335200 -> first uint32: 0x58053b5a @+1020: 0xa1f004a1
[PTR] First 32 bytes: 
           0  1  2  3  4  5  6  7  8  9  A  B  C  D  E  F  0123456789ABCDEF
58335200  5a 3b 05 58 fa 8b 5a 74 0f 83 ec 08 e8 6f ed b1  Z;.X..Zt.....o..
58335210  ff 8b c8 e8 28 ee b1 ff 89 35 04 f0 a1 5a 5e 5d  ....(....5...Z^]
[PTR] ECX+40 = 0x5a753644 -> first uint32: 0x00000102 @+1020: 0x00000103
[PTR] First 32 bytes: 
           0  1  2  3  4  5  6  7  8  9  A  B  C  D  E  F  0123456789ABCDEF
5a753644  02 01 00 00 88 05 00 00 01 00 00 00 64 c3 75 5a  ............d.uZ
5a753654  f0 e4 6a 58 02 01 00 00 89 05 00 00 01 00 00 00  ..jX............
[PTR] ECX+232 = 0x270d6c2 -> first uint32: 0xcdec0270 @+1020: 0xcb6c0270
[PTR] First 32 bytes: 
           0  1  2  3  4  5  6  7  8  9  A  B  C  D  E  F  0123456789ABCDEF
0270d6c2  70 02 ec cd 70 02 e0 cd 70 02 d4 cd 70 02 c8 cd  p...p...p...p...
0270d6d2  70 02 bc cd 70 02 b0 cd 70 02 a4 cd 70 02 9c cd  p...p...p...p...
[PTR] ECX+236 = 0x760cb2d6 -> first uint32: 0x35fff578 @+1020: 0xff850000
[PTR] First 32 bytes: 
           0  1  2  3  4  5  6  7  8  9  A  B  C  D  E  F  0123456789ABCDEF
760cb2d6  78 f5 ff 35 50 14 14 76 ff 15 6c 31 14 76 89 06  x..5P..v..l1.v..
760cb2e6  eb e3 cc cc cc cc cc cc 8b ff 55 8b ec 83 ec 18  ..........U.....
[*] Capture complete!
[HS] Returned: 3
