[*] Frida BF Key Capture v3 — 2026-03-29T19:23:51.042Z
[*] Log file: F:\Sentinel\tools\frida_capture_2026-03-29_21-23-51.log
[*] Hooked BF_set_key candidate at 0x1249c60
[*] Hooked BF_cfb64_encrypt at 0x12410f0
[*] Hooked DoReceiveShakeHand
[*] Hooked wrappers
[*] All hooks ready! Login now.

[*] ============================================
[*] LOOK FOR:
[*]   [KEY] = RAW Blowfish key (the prize!)
[*]   [CTX] = cipher context structure
[*]   [+] NEW BF_KEY CONTEXT = unique keys
[*] ============================================


[!] ===== HANDSHAKE STARTED =====
[!] Context ptr: 0x2e65ff08
[!] Context first 256 bytes:
[!] Returned: 0
[!] ===== HANDSHAKE ENDED =====


[!] ===== HANDSHAKE STARTED =====
[!] Context ptr: 0x2e65ff08
[!] Context first 256 bytes:
[!] Returned: 0
[!] ===== HANDSHAKE ENDED =====


[!] ===== HANDSHAKE STARTED =====
[!] Context ptr: 0x2e65ff08
[!] Context first 256 bytes:

[+] ===== NEW BF_KEY CONTEXT: 0x2e65e5a0 =====
[+] First seen at call #1 (DECRYPT)
[+] Memory BEFORE BF_KEY (-128 bytes):
           0  1  2  3  4  5  6  7  8  9  A  B  C  D  E  F  0123456789ABCDEF
2e65e520  00 00 00 00 00 00 00 00 0a 00 00 00 10 00 00 00  ................
2e65e530  f8 e5 65 2e 03 00 00 00 03 00 00 00 51 02 d8 56  ..e.........Q..V
2e65e540  fc ea 65 2e 31 e8 65 2e 03 00 00 00 0c e6 65 2e  ..e.1.e.......e.
2e65e550  f8 e5 65 2e 00 00 00 00 00 00 00 00 75 f2 d7 56  ..e.........u..V
2e65e560  0f 00 00 00 03 00 00 00 0c e6 65 2e 7c ea 65 2e  ..........e.|.e.
2e65e570  16 73 48 4e fc ea 65 2e f8 e5 65 2e 00 00 00 00  .sHN..e...e.....
2e65e580  fd ff ff ff b8 f0 65 2e 70 e8 65 2e 00 00 00 00  ......e.p.e.....
2e65e590  01 00 00 00 00 00 00 00 00 00 00 00 5c 0a 15 02  ............\...
[+] BF_KEY region (320 bytes):
           0  1  2  3  4  5  6  7  8  9  A  B  C  D  E  F  0123456789ABCDEF
2e65e5a0  75 8a 29 db 1d 00 00 00 0c ff 83 3c 02 00 00 00  u.)........<....
2e65e5b0  48 45 ec 0d 02 00 00 00 e0 73 c2 f8 0b 00 00 00  HE.......s......
2e65e5c0  12 95 a9 38 00 00 00 00 c8 cf 7f fc 01 00 00 00  ...8............
2e65e5d0  80 00 11 4e 14 00 00 00 63 3f c1 f8 10 00 00 00  ...N....c?......
2e65e5e0  92 e0 23 85 12 00 00 00 87 60 49 8f 12 00 00 00  ..#......`I.....
2e65e5f0  3b 97 bc 9f 14 00 00 00 7b 9a 96 22 09 00 00 00  ;.......{.."....
2e65e600  fa ff 92 b8 01 00 00 00 c7 9e d1 f6 18 00 00 00  ................
2e65e610  dd 3a c5 f6 02 00 00 00 6e f9 66 5a 04 00 00 00  .:......n.fZ....
2e65e620  00 00 00 00 00 00 00 00 31 e8 65 2e 03 00 00 00  ........1.e.....
2e65e630  00 00 00 00 00 00 00 00 08 00 00 00 25 00 00 00  ............%...
2e65e640  00 00 00 00 c0 ea 65 2e 03 56 99 17 38 eb 65 2e  ......e..V..8.e.
2e65e650  08 00 00 00 07 00 00 00 00 00 00 00 00 00 00 00  ................
2e65e660  f9 ff ff ff 00 00 00 00 00 00 00 00 70 e8 65 2e  ............p.e.
2e65e670  08 00 00 00 00 00 00 00 00 00 00 00 00 00 00 00  ................
2e65e680  00 00 00 00 00 00 00 00 00 00 00 00 00 00 00 00  ................
2e65e690  00 00 00 00 00 00 00 00 00 00 00 00 00 00 00 00  ................
2e65e6a0  00 00 00 00 00 00 00 00 00 00 00 00 00 00 00 00  ................
2e65e6b0  00 00 00 00 00 00 00 00 00 00 00 00 00 00 00 00  ................
2e65e6c0  00 00 00 00 00 00 00 00 00 00 00 00 00 00 00 00  ................
2e65e6d0  00 00 00 00 00 00 00 00 00 00 00 00 00 00 00 00  ................
[+] ===== END NEW CONTEXT =====

[+] #1 | DECRYPT | 15B | key=0x2e65e5a0
[+] IV:
           0  1  2  3  4  5  6  7  8  9  A  B  C  D  E  F  0123456789ABCDEF
2e65ee24  00 00 00 00 00 00 00 00                          ........
[+] IN (15/15):
           0  1  2  3  4  5  6  7  8  9  A  B  C  D  E  F  0123456789ABCDEF
2e65f668  ff 77 71 5a 7d 38 71 78 c3 48 3e 08 75 f4 ab     .wqZ}8qx.H>.u..
[+] OUT after DECRYPT (15/15):
           0  1  2  3  4  5  6  7  8  9  A  B  C  D  E  F  0123456789ABCDEF
2e65ea24  43 fd f1 bf c2 88 65 65 96 04 a2 52 01 00 00     C.....ee...R...
[+] #2 | DECRYPT | 338B | key=0x2e65e5a0
[+] IV:
           0  1  2  3  4  5  6  7  8  9  A  B  C  D  E  F  0123456789ABCDEF
2e65ee24  c3 48 3e 08 75 f4 ab ea                          .H>.u...
[+] IN (64/338):
           0  1  2  3  4  5  6  7  8  9  A  B  C  D  E  F  0123456789ABCDEF
2e65f677  f6 b2 9a 8f 80 18 2d a4 bc 5c 42 1c 43 c5 7c 15  ......-..\B.C.|.
2e65f687  ac 29 9b 57 cd cc ad c2 6b c7 96 1e 72 64 0e 08  .).W....k...rd..
2e65f697  10 2b 42 6e ff 9c 4a d5 8d ad df 54 a3 c1 9c 15  .+Bn..J....T....
2e65f6a7  ea 9d 18 0f 09 bf fb a1 64 46 e9 f0 a2 08 68 2d  ........dF....h-
[+] OUT after DECRYPT (64/338):
           0  1  2  3  4  5  6  7  8  9  A  B  C  D  E  F  0123456789ABCDEF
2e65ea33  1c 00 00 00 4e 60 77 81 40 63 47 36 ec 1a 68 d0  ....N`w.@cG6..h.
2e65ea43  90 3e ef aa 63 fa 52 e4 5c db 20 b6 5e 2c 86 0d  .>..c.R.\. .^,..
2e65ea53  08 00 00 00 3b 1e fd f1 74 fa 49 dc 08 00 00 00  ....;...t.I.....
2e65ea63  5c 50 86 22 a4 3b 71 54 80 00 00 00 41 33 32 30  \P.".;qT....A320

[+] ===== NEW BF_KEY CONTEXT: 0x2e65e978 =====
[+] First seen at call #3 (ENCRYPT)
[+] Memory BEFORE BF_KEY (-128 bytes):
           0  1  2  3  4  5  6  7  8  9  A  B  C  D  E  F  0123456789ABCDEF
2e65e8f8  68 74 b8 01 48 ee 14 02 5c 0a 15 02 78 e9 65 2e  ht..H...\...x.e.
2e65e908  5c 0a 15 02 f0 10 24 01 48 ee 14 02 5c 0a 15 02  \.....$.H...\...
2e65e918  3c ee 65 2e 38 e9 65 2e 00 00 00 00 78 e9 65 2e  <.e.8.e.....x.e.
2e65e928  5c 0a 15 02 fc e9 65 2e 02 02 00 00 28 c4 79 17  \.....e.....(.y.
2e65e938  8a 08 e5 01 fc e9 65 2e 68 ee 65 2e bc 00 00 00  ......e.h.e.....
2e65e948  78 e9 65 2e 30 ee 65 2e 64 e9 65 2e 01 00 00 00  x.e.0.e.d.e.....
2e65e958  48 ee 14 02 5c 0a 15 02 00 00 00 00 00 00 00 00  H...\...........
2e65e968  b0 0e 66 2d b8 97 dd 30 5c 0a 15 02 b5 00 00 00  ..f-...0\.......
[+] BF_KEY region (320 bytes):
           0  1  2  3  4  5  6  7  8  9  A  B  C  D  E  F  0123456789ABCDEF
2e65e978  75 8a 29 db 1d 00 00 00 0c ff 83 3c 02 00 00 00  u.)........<....
2e65e988  48 45 ec 0d 02 00 00 00 e0 73 c2 f8 0b 00 00 00  HE.......s......
2e65e998  12 95 a9 38 00 00 00 00 c8 cf 7f fc 01 00 00 00  ...8............
2e65e9a8  80 00 11 4e 14 00 00 00 63 3f c1 f8 10 00 00 00  ...N....c?......
2e65e9b8  92 e0 23 85 12 00 00 00 87 60 49 8f 12 00 00 00  ..#......`I.....
2e65e9c8  3b 97 bc 9f 14 00 00 00 7b 9a 96 22 09 00 00 00  ;.......{.."....
2e65e9d8  fa ff 92 b8 01 00 00 00 c7 9e d1 f6 18 00 00 00  ................
2e65e9e8  dd 3a c5 f6 02 00 00 00 6e f9 66 5a 04 00 00 00  .:......n.fZ....
2e65e9f8  00 00 00 00 4c fe ad 6c d5 49 cc b5 00 00 00 21  ....L..l.I.....!
2e65ea08  00 00 00 21 60 58 b8 57 e5 c7 ca ce 6f 8f 20 60  ...!`X.W....o. `
2e65ea18  ad 09 20 e6 8b a9 07 da 5b 01 09 07 10 1a 18 30  .. .....[......0
2e65ea28  19 4c 67 4e 80 00 00 00 32 45 44 37 35 35 32 43  .LgN....2ED7552C
2e65ea38  35 42 34 39 45 30 44 39 32 44 38 32 43 36 36 46  5B49E0D92D82C66F
2e65ea48  44 30 30 30 38 31 38 34 38 41 31 44 30 44 31 43  D00081848A1D0D1C
2e65ea58  35 30 41 30 44 38 30 31 35 44 43 35 30 39 41 44  50A0D8015DC509AD
2e65ea68  32 32 33 46 37 30 45 31 31 31 41 41 39 45 41 38  223F70E111AA9EA8
2e65ea78  32 39 32 43 39 37 38 38 37 38 38 33 30 33 33 34  292C978878830334
2e65ea88  44 30 41 42 45 42 44 44 32 44 32 39 46 37 42 39  D0ABEBDD2D29F7B9
2e65ea98  32 31 35 35 44 33 32 35 41 37 36 46 32 42 32 35  2155D325A76F2B25
2e65eaa8  33 42 38 35 44 34 38 46 54 51 43 6c 69 65 6e 74  3B85D48FTQClient
[+] ===== END NEW CONTEXT =====

[+] #3 | ENCRYPT | 188B | key=0x2e65e978
[+] IV:
           0  1  2  3  4  5  6  7  8  9  A  B  C  D  E  F  0123456789ABCDEF
2e65ee30  00 00 00 00 00 00 00 00                          ........
[+] IN (64/188):
           0  1  2  3  4  5  6  7  8  9  A  B  C  D  E  F  0123456789ABCDEF
2e65e9fc  4c fe ad 6c d5 49 cc b5 00 00 00 21 00 00 00 21  L..l.I.....!...!
2e65ea0c  60 58 b8 57 e5 c7 ca ce 6f 8f 20 60 ad 09 20 e6  `X.W....o. `.. .
2e65ea1c  8b a9 07 da 5b 01 09 07 10 1a 18 30 19 4c 67 4e  ....[......0.LgN
2e65ea2c  80 00 00 00 32 45 44 37 35 35 32 43 35 42 34 39  ....2ED7552C5B49
[+] OUT after ENCRYPT (64/188):
           0  1  2  3  4  5  6  7  8  9  A  B  C  D  E  F  0123456789ABCDEF
2e65ee68  f0 74 2d 89 6a f9 d8 a8 20 03 38 33 d1 af 15 ea  .t-.j... .83....
2e65ee78  a7 09 a2 9b cf 7a 0e 1f 53 2a ec f4 02 0f 18 ba  .....z..S*......
2e65ee88  cb c9 a5 39 a6 5c a9 5b a5 2d 99 02 d5 16 fe e4  ...9.\.[.-......
2e65ee98  c5 66 56 19 78 6c 5a fc 79 fe 0a 71 62 cd 8d cc  .fV.xlZ.y..qb...
[!] Returned: 3
[!] *** BLOWFISH MODE ACTIVATED ***
[!] ===== HANDSHAKE ENDED =====


[CTX] ===== ENCRYPT WRAPPER CONTEXT =====
[CTX] ptr: 0x214fe50
[CTX] dump (512 bytes):
           0  1  2  3  4  5  6  7  8  9  A  B  C  D  E  F  0123456789ABCDEF
0214fe50  34 00 7d 09 40 45 c8 28 6e 7c eb 1b a0 65 66 3c  4.}.@E.(n|...ef<
0214fe60  1a 82 fd 21 d7 6b 3e 6a c3 b5 20 95 46 63 d8 ba  ...!.k>j.. .Fc..
0214fe70  67 ed 38 d6 e5 0d dd 38 68 68 06 8b fb 3f ef 97  g.8....8hh...?..
0214fe80  da e9 3c ab 00 00 00 00 00 00 00 00 00 00 00 00  ..<.............
0214fe90  00 00 00 00 00 00 00 00 00 00 00 00 00 00 00 00  ................
0214fea0  00 00 00 00 00 00 00 00 00 00 00 00 00 00 00 00  ................
0214feb0  00 00 00 00 00 00 00 00 00 00 00 00 00 00 00 00  ................
0214fec0  00 00 00 00 00 00 00 00 00 00 00 00 00 00 00 00  ................
0214fed0  00 00 00 00 00 00 00 00 00 00 00 00 00 00 00 00  ................
0214fee0  00 00 00 00 00 00 00 00 00 00 00 00 00 00 00 00  ................
0214fef0  00 00 00 00 00 00 00 00 00 00 00 00 00 00 00 00  ................
0214ff00  00 00 00 00 00 00 00 00 00 00 00 00 00 00 00 00  ................
0214ff10  00 00 00 00 00 00 00 00 00 00 00 00 00 00 00 00  ................
0214ff20  00 00 00 00 00 00 00 00 00 00 00 00 00 00 00 00  ................
0214ff30  00 00 00 00 00 00 00 00 00 00 00 00 00 00 00 00  ................
0214ff40  00 00 00 00 00 00 00 00 00 00 00 00 00 00 00 00  ................
0214ff50  00 00 00 00 00 00 00 00 00 00 00 00 00 00 00 00  ................
0214ff60  00 00 00 00 00 00 00 00 00 00 00 00 00 00 00 00  ................
0214ff70  00 00 00 00 00 00 00 00 00 00 00 00 00 00 00 00  ................
0214ff80  00 00 00 00 00 00 00 00 00 00 00 00 00 00 00 00  ................
0214ff90  00 00 00 00 00 00 00 00 00 00 00 00 00 00 00 00  ................
0214ffa0  00 00 00 00 00 00 00 00 00 00 00 00 00 00 00 00  ................
0214ffb0  00 00 00 00 00 00 00 00 00 00 00 00 00 00 00 00  ................
0214ffc0  00 00 00 00 00 00 00 00 00 00 00 00 00 00 00 00  ................
0214ffd0  00 00 00 00 00 00 00 00 00 00 00 00 00 00 00 00  ................
0214ffe0  00 00 00 00 00 00 00 00 00 00 00 00 00 00 00 00  ................
0214fff0  00 00 00 00 00 00 00 00 00 00 00 00 00 00 00 00  ................
02150000  00 00 00 00 00 00 00 00 00 00 00 00 00 00 00 00  ................
02150010  00 00 00 00 00 00 00 00 00 00 00 00 00 00 00 00  ................
02150020  00 00 00 00 00 00 00 00 00 00 00 00 00 00 00 00  ................
02150030  00 00 00 00 00 00 00 00 00 00 00 00 00 00 00 00  ................
02150040  00 00 00 00 00 00 00 00 00 00 00 00 00 00 00 00  ................
[CTX] ===== END =====


[+] ===== NEW BF_KEY CONTEXT: 0x2150a9c =====
[+] First seen at call #4 (ENCRYPT)
[+] Memory BEFORE BF_KEY (-128 bytes):
           0  1  2  3  4  5  6  7  8  9  A  B  C  D  E  F  0123456789ABCDEF
02150a1c  00 00 00 00 00 00 00 00 00 00 00 00 00 00 00 00  ................
02150a2c  00 00 00 00 00 00 00 00 00 00 00 00 00 00 00 00  ................
02150a3c  00 00 00 00 00 00 00 00 00 00 00 00 00 00 00 00  ................
02150a4c  00 00 00 00 02 00 00 00 00 00 00 00 48 ab 13 02  ............H...
02150a5c  c0 0a f6 15 00 00 00 00 00 00 00 00 01 3b 1e fd  .............;..
02150a6c  f1 74 fa 49 dc 5c 50 86 22 a4 3b 71 54 52 33 58  .t.I.\P.".;qTR3X
02150a7c  78 39 37 72 61 35 69 38 44 36 75 5a 7a 00 00 00  x97ra5i8D6uZz...
02150a8c  00 00 00 00 00 00 00 00 00 00 00 00 00 00 00 00  ................
[+] BF_KEY region (320 bytes):
           0  1  2  3  4  5  6  7  8  9  A  B  C  D  E  F  0123456789ABCDEF
02150a9c  d3 d1 e0 dc 14 00 00 00 d4 13 b6 2e 02 00 00 00  ................
02150aac  48 ca 6a 6f 1c 00 00 00 1c da 20 2f 0b 00 00 00  H.jo...... /....
02150abc  1c 00 d6 5f 15 00 00 00 8b 17 64 b1 03 00 00 00  ..._......d.....
02150acc  0b a5 af c7 18 00 00 00 a4 a8 7d 8a 16 00 00 00  ..........}.....
02150adc  40 f6 d2 3e 09 00 00 00 7c 05 8e 5e 1f 00 00 00  @..>....|..^....
02150aec  d1 e3 4a fd 04 00 00 00 1f 9b 0d 90 0b 00 00 00  ..J.............
02150afc  31 83 b4 6e 12 00 00 00 42 7d 72 be 03 00 00 00  1..n....B}r.....
02150b0c  2b df c8 92 13 00 00 00 df 92 be 2b 02 00 00 00  +..........+....
02150b1c  00 00 00 00 0c 00 00 00 00 00 00 00 0a d1 66 8e  ..............f.
02150b2c  46 cd 02 f2 b2 69 0e 86 0e 25 6a 2a ba 01 36 fe  F....i...%j*..6.
02150b3c  76 fd 52 e2 22 99 de f6 3e d5 ba 1a 2a b1 c6 6e  v.R."...>...*..n
02150b4c  66 ad 62 d2 d2 c9 6e 66 2e 85 ca 0a da e1 96 de  f.b...nf........
02150b5c  96 5d b2 c2 42 79 3e d6 5e b5 1a fa 4a 11 26 4e  .]..By>.^...J.&N
02150b6c  86 0d c2 b2 f2 a9 ce 46 4e 65 2a ea fa 41 f6 be  .......FNe*..A..
02150b7c  b6 3d 12 a2 62 d9 9e b6 7e 15 7a da 6a f1 86 2e  .=..b...~.z.j...
02150b8c  a6 ed 22 92 12 09 2e 26 6e c5 8a ca 1a 21 56 9e  .."....&n....!V.
02150b9c  d6 9d 72 82 82 b9 fe 96 9e f5 da ba 8a 51 e6 0e  ..r..........Q..
02150bac  c6 4d 82 72 32 e9 8e 06 8e a5 ea aa 3a 81 b6 7e  .M.r2.......:..~
02150bbc  f6 7d d2 62 a2 19 5e 76 be 55 3a 9a aa 31 46 ee  .}.b..^v.U:..1F.
02150bcc  e6 2d e2 52 52 49 ee e6 ae 05 4a 8a 5a 61 16 5e  .-.RRI....J.Za.^
[+] ===== END NEW CONTEXT =====

[+] #4 | ENCRYPT | 52B | key=0x2150a9c
[+] IV:
           0  1  2  3  4  5  6  7  8  9  A  B  C  D  E  F  0123456789ABCDEF
02150a71  5c 50 86 22 a4 3b 71 54                          \P.".;qT
[+] IN (52/52):
           0  1  2  3  4  5  6  7  8  9  A  B  C  D  E  F  0123456789ABCDEF
0214fe50  34 00 7d 09 40 45 c8 28 6e 7c eb 1b a0 65 66 3c  4.}.@E.(n|...ef<
0214fe60  1a 82 fd 21 d7 6b 3e 6a c3 b5 20 95 46 63 d8 ba  ...!.k>j.. .Fc..
0214fe70  67 ed 38 d6 e5 0d dd 38 68 68 06 8b fb 3f ef 97  g.8....8hh...?..
0214fe80  da e9 3c ab                                      ..<.
[+] OUT after ENCRYPT (52/52):
           0  1  2  3  4  5  6  7  8  9  A  B  C  D  E  F  0123456789ABCDEF
0214ee50  44 00 0e 7c 2d f0 70 35 27 6e 45 dc 66 36 98 58  D..|-.p5'nE.f6.X
0214ee60  7e 19 92 5a f8 e0 e2 9c bd 1e 8f e3 83 cb 9e 7c  ~..Z...........|
0214ee70  0b b4 01 ab 9f ca 51 f2 f4 7f 16 46 f8 af 51 42  ......Q....F..QB
0214ee80  62 97 fd 9d                                      b...
[+] #5 | ENCRYPT | 8B | key=0x2150a9c
[+] IV:
           0  1  2  3  4  5  6  7  8  9  A  B  C  D  E  F  0123456789ABCDEF
02150a71  62 97 fd 9d f7 f0 ff cf                          b.......
[+] IN (8/8):
           0  1  2  3  4  5  6  7  8  9  A  B  C  D  E  F  0123456789ABCDEF
016f83f8  54 51 43 6c 69 65 6e 74                          TQClient
[+] OUT after ENCRYPT (8/8):
           0  1  2  3  4  5  6  7  8  9  A  B  C  D  E  F  0123456789ABCDEF
0214ee50  a3 a1 bc a3 e2 5c c2 1a                          .....\..

[CTX] ===== DECRYPT WRAPPER CONTEXT =====
[CTX] ptr: 0x2e65fe9c
[CTX] dump (512 bytes):
[CTX] ===== END =====

[+] #6 | DECRYPT | 2B | key=0x2150a9c
[+] IV:
           0  1  2  3  4  5  6  7  8  9  A  B  C  D  E  F  0123456789ABCDEF
02150a69  3b 1e fd f1 74 fa 49 dc                          ;...t.I.
[+] IN (2/2):
           0  1  2  3  4  5  6  7  8  9  A  B  C  D  E  F  0123456789ABCDEF
2e65fe9c  78 b3                                            x.
[+] OUT after DECRYPT (2/2):
           0  1  2  3  4  5  6  7  8  9  A  B  C  D  E  F  0123456789ABCDEF
0214ee50  38 00                                            8.
[+] #7 | DECRYPT | 62B | key=0x2150a9c
[+] IV:
           0  1  2  3  4  5  6  7  8  9  A  B  C  D  E  F  0123456789ABCDEF
02150a69  78 b3 2e 32 36 fd 5b 61                          x..26.[a
[+] IN (62/62):
           0  1  2  3  4  5  6  7  8  9  A  B  C  D  E  F  0123456789ABCDEF
0214f652  17 3b 3e 02 a4 9e bf 31 e2 70 82 95 30 76 ed ed  .;>....1.p..0v..
0214f662  82 56 2e ac 46 79 75 b8 d5 1f 35 7c de 99 cd fe  .V..Fyu...5|....
0214f672  2d 2f 15 b1 0f 2c bd 83 49 7d db a1 bf ff 95 27  -/...,..I}.....'
0214f682  c1 9e 00 bd 92 92 15 4a 7d 1d 87 fb 1d 33        .......J}....3
[+] OUT after DECRYPT (62/62):
           0  1  2  3  4  5  6  7  8  9  A  B  C  D  E  F  0123456789ABCDEF
0214ee50  39 09 08 ff ff ff 07 10 b5 10 18 00 20 c7 09 30  9........... ..0
0214ee60  00 38 00 40 01 48 00 72 06 53 59 53 54 45 4d 72  .8.@.H.r.SYSTEMr
0214ee70  08 41 4c 4c 55 53 45 52 53 72 00 72 09 41 4e 53  .ALLUSERSr.r.ANS
0214ee80  57 45 52 5f 4f 4b 54 51 53 65 72 76 65 72        WER_OKTQServer
[+] #8 | DECRYPT | 2B | key=0x2150a9c
[+] IV:
           0  1  2  3  4  5  6  7  8  9  A  B  C  D  E  F  0123456789ABCDEF
02150a69  15 4a 7d 1d 87 fb 1d 33                          .J}....3
[+] IN (2/2):
           0  1  2  3  4  5  6  7  8  9  A  B  C  D  E  F  0123456789ABCDEF
2e65fe9c  f6 71                                            .q
[+] OUT after DECRYPT (2/2):
           0  1  2  3  4  5  6  7  8  9  A  B  C  D  E  F  0123456789ABCDEF
0214ee50  0c 00                                            ..
[+] #9 | DECRYPT | 18B | key=0x2150a9c
[+] IV:
           0  1  2  3  4  5  6  7  8  9  A  B  C  D  E  F  0123456789ABCDEF
02150a69  f6 71 26 57 6f 9d b2 ff                          .q&Wo...
[+] IN (18/18):
           0  1  2  3  4  5  6  7  8  9  A  B  C  D  E  F  0123456789ABCDEF
0214f652  75 5e 6f 9d b2 ff aa d8 93 a4 0b 6a 4a 45 5f a4  u^o........jJE_.
0214f662  7c 61                                            |a
[+] OUT after DECRYPT (18/18):
           0  1  2  3  4  5  6  7  8  9  A  B  C  D  E  F  0123456789ABCDEF
0214ee50  53 09 00 00 00 00 00 00 00 00 54 51 53 65 72 76  S.........TQServ
0214ee60  65 72                                            er
[+] #10 | DECRYPT | 2B | key=0x2150a9c
[+] IV:
           0  1  2  3  4  5  6  7  8  9  A  B  C  D  E  F  0123456789ABCDEF
02150a69  5f a4 7c 61 e9 18 80 90                          _.|a....
[+] IN (2/2):
           0  1  2  3  4  5  6  7  8  9  A  B  C  D  E  F  0123456789ABCDEF
2e65fe9c  ed 1a                                            ..
[+] OUT after DECRYPT (2/2):
           0  1  2  3  4  5  6  7  8  9  A  B  C  D  E  F  0123456789ABCDEF
0214ee50  04 02                                            ..
[+] #11 | DECRYPT | 522B | key=0x2150a9c
[+] IV:
           0  1  2  3  4  5  6  7  8  9  A  B  C  D  E  F  0123456789ABCDEF
02150a69  5f a4 7c 61 ed 1a 80 90                          _.|a....
[+] IN (64/522):
           0  1  2  3  4  5  6  7  8  9  A  B  C  D  E  F  0123456789ABCDEF
0214f652  be 99 17 dc de b5 9c 8e f6 9c b7 81 83 42 1c 6f  .............B.o
0214f662  ab 8d f5 b2 70 8b 24 70 7f 05 67 13 1e 79 0c f1  ....p.$p..g..y..
0214f672  1c 30 48 e6 66 d3 84 b2 0c 1d 88 2f 75 ca 2c a4  .0H.f....../u.,.
0214f682  8f c5 c8 f6 12 7c 6d c9 08 29 59 93 a1 50 e0 ef  .....|m..)Y..P..
[+] OUT after DECRYPT (64/522):
           0  1  2  3  4  5  6  7  8  9  A  B  C  D  E  F  0123456789ABCDEF
0214ee50  3e 09 00 00 00 00 00 00 00 00 00 00 00 00 00 00  >...............
0214ee60  00 00 00 00 00 00 00 00 00 00 00 00 00 00 00 00  ................
0214ee70  00 00 00 00 00 00 00 00 00 00 00 00 00 00 00 00  ................
0214ee80  00 00 00 00 00 00 00 00 00 00 00 00 00 00 00 00  ................
[+] #12 | DECRYPT | 2B | key=0x2150a9c
[+] IV:
           0  1  2  3  4  5  6  7  8  9  A  B  C  D  E  F  0123456789ABCDEF
02150a69  a3 e2 51 77 f1 72 79 d4                          ..Qw.ry.
[+] IN (2/2):
           0  1  2  3  4  5  6  7  8  9  A  B  C  D  E  F  0123456789ABCDEF
2e65fe9c  6d f6                                            m.
[+] OUT after DECRYPT (2/2):
           0  1  2  3  4  5  6  7  8  9  A  B  C  D  E  F  0123456789ABCDEF
0214ee50  40 00                                            @.
[+] #13 | DECRYPT | 70B | key=0x2150a9c
[+] IV:
           0  1  2  3  4  5  6  7  8  9  A  B  C  D  E  F  0123456789ABCDEF
02150a69  6d f6 e1 0f 71 53 8a fe                          m...qS..
[+] IN (64/70):
           0  1  2  3  4  5  6  7  8  9  A  B  C  D  E  F  0123456789ABCDEF
0214f652  d8 06 79 ac 75 01 a2 2f c8 89 72 45 41 2d be 64  ..y.u../..rEA-.d
0214f662  6a b8 48 e2 07 18 7f 2b 86 64 4a 03 56 c5 4d 36  j.H....+.dJ.V.M6
0214f672  62 fb 99 0c a4 3a fb b0 a3 2b f7 ba 64 cc 5f 18  b....:...+..d._.
0214f682  45 3e 37 fb bd d0 0c 54 04 6f e3 60 ca ba 75 9b  E>7....T.o.`..u.
[+] OUT after DECRYPT (64/70):
           0  1  2  3  4  5  6  7  8  9  A  B  C  D  E  F  0123456789ABCDEF
0214ee50  39 09 08 ff ff ff 07 10 d0 0f 18 00 20 c7 09 30  9........... ..0
0214ee60  00 38 00 40 01 48 00 72 06 53 59 53 54 45 4d 72  .8.@.H.r.SYSTEMr
0214ee70  07 4c 65 70 6f 53 65 6e 72 00 72 12 53 54 52 5f  .LepoSenr.r.STR_
0214ee80  46 45 45 54 59 50 45 5f 46 52 45 45 40 40 54 51  FEETYPE_FREE@@TQ
[+] #14 | DECRYPT | 2B | key=0x2150a9c
[+] IV:
           0  1  2  3  4  5  6  7  8  9  A  B  C  D  E  F  0123456789ABCDEF
02150a69  75 9b cc f4 ed ad 54 be                          u.....T.
[+] IN (2/2):
           0  1  2  3  4  5  6  7  8  9  A  B  C  D  E  F  0123456789ABCDEF
2e65fe9c  bc 66                                            .f
[+] OUT after DECRYPT (2/2):
           0  1  2  3  4  5  6  7  8  9  A  B  C  D  E  F  0123456789ABCDEF
0214ee50  41 00                                            A.
[+] #15 | DECRYPT | 71B | key=0x2150a9c
[+] IV:
           0  1  2  3  4  5  6  7  8  9  A  B  C  D  E  F  0123456789ABCDEF
02150a69  bc 66 81 72 44 82 16 f6                          .f.rD...
[+] IN (64/71):
           0  1  2  3  4  5  6  7  8  9  A  B  C  D  E  F  0123456789ABCDEF
0214f652  b8 7b 4c 7d e9 09 cb a2 24 36 50 fe 98 b3 98 9e  .{L}....$6P.....
0214f662  34 7b c9 5e bc 2b 49 80 f1 d9 76 79 b2 d8 8e 2c  4{.^.+I...vy...,
0214f672  98 48 b0 00 95 14 71 f7 89 14 c8 6f 41 2d 85 5c  .H....q....oA-.\
0214f682  36 6f fb 89 f3 34 3f b3 3c de 17 5b 8d bc 85 90  6o...4?.<..[....
[+] OUT after DECRYPT (64/71):
           0  1  2  3  4  5  6  7  8  9  A  B  C  D  E  F  0123456789ABCDEF
0214ee50  39 09 08 ff ff ff 07 10 d0 0f 18 00 20 c7 09 30  9........... ..0
0214ee60  00 38 00 40 01 48 00 72 06 53 59 53 54 45 4d 72  .8.@.H.r.SYSTEMr
0214ee70  07 4c 65 70 6f 53 65 6e 72 00 72 13 53 54 52 5f  .LepoSenr.r.STR_
0214ee80  46 45 45 54 59 50 45 5f 4b 4e 4f 57 4e 40 40 54  FEETYPE_KNOWN@@T
[+] #16 | ENCRYPT | 10B | key=0x2150a9c
[+] IV:
           0  1  2  3  4  5  6  7  8  9  A  B  C  D  E  F  0123456789ABCDEF
02150a71  e2 5c c2 1a e4 a9 9e 57                          .\.....W
[+] IN (10/10):
           0  1  2  3  4  5  6  7  8  9  A  B  C  D  E  F  0123456789ABCDEF
0214fe50  0a 00 f9 09 08 04 48 01 50 04                    ......H.P.
[+] OUT after ENCRYPT (10/10):
           0  1  2  3  4  5  6  7  8  9  A  B  C  D  E  F  0123456789ABCDEF
0214ee50  ee a9 67 5e 39 77 a3 8a 4f 39                    ..g^9w..O9
[+] #17 | ENCRYPT | 8B | key=0x2150a9c
[+] IV:
           0  1  2  3  4  5  6  7  8  9  A  B  C  D  E  F  0123456789ABCDEF
02150a71  39 77 a3 8a 4f 39 6b 57                          9w..O9kW
[+] IN (8/8):
           0  1  2  3  4  5  6  7  8  9  A  B  C  D  E  F  0123456789ABCDEF
016f83f8  54 51 43 6c 69 65 6e 74                          TQClient
[+] OUT after ENCRYPT (8/8):
           0  1  2  3  4  5  6  7  8  9  A  B  C  D  E  F  0123456789ABCDEF
0214ee50  3f 06 a4 05 7e be 1a 3d                          ?...~..=
[+] #18 | DECRYPT | 2B | key=0x2150a9c
[+] IV:
           0  1  2  3  4  5  6  7  8  9  A  B  C  D  E  F  0123456789ABCDEF
02150a69  c3 d5 cc 8d 39 35 81 77                          ....95.w
[+] IN (2/2):
           0  1  2  3  4  5  6  7  8  9  A  B  C  D  E  F  0123456789ABCDEF
2e65fe9c  c9 cc                                            ..
[+] OUT after DECRYPT (2/2):
           0  1  2  3  4  5  6  7  8  9  A  B  C  D  E  F  0123456789ABCDEF
0214ee50  1c 00                                            ..
[+] #19 | DECRYPT | 34B | key=0x2150a9c
[+] IV:
           0  1  2  3  4  5  6  7  8  9  A  B  C  D  E  F  0123456789ABCDEF
02150a69  c3 c9 cc 8d 39 35 81 77                          ....95.w
[+] IN (34/34):
           0  1  2  3  4  5  6  7  8  9  A  B  C  D  E  F  0123456789ABCDEF
0214f652  3e 31 3d 81 67 16 f4 2f 1d ad 4c 82 8d b8 8b a7  >1=.g../..L.....
0214f662  0f 0c 87 79 e9 79 e8 ae 20 d6 b7 e3 6b 85 df 3a  ...y.y.. ...k..:
0214f672  ef 3d                                            .=
[+] OUT after DECRYPT (34/34):
           0  1  2  3  4  5  6  7  8  9  A  B  C  D  E  F  0123456789ABCDEF
0214ee50  b3 08 08 00 10 7e 18 02 20 57 28 1d 30 0c 38 17  .....~.. W(.0.8.
0214ee60  40 39 48 dd 94 a6 ce 06 50 00 54 51 53 65 72 76  @9H.....P.TQServ
0214ee70  65 72                                            er
[+] #20 | DECRYPT | 2B | key=0x2150a9c
[+] IV:
           0  1  2  3  4  5  6  7  8  9  A  B  C  D  E  F  0123456789ABCDEF
02150a69  85 df 3a ef 3d a1 52 95                          ..:.=.R.
[+] IN (2/2):
           0  1  2  3  4  5  6  7  8  9  A  B  C  D  E  F  0123456789ABCDEF
2e65fe9c  e1 52                                            .R
[+] OUT after DECRYPT (2/2):
           0  1  2  3  4  5  6  7  8  9  A  B  C  D  E  F  0123456789ABCDEF
0214ee50  40 00                                            @.
[+] #200 | DECRYPT | 2B | key=0x2150a9c
[+] IV:
           0  1  2  3  4  5  6  7  8  9  A  B  C  D  E  F  0123456789ABCDEF
02150a69  99 aa af 53 07 09 81 c4                          ...S....
[+] IN (2/2):
           0  1  2  3  4  5  6  7  8  9  A  B  C  D  E  F  0123456789ABCDEF
2e65fe9c  19 07                                            ..
[+] OUT after DECRYPT (2/2):
           0  1  2  3  4  5  6  7  8  9  A  B  C  D  E  F  0123456789ABCDEF
0214ee50  4a 00                                            J.
[+] #400 | DECRYPT | 2B | key=0x2150a9c
[+] IV:
           0  1  2  3  4  5  6  7  8  9  A  B  C  D  E  F  0123456789ABCDEF
02150a69  0e 3c ae 5a 57 2f 12 95                          .<.ZW/..
[+] IN (2/2):
           0  1  2  3  4  5  6  7  8  9  A  B  C  D  E  F  0123456789ABCDEF
2e65fe9c  1c 95                                            ..
[+] OUT after DECRYPT (2/2):
           0  1  2  3  4  5  6  7  8  9  A  B  C  D  E  F  0123456789ABCDEF
0214ee50  0e 00                                            ..
